<!doctype html public "-//w3c//dtd html 4.0 transitional//en">
<html><head>
<title>Static Call Graph - [.\Objects\MAH_ST0301.axf]</title></head>
<body><HR>
<H1>Static Call Graph for image .\Objects\MAH_ST0301.axf</H1><HR>
<BR><P>#&#060CALLGRAPH&#062# ARM Linker, 5060750: Last Updated: Wed Oct 19 19:03:51 2022
<BR><P>
<H3>Maximum Stack Usage =       2252 bytes + Unknown(Functions without stacksize, Cycles, Untraceable Function Pointers)</H3><H3>
Call chain for Maximum Stack Depth:</H3>
__rt_entry_main &rArr; main &rArr; LCD_ScrollDisplay &rArr; USB &rArr; USB_Check_Authentication &rArr; f_open &rArr; mount_volume &rArr; disk_ioctl &rArr; disk_ioctl_MMC_SD &rArr;  disk_ioctl_MMC_SD (Cycle)
<P>
<H3>
Functions with no stack information
</H3><UL>
 <LI><a href="#[67]">__user_initial_stackheap</a>
</UL>
</UL>
<P>
<H3>
Mutually Recursive functions
</H3> <LI><a href="#[4]">NMI_Handler</a>&nbsp;&nbsp;&nbsp;&rArr;&nbsp;&nbsp;&nbsp;<a href="#[4]">NMI_Handler</a><BR>
 <LI><a href="#[5]">HardFault_Handler</a>&nbsp;&nbsp;&nbsp;&rArr;&nbsp;&nbsp;&nbsp;<a href="#[5]">HardFault_Handler</a><BR>
 <LI><a href="#[6]">MemManage_Handler</a>&nbsp;&nbsp;&nbsp;&rArr;&nbsp;&nbsp;&nbsp;<a href="#[6]">MemManage_Handler</a><BR>
 <LI><a href="#[7]">BusFault_Handler</a>&nbsp;&nbsp;&nbsp;&rArr;&nbsp;&nbsp;&nbsp;<a href="#[7]">BusFault_Handler</a><BR>
 <LI><a href="#[8]">UsageFault_Handler</a>&nbsp;&nbsp;&nbsp;&rArr;&nbsp;&nbsp;&nbsp;<a href="#[8]">UsageFault_Handler</a><BR>
 <LI><a href="#[9]">SVC_Handler</a>&nbsp;&nbsp;&nbsp;&rArr;&nbsp;&nbsp;&nbsp;<a href="#[9]">SVC_Handler</a><BR>
 <LI><a href="#[a]">DebugMon_Handler</a>&nbsp;&nbsp;&nbsp;&rArr;&nbsp;&nbsp;&nbsp;<a href="#[a]">DebugMon_Handler</a><BR>
 <LI><a href="#[b]">PendSV_Handler</a>&nbsp;&nbsp;&nbsp;&rArr;&nbsp;&nbsp;&nbsp;<a href="#[b]">PendSV_Handler</a><BR>
 <LI><a href="#[23]">ADC_IRQHandler</a>&nbsp;&nbsp;&nbsp;&rArr;&nbsp;&nbsp;&nbsp;<a href="#[23]">ADC_IRQHandler</a><BR>
 <LI><a href="#[169]">send_cmd</a>&nbsp;&nbsp;&nbsp;&rArr;&nbsp;&nbsp;&nbsp;<a href="#[169]">send_cmd</a><BR>
 <LI><a href="#[144]">f_read</a>&nbsp;&nbsp;&nbsp;&rArr;&nbsp;&nbsp;&nbsp;<a href="#[173]">disk_read</a><BR>
 <LI><a href="#[13f]">move_window</a>&nbsp;&nbsp;&nbsp;&rArr;&nbsp;&nbsp;&nbsp;<a href="#[173]">disk_read</a><BR>
 <LI><a href="#[7f]">f_lseek</a>&nbsp;&nbsp;&nbsp;&rArr;&nbsp;&nbsp;&nbsp;<a href="#[173]">disk_read</a><BR>
 <LI><a href="#[16c]">disk_ioctl_MMC_SD</a>&nbsp;&nbsp;&nbsp;&rArr;&nbsp;&nbsp;&nbsp;<a href="#[16c]">disk_ioctl_MMC_SD</a><BR>
 <LI><a href="#[16e]">vd_ioctl</a>&nbsp;&nbsp;&nbsp;&rArr;&nbsp;&nbsp;&nbsp;<a href="#[7e]">f_open</a><BR>
 <LI><a href="#[18b]">putc_bfd</a>&nbsp;&nbsp;&nbsp;&rArr;&nbsp;&nbsp;&nbsp;<a href="#[18b]">putc_bfd</a><BR>
 <LI><a href="#[a3]">HTTP_Post</a>&nbsp;&nbsp;&nbsp;&rArr;&nbsp;&nbsp;&nbsp;<a href="#[ac]">PackOffLog</a><BR>
</UL>
<P>
<H3>
Function Pointers
</H3><UL>
 <LI><a href="#[23]">ADC_IRQHandler</a> from startup_lpc17xx.o(.text) referenced from startup_lpc17xx.o(RESET)
 <LI><a href="#[24]">BOD_IRQHandler</a> from bod.o(i.BOD_IRQHandler) referenced from startup_lpc17xx.o(RESET)
 <LI><a href="#[7]">BusFault_Handler</a> from startup_lpc17xx.o(.text) referenced from startup_lpc17xx.o(RESET)
 <LI><a href="#[2f]">CANActivity_IRQHandler</a> from startup_lpc17xx.o(.text) referenced from startup_lpc17xx.o(RESET)
 <LI><a href="#[26]">CAN_IRQHandler</a> from startup_lpc17xx.o(.text) referenced from startup_lpc17xx.o(RESET)
 <LI><a href="#[27]">DMA_IRQHandler</a> from startup_lpc17xx.o(.text) referenced from startup_lpc17xx.o(RESET)
 <LI><a href="#[a]">DebugMon_Handler</a> from startup_lpc17xx.o(.text) referenced from startup_lpc17xx.o(RESET)
 <LI><a href="#[1f]">EINT0_IRQHandler</a> from extintr.o(i.EINT0_IRQHandler) referenced from startup_lpc17xx.o(RESET)
 <LI><a href="#[20]">EINT1_IRQHandler</a> from extintr.o(i.EINT1_IRQHandler) referenced from startup_lpc17xx.o(RESET)
 <LI><a href="#[21]">EINT2_IRQHandler</a> from extintr.o(i.EINT2_IRQHandler) referenced from startup_lpc17xx.o(RESET)
 <LI><a href="#[22]">EINT3_IRQHandler</a> from extintr.o(i.EINT3_IRQHandler) referenced from startup_lpc17xx.o(RESET)
 <LI><a href="#[29]">ENET_IRQHandler</a> from startup_lpc17xx.o(.text) referenced from startup_lpc17xx.o(RESET)
 <LI><a href="#[5]">HardFault_Handler</a> from startup_lpc17xx.o(.text) referenced from startup_lpc17xx.o(RESET)
 <LI><a href="#[17]">I2C0_IRQHandler</a> from startup_lpc17xx.o(.text) referenced from startup_lpc17xx.o(RESET)
 <LI><a href="#[18]">I2C1_IRQHandler</a> from startup_lpc17xx.o(.text) referenced from startup_lpc17xx.o(RESET)
 <LI><a href="#[19]">I2C2_IRQHandler</a> from startup_lpc17xx.o(.text) referenced from startup_lpc17xx.o(RESET)
 <LI><a href="#[28]">I2S_IRQHandler</a> from startup_lpc17xx.o(.text) referenced from startup_lpc17xx.o(RESET)
 <LI><a href="#[2b]">MCPWM_IRQHandler</a> from startup_lpc17xx.o(.text) referenced from startup_lpc17xx.o(RESET)
 <LI><a href="#[6]">MemManage_Handler</a> from startup_lpc17xx.o(.text) referenced from startup_lpc17xx.o(RESET)
 <LI><a href="#[4]">NMI_Handler</a> from startup_lpc17xx.o(.text) referenced from startup_lpc17xx.o(RESET)
 <LI><a href="#[1d]">PLL0_IRQHandler</a> from startup_lpc17xx.o(.text) referenced from startup_lpc17xx.o(RESET)
 <LI><a href="#[2d]">PLL1_IRQHandler</a> from startup_lpc17xx.o(.text) referenced from startup_lpc17xx.o(RESET)
 <LI><a href="#[16]">PWM1_IRQHandler</a> from startup_lpc17xx.o(.text) referenced from startup_lpc17xx.o(RESET)
 <LI><a href="#[b]">PendSV_Handler</a> from startup_lpc17xx.o(.text) referenced from startup_lpc17xx.o(RESET)
 <LI><a href="#[2c]">QEI_IRQHandler</a> from startup_lpc17xx.o(.text) referenced from startup_lpc17xx.o(RESET)
 <LI><a href="#[2a]">RIT_IRQHandler</a> from startup_lpc17xx.o(.text) referenced from startup_lpc17xx.o(RESET)
 <LI><a href="#[1e]">RTC_IRQHandler</a> from rtc.o(i.RTC_IRQHandler) referenced from startup_lpc17xx.o(RESET)
 <LI><a href="#[3]">Reset_Handler</a> from startup_lpc17xx.o(.text) referenced from startup_lpc17xx.o(RESET)
 <LI><a href="#[1a]">SPI_IRQHandler</a> from startup_lpc17xx.o(.text) referenced from startup_lpc17xx.o(RESET)
 <LI><a href="#[1b]">SSP0_IRQHandler</a> from startup_lpc17xx.o(.text) referenced from startup_lpc17xx.o(RESET)
 <LI><a href="#[1c]">SSP1_IRQHandler</a> from startup_lpc17xx.o(.text) referenced from startup_lpc17xx.o(RESET)
 <LI><a href="#[9]">SVC_Handler</a> from startup_lpc17xx.o(.text) referenced from startup_lpc17xx.o(RESET)
 <LI><a href="#[c]">SysTick_Handler</a> from systick.o(i.SysTick_Handler) referenced from startup_lpc17xx.o(RESET)
 <LI><a href="#[30]">SystemInit</a> from system_lpc17xx.o(i.SystemInit) referenced from startup_lpc17xx.o(.text)
 <LI><a href="#[e]">TIMER0_IRQHandler</a> from startup_lpc17xx.o(.text) referenced from startup_lpc17xx.o(RESET)
 <LI><a href="#[f]">TIMER1_IRQHandler</a> from startup_lpc17xx.o(.text) referenced from startup_lpc17xx.o(RESET)
 <LI><a href="#[10]">TIMER2_IRQHandler</a> from startup_lpc17xx.o(.text) referenced from startup_lpc17xx.o(RESET)
 <LI><a href="#[11]">TIMER3_IRQHandler</a> from startup_lpc17xx.o(.text) referenced from startup_lpc17xx.o(RESET)
 <LI><a href="#[12]">UART0_IRQHandler</a> from uart.o(i.UART0_IRQHandler) referenced from startup_lpc17xx.o(RESET)
 <LI><a href="#[13]">UART1_IRQHandler</a> from uart.o(i.UART1_IRQHandler) referenced from startup_lpc17xx.o(RESET)
 <LI><a href="#[14]">UART2_IRQHandler</a> from startup_lpc17xx.o(.text) referenced from startup_lpc17xx.o(RESET)
 <LI><a href="#[15]">UART3_IRQHandler</a> from uart.o(i.UART3_IRQHandler) referenced from startup_lpc17xx.o(RESET)
 <LI><a href="#[2e]">USBActivity_IRQHandler</a> from startup_lpc17xx.o(.text) referenced from startup_lpc17xx.o(RESET)
 <LI><a href="#[25]">USB_IRQHandler</a> from usbhost_lpc17xx.o(i.USB_IRQHandler) referenced from startup_lpc17xx.o(RESET)
 <LI><a href="#[8]">UsageFault_Handler</a> from startup_lpc17xx.o(.text) referenced from startup_lpc17xx.o(RESET)
 <LI><a href="#[d]">WDT_IRQHandler</a> from startup_lpc17xx.o(.text) referenced from startup_lpc17xx.o(RESET)
 <LI><a href="#[36]">__main</a> from __main.o(!!!main) referenced from startup_lpc17xx.o(.text)
 <LI><a href="#[33]">_printf_input_char</a> from _printf_char_common.o(.text) referenced from _printf_char_common.o(.text)
 <LI><a href="#[32]">_sputc</a> from _sputc.o(.text) referenced from __2sprintf.o(.text)
 <LI><a href="#[34]">myExtIntrIsr_1</a> from lcd_scroll.o(i.myExtIntrIsr_1) referenced from lcd_scroll.o(i.LCD_ScrollDisplay)
 <LI><a href="#[34]">myExtIntrIsr_1</a> from lcd_scroll.o(i.myExtIntrIsr_1) referenced from main.o(i.main)
 <LI><a href="#[35]">myExtIntrIsr_3</a> from rain.o(i.myExtIntrIsr_3) referenced from main.o(i.main)
</UL>
<P>
<H3>
Global Symbols
</H3>
<P><STRONG><a name="[36]"></a>__main</STRONG> (Thumb, 8 bytes, Stack size 0 bytes, __main.o(!!!main))
<BR><BR>[Calls]<UL><LI><a href="#[38]">&gt;&gt;</a>&nbsp;&nbsp;&nbsp;__rt_entry
<LI><a href="#[37]">&gt;&gt;</a>&nbsp;&nbsp;&nbsp;__scatterload
</UL>

<P><STRONG><a name="[37]"></a>__scatterload</STRONG> (Thumb, 0 bytes, Stack size unknown bytes, __scatter.o(!!!scatter))
<BR><BR>[Called By]<UL><LI><a href="#[36]">&gt;&gt;</a>&nbsp;&nbsp;&nbsp;__main
</UL>

<P><STRONG><a name="[39]"></a>__scatterload_rt2</STRONG> (Thumb, 44 bytes, Stack size unknown bytes, __scatter.o(!!!scatter), UNUSED)
<BR><BR>[Calls]<UL><LI><a href="#[38]">&gt;&gt;</a>&nbsp;&nbsp;&nbsp;__rt_entry
</UL>

<P><STRONG><a name="[1e1]"></a>__scatterload_rt2_thumb_only</STRONG> (Thumb, 0 bytes, Stack size unknown bytes, __scatter.o(!!!scatter), UNUSED)

<P><STRONG><a name="[1e2]"></a>__scatterload_null</STRONG> (Thumb, 0 bytes, Stack size unknown bytes, __scatter.o(!!!scatter), UNUSED)

<P><STRONG><a name="[1e3]"></a>__decompress</STRONG> (Thumb, 100 bytes, Stack size unknown bytes, __dclz77c.o(!!dclz77c), UNUSED)

<P><STRONG><a name="[1e4]"></a>__decompress2</STRONG> (Thumb, 0 bytes, Stack size unknown bytes, __dclz77c.o(!!dclz77c), UNUSED)

<P><STRONG><a name="[1e5]"></a>__scatterload_zeroinit</STRONG> (Thumb, 28 bytes, Stack size unknown bytes, __scatter_zi.o(!!handler_zi), UNUSED)

<P><STRONG><a name="[3a]"></a>_printf_d</STRONG> (Thumb, 0 bytes, Stack size unknown bytes, _printf_d.o(.ARM.Collect$$_printf_percent$$00000009))
<BR><BR>[Stack]<UL><LI>Max Depth = 72 + Unknown Stack Size
<LI>Call Chain = _printf_d &rArr; _printf_int_dec &rArr; _printf_int_common &rArr; _printf_post_padding
</UL>
<BR>[Calls]<UL><LI><a href="#[3b]">&gt;&gt;</a>&nbsp;&nbsp;&nbsp;_printf_int_dec
</UL>

<P><STRONG><a name="[55]"></a>_printf_percent</STRONG> (Thumb, 0 bytes, Stack size unknown bytes, _printf_percent.o(.ARM.Collect$$_printf_percent$$00000000))
<BR><BR>[Called By]<UL><LI><a href="#[53]">&gt;&gt;</a>&nbsp;&nbsp;&nbsp;__printf
</UL>

<P><STRONG><a name="[3c]"></a>_printf_c</STRONG> (Thumb, 0 bytes, Stack size unknown bytes, _printf_c.o(.ARM.Collect$$_printf_percent$$00000013))
<BR><BR>[Stack]<UL><LI>Max Depth = 40 + Unknown Stack Size
<LI>Call Chain = _printf_c &rArr; _printf_char &rArr; _printf_cs_common &rArr; _printf_str &rArr; _printf_post_padding
</UL>
<BR>[Calls]<UL><LI><a href="#[3d]">&gt;&gt;</a>&nbsp;&nbsp;&nbsp;_printf_char
</UL>

<P><STRONG><a name="[3e]"></a>_printf_s</STRONG> (Thumb, 0 bytes, Stack size unknown bytes, _printf_s.o(.ARM.Collect$$_printf_percent$$00000014))
<BR><BR>[Stack]<UL><LI>Max Depth = 40 + Unknown Stack Size
<LI>Call Chain = _printf_s &rArr; _printf_string &rArr; _printf_cs_common &rArr; _printf_str &rArr; _printf_post_padding
</UL>
<BR>[Calls]<UL><LI><a href="#[3f]">&gt;&gt;</a>&nbsp;&nbsp;&nbsp;_printf_string
</UL>

<P><STRONG><a name="[1e6]"></a>_printf_percent_end</STRONG> (Thumb, 0 bytes, Stack size unknown bytes, _printf_percent_end.o(.ARM.Collect$$_printf_percent$$00000017))

<P><STRONG><a name="[43]"></a>__rt_lib_init</STRONG> (Thumb, 0 bytes, Stack size unknown bytes, libinit.o(.ARM.Collect$$libinit$$00000000))
<BR><BR>[Called By]<UL><LI><a href="#[42]">&gt;&gt;</a>&nbsp;&nbsp;&nbsp;__rt_entry_li
</UL>

<P><STRONG><a name="[1e7]"></a>__rt_lib_init_alloca_1</STRONG> (Thumb, 0 bytes, Stack size unknown bytes, libinit2.o(.ARM.Collect$$libinit$$0000002E))

<P><STRONG><a name="[1e8]"></a>__rt_lib_init_argv_1</STRONG> (Thumb, 0 bytes, Stack size unknown bytes, libinit2.o(.ARM.Collect$$libinit$$0000002C))

<P><STRONG><a name="[1e9]"></a>__rt_lib_init_atexit_1</STRONG> (Thumb, 0 bytes, Stack size unknown bytes, libinit2.o(.ARM.Collect$$libinit$$0000001B))

<P><STRONG><a name="[1ea]"></a>__rt_lib_init_clock_1</STRONG> (Thumb, 0 bytes, Stack size unknown bytes, libinit2.o(.ARM.Collect$$libinit$$00000021))

<P><STRONG><a name="[1eb]"></a>__rt_lib_init_cpp_1</STRONG> (Thumb, 0 bytes, Stack size unknown bytes, libinit2.o(.ARM.Collect$$libinit$$00000032))

<P><STRONG><a name="[1ec]"></a>__rt_lib_init_exceptions_1</STRONG> (Thumb, 0 bytes, Stack size unknown bytes, libinit2.o(.ARM.Collect$$libinit$$00000030))

<P><STRONG><a name="[1ed]"></a>__rt_lib_init_fp_1</STRONG> (Thumb, 0 bytes, Stack size unknown bytes, libinit2.o(.ARM.Collect$$libinit$$00000002))

<P><STRONG><a name="[1ee]"></a>__rt_lib_init_fp_trap_1</STRONG> (Thumb, 0 bytes, Stack size unknown bytes, libinit2.o(.ARM.Collect$$libinit$$0000001F))

<P><STRONG><a name="[1ef]"></a>__rt_lib_init_getenv_1</STRONG> (Thumb, 0 bytes, Stack size unknown bytes, libinit2.o(.ARM.Collect$$libinit$$00000023))

<P><STRONG><a name="[1f0]"></a>__rt_lib_init_heap_1</STRONG> (Thumb, 0 bytes, Stack size unknown bytes, libinit2.o(.ARM.Collect$$libinit$$0000000A))

<P><STRONG><a name="[1f1]"></a>__rt_lib_init_lc_collate_1</STRONG> (Thumb, 0 bytes, Stack size unknown bytes, libinit2.o(.ARM.Collect$$libinit$$00000011))

<P><STRONG><a name="[1f2]"></a>__rt_lib_init_lc_ctype_1</STRONG> (Thumb, 0 bytes, Stack size unknown bytes, libinit2.o(.ARM.Collect$$libinit$$00000013))

<P><STRONG><a name="[1f3]"></a>__rt_lib_init_lc_monetary_1</STRONG> (Thumb, 0 bytes, Stack size unknown bytes, libinit2.o(.ARM.Collect$$libinit$$00000015))

<P><STRONG><a name="[1f4]"></a>__rt_lib_init_lc_numeric_1</STRONG> (Thumb, 0 bytes, Stack size unknown bytes, libinit2.o(.ARM.Collect$$libinit$$00000017))

<P><STRONG><a name="[1f5]"></a>__rt_lib_init_lc_time_1</STRONG> (Thumb, 0 bytes, Stack size unknown bytes, libinit2.o(.ARM.Collect$$libinit$$00000019))

<P><STRONG><a name="[1f6]"></a>__rt_lib_init_preinit_1</STRONG> (Thumb, 0 bytes, Stack size unknown bytes, libinit2.o(.ARM.Collect$$libinit$$00000004))

<P><STRONG><a name="[1f7]"></a>__rt_lib_init_rand_1</STRONG> (Thumb, 0 bytes, Stack size unknown bytes, libinit2.o(.ARM.Collect$$libinit$$0000000E))

<P><STRONG><a name="[1f8]"></a>__rt_lib_init_return</STRONG> (Thumb, 0 bytes, Stack size unknown bytes, libinit2.o(.ARM.Collect$$libinit$$00000033))

<P><STRONG><a name="[1f9]"></a>__rt_lib_init_signal_1</STRONG> (Thumb, 0 bytes, Stack size unknown bytes, libinit2.o(.ARM.Collect$$libinit$$0000001D))

<P><STRONG><a name="[1fa]"></a>__rt_lib_init_stdio_1</STRONG> (Thumb, 0 bytes, Stack size unknown bytes, libinit2.o(.ARM.Collect$$libinit$$00000025))

<P><STRONG><a name="[1fb]"></a>__rt_lib_init_user_alloc_1</STRONG> (Thumb, 0 bytes, Stack size unknown bytes, libinit2.o(.ARM.Collect$$libinit$$0000000C))

<P><STRONG><a name="[48]"></a>__rt_lib_shutdown</STRONG> (Thumb, 0 bytes, Stack size unknown bytes, libshutdown.o(.ARM.Collect$$libshutdown$$00000000))
<BR><BR>[Called By]<UL><LI><a href="#[47]">&gt;&gt;</a>&nbsp;&nbsp;&nbsp;__rt_exit_ls
</UL>

<P><STRONG><a name="[1fc]"></a>__rt_lib_shutdown_cpp_1</STRONG> (Thumb, 0 bytes, Stack size unknown bytes, libshutdown2.o(.ARM.Collect$$libshutdown$$00000002))

<P><STRONG><a name="[1fd]"></a>__rt_lib_shutdown_fp_trap_1</STRONG> (Thumb, 0 bytes, Stack size unknown bytes, libshutdown2.o(.ARM.Collect$$libshutdown$$00000007))

<P><STRONG><a name="[1fe]"></a>__rt_lib_shutdown_heap_1</STRONG> (Thumb, 0 bytes, Stack size unknown bytes, libshutdown2.o(.ARM.Collect$$libshutdown$$0000000F))

<P><STRONG><a name="[1ff]"></a>__rt_lib_shutdown_return</STRONG> (Thumb, 0 bytes, Stack size unknown bytes, libshutdown2.o(.ARM.Collect$$libshutdown$$00000010))

<P><STRONG><a name="[200]"></a>__rt_lib_shutdown_signal_1</STRONG> (Thumb, 0 bytes, Stack size unknown bytes, libshutdown2.o(.ARM.Collect$$libshutdown$$0000000A))

<P><STRONG><a name="[201]"></a>__rt_lib_shutdown_stdio_1</STRONG> (Thumb, 0 bytes, Stack size unknown bytes, libshutdown2.o(.ARM.Collect$$libshutdown$$00000004))

<P><STRONG><a name="[202]"></a>__rt_lib_shutdown_user_alloc_1</STRONG> (Thumb, 0 bytes, Stack size unknown bytes, libshutdown2.o(.ARM.Collect$$libshutdown$$0000000C))

<P><STRONG><a name="[38]"></a>__rt_entry</STRONG> (Thumb, 0 bytes, Stack size unknown bytes, __rtentry.o(.ARM.Collect$$rtentry$$00000000))
<BR><BR>[Called By]<UL><LI><a href="#[36]">&gt;&gt;</a>&nbsp;&nbsp;&nbsp;__main
<LI><a href="#[39]">&gt;&gt;</a>&nbsp;&nbsp;&nbsp;__scatterload_rt2
</UL>

<P><STRONG><a name="[203]"></a>__rt_entry_presh_1</STRONG> (Thumb, 0 bytes, Stack size unknown bytes, __rtentry2.o(.ARM.Collect$$rtentry$$00000002))

<P><STRONG><a name="[40]"></a>__rt_entry_sh</STRONG> (Thumb, 0 bytes, Stack size unknown bytes, __rtentry4.o(.ARM.Collect$$rtentry$$00000004))
<BR><BR>[Stack]<UL><LI>Max Depth = 8 + Unknown Stack Size
<LI>Call Chain = __rt_entry_sh &rArr; __user_setup_stackheap
</UL>
<BR>[Calls]<UL><LI><a href="#[41]">&gt;&gt;</a>&nbsp;&nbsp;&nbsp;__user_setup_stackheap
</UL>

<P><STRONG><a name="[42]"></a>__rt_entry_li</STRONG> (Thumb, 0 bytes, Stack size unknown bytes, __rtentry2.o(.ARM.Collect$$rtentry$$0000000A))
<BR><BR>[Calls]<UL><LI><a href="#[43]">&gt;&gt;</a>&nbsp;&nbsp;&nbsp;__rt_lib_init
</UL>

<P><STRONG><a name="[204]"></a>__rt_entry_postsh_1</STRONG> (Thumb, 0 bytes, Stack size unknown bytes, __rtentry2.o(.ARM.Collect$$rtentry$$00000009))

<P><STRONG><a name="[44]"></a>__rt_entry_main</STRONG> (Thumb, 0 bytes, Stack size unknown bytes, __rtentry2.o(.ARM.Collect$$rtentry$$0000000D))
<BR><BR>[Stack]<UL><LI>Max Depth = 2252 + Unknown Stack Size
<LI>Call Chain = __rt_entry_main &rArr; main &rArr; LCD_ScrollDisplay &rArr; USB &rArr; USB_Check_Authentication &rArr; f_open &rArr; mount_volume &rArr; disk_ioctl &rArr; disk_ioctl_MMC_SD &rArr;  disk_ioctl_MMC_SD (Cycle)
</UL>
<BR>[Calls]<UL><LI><a href="#[45]">&gt;&gt;</a>&nbsp;&nbsp;&nbsp;main
<LI><a href="#[46]">&gt;&gt;</a>&nbsp;&nbsp;&nbsp;exit
</UL>

<P><STRONG><a name="[205]"></a>__rt_entry_postli_1</STRONG> (Thumb, 0 bytes, Stack size unknown bytes, __rtentry2.o(.ARM.Collect$$rtentry$$0000000C))

<P><STRONG><a name="[68]"></a>__rt_exit</STRONG> (Thumb, 0 bytes, Stack size unknown bytes, rtexit.o(.ARM.Collect$$rtexit$$00000000))
<BR><BR>[Called By]<UL><LI><a href="#[46]">&gt;&gt;</a>&nbsp;&nbsp;&nbsp;exit
</UL>

<P><STRONG><a name="[47]"></a>__rt_exit_ls</STRONG> (Thumb, 0 bytes, Stack size unknown bytes, rtexit2.o(.ARM.Collect$$rtexit$$00000003))
<BR><BR>[Calls]<UL><LI><a href="#[48]">&gt;&gt;</a>&nbsp;&nbsp;&nbsp;__rt_lib_shutdown
</UL>

<P><STRONG><a name="[206]"></a>__rt_exit_prels_1</STRONG> (Thumb, 0 bytes, Stack size unknown bytes, rtexit2.o(.ARM.Collect$$rtexit$$00000002))

<P><STRONG><a name="[49]"></a>__rt_exit_exit</STRONG> (Thumb, 0 bytes, Stack size unknown bytes, rtexit2.o(.ARM.Collect$$rtexit$$00000004))
<BR><BR>[Calls]<UL><LI><a href="#[4a]">&gt;&gt;</a>&nbsp;&nbsp;&nbsp;_sys_exit
</UL>

<P><STRONG><a name="[3]"></a>Reset_Handler</STRONG> (Thumb, 8 bytes, Stack size 0 bytes, startup_lpc17xx.o(.text))
<BR>[Address Reference Count : 1]<UL><LI> startup_lpc17xx.o(RESET)
</UL>
<P><STRONG><a name="[4]"></a>NMI_Handler</STRONG> (Thumb, 2 bytes, Stack size 0 bytes, startup_lpc17xx.o(.text))
<BR><BR>[Calls]<UL><LI><a href="#[4]">&gt;&gt;</a>&nbsp;&nbsp;&nbsp;NMI_Handler
</UL>
<BR>[Called By]<UL><LI><a href="#[4]">&gt;&gt;</a>&nbsp;&nbsp;&nbsp;NMI_Handler
</UL>
<BR>[Address Reference Count : 1]<UL><LI> startup_lpc17xx.o(RESET)
</UL>
<P><STRONG><a name="[5]"></a>HardFault_Handler</STRONG> (Thumb, 2 bytes, Stack size 0 bytes, startup_lpc17xx.o(.text))
<BR><BR>[Calls]<UL><LI><a href="#[5]">&gt;&gt;</a>&nbsp;&nbsp;&nbsp;HardFault_Handler
</UL>
<BR>[Called By]<UL><LI><a href="#[5]">&gt;&gt;</a>&nbsp;&nbsp;&nbsp;HardFault_Handler
</UL>
<BR>[Address Reference Count : 1]<UL><LI> startup_lpc17xx.o(RESET)
</UL>
<P><STRONG><a name="[6]"></a>MemManage_Handler</STRONG> (Thumb, 2 bytes, Stack size 0 bytes, startup_lpc17xx.o(.text))
<BR><BR>[Calls]<UL><LI><a href="#[6]">&gt;&gt;</a>&nbsp;&nbsp;&nbsp;MemManage_Handler
</UL>
<BR>[Called By]<UL><LI><a href="#[6]">&gt;&gt;</a>&nbsp;&nbsp;&nbsp;MemManage_Handler
</UL>
<BR>[Address Reference Count : 1]<UL><LI> startup_lpc17xx.o(RESET)
</UL>
<P><STRONG><a name="[7]"></a>BusFault_Handler</STRONG> (Thumb, 2 bytes, Stack size 0 bytes, startup_lpc17xx.o(.text))
<BR><BR>[Calls]<UL><LI><a href="#[7]">&gt;&gt;</a>&nbsp;&nbsp;&nbsp;BusFault_Handler
</UL>
<BR>[Called By]<UL><LI><a href="#[7]">&gt;&gt;</a>&nbsp;&nbsp;&nbsp;BusFault_Handler
</UL>
<BR>[Address Reference Count : 1]<UL><LI> startup_lpc17xx.o(RESET)
</UL>
<P><STRONG><a name="[8]"></a>UsageFault_Handler</STRONG> (Thumb, 2 bytes, Stack size 0 bytes, startup_lpc17xx.o(.text))
<BR><BR>[Calls]<UL><LI><a href="#[8]">&gt;&gt;</a>&nbsp;&nbsp;&nbsp;UsageFault_Handler
</UL>
<BR>[Called By]<UL><LI><a href="#[8]">&gt;&gt;</a>&nbsp;&nbsp;&nbsp;UsageFault_Handler
</UL>
<BR>[Address Reference Count : 1]<UL><LI> startup_lpc17xx.o(RESET)
</UL>
<P><STRONG><a name="[9]"></a>SVC_Handler</STRONG> (Thumb, 2 bytes, Stack size 0 bytes, startup_lpc17xx.o(.text))
<BR><BR>[Calls]<UL><LI><a href="#[9]">&gt;&gt;</a>&nbsp;&nbsp;&nbsp;SVC_Handler
</UL>
<BR>[Called By]<UL><LI><a href="#[9]">&gt;&gt;</a>&nbsp;&nbsp;&nbsp;SVC_Handler
</UL>
<BR>[Address Reference Count : 1]<UL><LI> startup_lpc17xx.o(RESET)
</UL>
<P><STRONG><a name="[a]"></a>DebugMon_Handler</STRONG> (Thumb, 2 bytes, Stack size 0 bytes, startup_lpc17xx.o(.text))
<BR><BR>[Calls]<UL><LI><a href="#[a]">&gt;&gt;</a>&nbsp;&nbsp;&nbsp;DebugMon_Handler
</UL>
<BR>[Called By]<UL><LI><a href="#[a]">&gt;&gt;</a>&nbsp;&nbsp;&nbsp;DebugMon_Handler
</UL>
<BR>[Address Reference Count : 1]<UL><LI> startup_lpc17xx.o(RESET)
</UL>
<P><STRONG><a name="[b]"></a>PendSV_Handler</STRONG> (Thumb, 2 bytes, Stack size 0 bytes, startup_lpc17xx.o(.text))
<BR><BR>[Calls]<UL><LI><a href="#[b]">&gt;&gt;</a>&nbsp;&nbsp;&nbsp;PendSV_Handler
</UL>
<BR>[Called By]<UL><LI><a href="#[b]">&gt;&gt;</a>&nbsp;&nbsp;&nbsp;PendSV_Handler
</UL>
<BR>[Address Reference Count : 1]<UL><LI> startup_lpc17xx.o(RESET)
</UL>
<P><STRONG><a name="[23]"></a>ADC_IRQHandler</STRONG> (Thumb, 0 bytes, Stack size 0 bytes, startup_lpc17xx.o(.text))
<BR><BR>[Calls]<UL><LI><a href="#[23]">&gt;&gt;</a>&nbsp;&nbsp;&nbsp;ADC_IRQHandler
</UL>
<BR>[Called By]<UL><LI><a href="#[23]">&gt;&gt;</a>&nbsp;&nbsp;&nbsp;ADC_IRQHandler
</UL>
<BR>[Address Reference Count : 1]<UL><LI> startup_lpc17xx.o(RESET)
</UL>
<P><STRONG><a name="[2f]"></a>CANActivity_IRQHandler</STRONG> (Thumb, 0 bytes, Stack size 0 bytes, startup_lpc17xx.o(.text))
<BR>[Address Reference Count : 1]<UL><LI> startup_lpc17xx.o(RESET)
</UL>
<P><STRONG><a name="[26]"></a>CAN_IRQHandler</STRONG> (Thumb, 0 bytes, Stack size 0 bytes, startup_lpc17xx.o(.text))
<BR>[Address Reference Count : 1]<UL><LI> startup_lpc17xx.o(RESET)
</UL>
<P><STRONG><a name="[27]"></a>DMA_IRQHandler</STRONG> (Thumb, 0 bytes, Stack size 0 bytes, startup_lpc17xx.o(.text))
<BR>[Address Reference Count : 1]<UL><LI> startup_lpc17xx.o(RESET)
</UL>
<P><STRONG><a name="[29]"></a>ENET_IRQHandler</STRONG> (Thumb, 0 bytes, Stack size 0 bytes, startup_lpc17xx.o(.text))
<BR>[Address Reference Count : 1]<UL><LI> startup_lpc17xx.o(RESET)
</UL>
<P><STRONG><a name="[17]"></a>I2C0_IRQHandler</STRONG> (Thumb, 0 bytes, Stack size 0 bytes, startup_lpc17xx.o(.text))
<BR>[Address Reference Count : 1]<UL><LI> startup_lpc17xx.o(RESET)
</UL>
<P><STRONG><a name="[18]"></a>I2C1_IRQHandler</STRONG> (Thumb, 0 bytes, Stack size 0 bytes, startup_lpc17xx.o(.text))
<BR>[Address Reference Count : 1]<UL><LI> startup_lpc17xx.o(RESET)
</UL>
<P><STRONG><a name="[19]"></a>I2C2_IRQHandler</STRONG> (Thumb, 0 bytes, Stack size 0 bytes, startup_lpc17xx.o(.text))
<BR>[Address Reference Count : 1]<UL><LI> startup_lpc17xx.o(RESET)
</UL>
<P><STRONG><a name="[28]"></a>I2S_IRQHandler</STRONG> (Thumb, 0 bytes, Stack size 0 bytes, startup_lpc17xx.o(.text))
<BR>[Address Reference Count : 1]<UL><LI> startup_lpc17xx.o(RESET)
</UL>
<P><STRONG><a name="[2b]"></a>MCPWM_IRQHandler</STRONG> (Thumb, 0 bytes, Stack size 0 bytes, startup_lpc17xx.o(.text))
<BR>[Address Reference Count : 1]<UL><LI> startup_lpc17xx.o(RESET)
</UL>
<P><STRONG><a name="[1d]"></a>PLL0_IRQHandler</STRONG> (Thumb, 0 bytes, Stack size 0 bytes, startup_lpc17xx.o(.text))
<BR>[Address Reference Count : 1]<UL><LI> startup_lpc17xx.o(RESET)
</UL>
<P><STRONG><a name="[2d]"></a>PLL1_IRQHandler</STRONG> (Thumb, 0 bytes, Stack size 0 bytes, startup_lpc17xx.o(.text))
<BR>[Address Reference Count : 1]<UL><LI> startup_lpc17xx.o(RESET)
</UL>
<P><STRONG><a name="[16]"></a>PWM1_IRQHandler</STRONG> (Thumb, 0 bytes, Stack size 0 bytes, startup_lpc17xx.o(.text))
<BR>[Address Reference Count : 1]<UL><LI> startup_lpc17xx.o(RESET)
</UL>
<P><STRONG><a name="[2c]"></a>QEI_IRQHandler</STRONG> (Thumb, 0 bytes, Stack size 0 bytes, startup_lpc17xx.o(.text))
<BR>[Address Reference Count : 1]<UL><LI> startup_lpc17xx.o(RESET)
</UL>
<P><STRONG><a name="[2a]"></a>RIT_IRQHandler</STRONG> (Thumb, 0 bytes, Stack size 0 bytes, startup_lpc17xx.o(.text))
<BR>[Address Reference Count : 1]<UL><LI> startup_lpc17xx.o(RESET)
</UL>
<P><STRONG><a name="[1a]"></a>SPI_IRQHandler</STRONG> (Thumb, 0 bytes, Stack size 0 bytes, startup_lpc17xx.o(.text))
<BR>[Address Reference Count : 1]<UL><LI> startup_lpc17xx.o(RESET)
</UL>
<P><STRONG><a name="[1b]"></a>SSP0_IRQHandler</STRONG> (Thumb, 0 bytes, Stack size 0 bytes, startup_lpc17xx.o(.text))
<BR>[Address Reference Count : 1]<UL><LI> startup_lpc17xx.o(RESET)
</UL>
<P><STRONG><a name="[1c]"></a>SSP1_IRQHandler</STRONG> (Thumb, 0 bytes, Stack size 0 bytes, startup_lpc17xx.o(.text))
<BR>[Address Reference Count : 1]<UL><LI> startup_lpc17xx.o(RESET)
</UL>
<P><STRONG><a name="[e]"></a>TIMER0_IRQHandler</STRONG> (Thumb, 0 bytes, Stack size 0 bytes, startup_lpc17xx.o(.text))
<BR>[Address Reference Count : 1]<UL><LI> startup_lpc17xx.o(RESET)
</UL>
<P><STRONG><a name="[f]"></a>TIMER1_IRQHandler</STRONG> (Thumb, 0 bytes, Stack size 0 bytes, startup_lpc17xx.o(.text))
<BR>[Address Reference Count : 1]<UL><LI> startup_lpc17xx.o(RESET)
</UL>
<P><STRONG><a name="[10]"></a>TIMER2_IRQHandler</STRONG> (Thumb, 0 bytes, Stack size 0 bytes, startup_lpc17xx.o(.text))
<BR>[Address Reference Count : 1]<UL><LI> startup_lpc17xx.o(RESET)
</UL>
<P><STRONG><a name="[11]"></a>TIMER3_IRQHandler</STRONG> (Thumb, 0 bytes, Stack size 0 bytes, startup_lpc17xx.o(.text))
<BR>[Address Reference Count : 1]<UL><LI> startup_lpc17xx.o(RESET)
</UL>
<P><STRONG><a name="[14]"></a>UART2_IRQHandler</STRONG> (Thumb, 0 bytes, Stack size 0 bytes, startup_lpc17xx.o(.text))
<BR>[Address Reference Count : 1]<UL><LI> startup_lpc17xx.o(RESET)
</UL>
<P><STRONG><a name="[2e]"></a>USBActivity_IRQHandler</STRONG> (Thumb, 0 bytes, Stack size 0 bytes, startup_lpc17xx.o(.text))
<BR>[Address Reference Count : 1]<UL><LI> startup_lpc17xx.o(RESET)
</UL>
<P><STRONG><a name="[d]"></a>WDT_IRQHandler</STRONG> (Thumb, 0 bytes, Stack size 0 bytes, startup_lpc17xx.o(.text))
<BR>[Address Reference Count : 1]<UL><LI> startup_lpc17xx.o(RESET)
</UL>
<P><STRONG><a name="[67]"></a>__user_initial_stackheap</STRONG> (Thumb, 0 bytes, Stack size unknown bytes, startup_lpc17xx.o(.text))
<BR><BR>[Called By]<UL><LI><a href="#[41]">&gt;&gt;</a>&nbsp;&nbsp;&nbsp;__user_setup_stackheap
</UL>

<P><STRONG><a name="[4b]"></a>__2sprintf</STRONG> (Thumb, 38 bytes, Stack size 32 bytes, __2sprintf.o(.text))
<BR><BR>[Stack]<UL><LI>Max Depth = 136 + Unknown Stack Size
<LI>Call Chain = __2sprintf &rArr; _printf_char_common &rArr; __printf
</UL>
<BR>[Calls]<UL><LI><a href="#[32]">&gt;&gt;</a>&nbsp;&nbsp;&nbsp;_sputc
<LI><a href="#[4c]">&gt;&gt;</a>&nbsp;&nbsp;&nbsp;_printf_char_common
</UL>
<BR>[Called By]<UL><LI><a href="#[84]">&gt;&gt;</a>&nbsp;&nbsp;&nbsp;DL_Status
<LI><a href="#[10e]">&gt;&gt;</a>&nbsp;&nbsp;&nbsp;readSMS
<LI><a href="#[ff]">&gt;&gt;</a>&nbsp;&nbsp;&nbsp;modemCheck_initialization
<LI><a href="#[ee]">&gt;&gt;</a>&nbsp;&nbsp;&nbsp;MODEMGetSignalStrength
<LI><a href="#[ad]">&gt;&gt;</a>&nbsp;&nbsp;&nbsp;HTTP_SetURL
<LI><a href="#[a3]">&gt;&gt;</a>&nbsp;&nbsp;&nbsp;HTTP_Post
<LI><a href="#[9f]">&gt;&gt;</a>&nbsp;&nbsp;&nbsp;GSM_Send_Msg
<LI><a href="#[9e]">&gt;&gt;</a>&nbsp;&nbsp;&nbsp;GSM_Msg_Read
<LI><a href="#[9c]">&gt;&gt;</a>&nbsp;&nbsp;&nbsp;GSM_Msg_Display
<LI><a href="#[9b]">&gt;&gt;</a>&nbsp;&nbsp;&nbsp;GSM_Msg_Delete
<LI><a href="#[12c]">&gt;&gt;</a>&nbsp;&nbsp;&nbsp;copy
<LI><a href="#[e8]">&gt;&gt;</a>&nbsp;&nbsp;&nbsp;sampleTestlog
<LI><a href="#[11d]">&gt;&gt;</a>&nbsp;&nbsp;&nbsp;SendingLog
<LI><a href="#[107]">&gt;&gt;</a>&nbsp;&nbsp;&nbsp;PacketLog
<LI><a href="#[135]">&gt;&gt;</a>&nbsp;&nbsp;&nbsp;create_folder
<LI><a href="#[149]">&gt;&gt;</a>&nbsp;&nbsp;&nbsp;create_file
<LI><a href="#[45]">&gt;&gt;</a>&nbsp;&nbsp;&nbsp;main
</UL>

<P><STRONG><a name="[4e]"></a>_printf_pre_padding</STRONG> (Thumb, 44 bytes, Stack size 16 bytes, _printf_pad.o(.text))
<BR><BR>[Stack]<UL><LI>Max Depth = 16<LI>Call Chain = _printf_pre_padding
</UL>
<BR>[Called By]<UL><LI><a href="#[52]">&gt;&gt;</a>&nbsp;&nbsp;&nbsp;_printf_int_common
<LI><a href="#[4d]">&gt;&gt;</a>&nbsp;&nbsp;&nbsp;_printf_str
</UL>

<P><STRONG><a name="[4f]"></a>_printf_post_padding</STRONG> (Thumb, 34 bytes, Stack size 16 bytes, _printf_pad.o(.text))
<BR><BR>[Stack]<UL><LI>Max Depth = 16<LI>Call Chain = _printf_post_padding
</UL>
<BR>[Called By]<UL><LI><a href="#[52]">&gt;&gt;</a>&nbsp;&nbsp;&nbsp;_printf_int_common
<LI><a href="#[4d]">&gt;&gt;</a>&nbsp;&nbsp;&nbsp;_printf_str
</UL>

<P><STRONG><a name="[4d]"></a>_printf_str</STRONG> (Thumb, 82 bytes, Stack size 16 bytes, _printf_str.o(.text))
<BR><BR>[Stack]<UL><LI>Max Depth = 32<LI>Call Chain = _printf_str &rArr; _printf_post_padding
</UL>
<BR>[Calls]<UL><LI><a href="#[4f]">&gt;&gt;</a>&nbsp;&nbsp;&nbsp;_printf_post_padding
<LI><a href="#[4e]">&gt;&gt;</a>&nbsp;&nbsp;&nbsp;_printf_pre_padding
</UL>
<BR>[Called By]<UL><LI><a href="#[62]">&gt;&gt;</a>&nbsp;&nbsp;&nbsp;_printf_cs_common
</UL>

<P><STRONG><a name="[50]"></a>strtok</STRONG> (Thumb, 6 bytes, Stack size 0 bytes, strtok.o(.text))
<BR><BR>[Stack]<UL><LI>Max Depth = 36<LI>Call Chain = strtok &rArr; __strtok_internal &rArr; strspn
</UL>
<BR>[Calls]<UL><LI><a href="#[51]">&gt;&gt;</a>&nbsp;&nbsp;&nbsp;__strtok_internal
</UL>
<BR>[Called By]<UL><LI><a href="#[10e]">&gt;&gt;</a>&nbsp;&nbsp;&nbsp;readSMS
<LI><a href="#[ee]">&gt;&gt;</a>&nbsp;&nbsp;&nbsp;MODEMGetSignalStrength
<LI><a href="#[45]">&gt;&gt;</a>&nbsp;&nbsp;&nbsp;main
</UL>

<P><STRONG><a name="[1a1]"></a>strchr</STRONG> (Thumb, 20 bytes, Stack size 0 bytes, strchr.o(.text))
<BR><BR>[Called By]<UL><LI><a href="#[10e]">&gt;&gt;</a>&nbsp;&nbsp;&nbsp;readSMS
<LI><a href="#[1a0]">&gt;&gt;</a>&nbsp;&nbsp;&nbsp;gsm_gnss_get_param
</UL>

<P><STRONG><a name="[207]"></a>__use_two_region_memory</STRONG> (Thumb, 2 bytes, Stack size 0 bytes, heapauxi.o(.text), UNUSED)

<P><STRONG><a name="[208]"></a>__rt_heap_escrow$2region</STRONG> (Thumb, 2 bytes, Stack size 0 bytes, heapauxi.o(.text), UNUSED)

<P><STRONG><a name="[209]"></a>__rt_heap_expand$2region</STRONG> (Thumb, 2 bytes, Stack size 0 bytes, heapauxi.o(.text), UNUSED)

<P><STRONG><a name="[60]"></a>__aeabi_errno_addr</STRONG> (Thumb, 8 bytes, Stack size 0 bytes, rt_errno_addr_intlibspace.o(.text))
<BR><BR>[Called By]<UL><LI><a href="#[61]">&gt;&gt;</a>&nbsp;&nbsp;&nbsp;__set_errno
<LI><a href="#[5f]">&gt;&gt;</a>&nbsp;&nbsp;&nbsp;__read_errno
</UL>

<P><STRONG><a name="[20a]"></a>__errno$intlibspace</STRONG> (Thumb, 0 bytes, Stack size 0 bytes, rt_errno_addr_intlibspace.o(.text), UNUSED)

<P><STRONG><a name="[20b]"></a>__rt_errno_addr$intlibspace</STRONG> (Thumb, 0 bytes, Stack size 0 bytes, rt_errno_addr_intlibspace.o(.text), UNUSED)

<P><STRONG><a name="[3b]"></a>_printf_int_dec</STRONG> (Thumb, 104 bytes, Stack size 24 bytes, _printf_dec.o(.text))
<BR><BR>[Stack]<UL><LI>Max Depth = 72<LI>Call Chain = _printf_int_dec &rArr; _printf_int_common &rArr; _printf_post_padding
</UL>
<BR>[Calls]<UL><LI><a href="#[52]">&gt;&gt;</a>&nbsp;&nbsp;&nbsp;_printf_int_common
</UL>
<BR>[Called By]<UL><LI><a href="#[3a]">&gt;&gt;</a>&nbsp;&nbsp;&nbsp;_printf_d
</UL>

<P><STRONG><a name="[53]"></a>__printf</STRONG> (Thumb, 308 bytes, Stack size 40 bytes, __printf_flags_wp.o(.text))
<BR><BR>[Stack]<UL><LI>Max Depth = 40 + Unknown Stack Size
<LI>Call Chain = __printf
</UL>
<BR>[Calls]<UL><LI><a href="#[55]">&gt;&gt;</a>&nbsp;&nbsp;&nbsp;_printf_percent
<LI><a href="#[54]">&gt;&gt;</a>&nbsp;&nbsp;&nbsp;_is_digit
</UL>
<BR>[Called By]<UL><LI><a href="#[4c]">&gt;&gt;</a>&nbsp;&nbsp;&nbsp;_printf_char_common
</UL>

<P><STRONG><a name="[9d]"></a>strstr</STRONG> (Thumb, 36 bytes, Stack size 12 bytes, strstr.o(.text))
<BR><BR>[Stack]<UL><LI>Max Depth = 12<LI>Call Chain = strstr
</UL>
<BR>[Called By]<UL><LI><a href="#[10e]">&gt;&gt;</a>&nbsp;&nbsp;&nbsp;readSMS
<LI><a href="#[a7]">&gt;&gt;</a>&nbsp;&nbsp;&nbsp;WaitForStatus200_302
<LI><a href="#[71]">&gt;&gt;</a>&nbsp;&nbsp;&nbsp;WaitForExpectedResponse
<LI><a href="#[ec]">&gt;&gt;</a>&nbsp;&nbsp;&nbsp;MODEMGetAPN
<LI><a href="#[a3]">&gt;&gt;</a>&nbsp;&nbsp;&nbsp;HTTP_Post
<LI><a href="#[9c]">&gt;&gt;</a>&nbsp;&nbsp;&nbsp;GSM_Msg_Display
</UL>

<P><STRONG><a name="[cb]"></a>strcpy</STRONG> (Thumb, 72 bytes, Stack size 12 bytes, strcpy.o(.text))
<BR><BR>[Stack]<UL><LI>Max Depth = 12<LI>Call Chain = strcpy
</UL>
<BR>[Called By]<UL><LI><a href="#[10e]">&gt;&gt;</a>&nbsp;&nbsp;&nbsp;readSMS
<LI><a href="#[fe]">&gt;&gt;</a>&nbsp;&nbsp;&nbsp;modem_initialization
<LI><a href="#[f0]">&gt;&gt;</a>&nbsp;&nbsp;&nbsp;Update_RTC
<LI><a href="#[101]">&gt;&gt;</a>&nbsp;&nbsp;&nbsp;ReadNavigation
<LI><a href="#[ee]">&gt;&gt;</a>&nbsp;&nbsp;&nbsp;MODEMGetSignalStrength
<LI><a href="#[c8]">&gt;&gt;</a>&nbsp;&nbsp;&nbsp;Initialize_SIM_1
<LI><a href="#[117]">&gt;&gt;</a>&nbsp;&nbsp;&nbsp;store_gps
<LI><a href="#[45]">&gt;&gt;</a>&nbsp;&nbsp;&nbsp;main
</UL>

<P><STRONG><a name="[a0]"></a>strlen</STRONG> (Thumb, 62 bytes, Stack size 8 bytes, strlen.o(.text))
<BR><BR>[Stack]<UL><LI>Max Depth = 8<LI>Call Chain = strlen
</UL>
<BR>[Called By]<UL><LI><a href="#[118]">&gt;&gt;</a>&nbsp;&nbsp;&nbsp;Read_Response
<LI><a href="#[ee]">&gt;&gt;</a>&nbsp;&nbsp;&nbsp;MODEMGetSignalStrength
<LI><a href="#[ed]">&gt;&gt;</a>&nbsp;&nbsp;&nbsp;MODEMGetIMEI
<LI><a href="#[c8]">&gt;&gt;</a>&nbsp;&nbsp;&nbsp;Initialize_SIM_1
<LI><a href="#[ad]">&gt;&gt;</a>&nbsp;&nbsp;&nbsp;HTTP_SetURL
<LI><a href="#[a3]">&gt;&gt;</a>&nbsp;&nbsp;&nbsp;HTTP_Post
<LI><a href="#[9f]">&gt;&gt;</a>&nbsp;&nbsp;&nbsp;GSM_Send_Msg
</UL>

<P><STRONG><a name="[11a]"></a>strncmp</STRONG> (Thumb, 150 bytes, Stack size 16 bytes, strncmp.o(.text))
<BR><BR>[Stack]<UL><LI>Max Depth = 16<LI>Call Chain = strncmp
</UL>
<BR>[Called By]<UL><LI><a href="#[118]">&gt;&gt;</a>&nbsp;&nbsp;&nbsp;Read_Response
</UL>

<P><STRONG><a name="[59]"></a>__aeabi_memcpy</STRONG> (Thumb, 0 bytes, Stack size 0 bytes, rt_memcpy_v6.o(.text), UNUSED)
<BR><BR>[Called By]<UL><LI><a href="#[58]">&gt;&gt;</a>&nbsp;&nbsp;&nbsp;__rt_memmove
</UL>

<P><STRONG><a name="[56]"></a>__rt_memcpy</STRONG> (Thumb, 138 bytes, Stack size 0 bytes, rt_memcpy_v6.o(.text), UNUSED)
<BR><BR>[Calls]<UL><LI><a href="#[57]">&gt;&gt;</a>&nbsp;&nbsp;&nbsp;__aeabi_memcpy4
</UL>

<P><STRONG><a name="[20c]"></a>_memcpy_lastbytes</STRONG> (Thumb, 0 bytes, Stack size unknown bytes, rt_memcpy_v6.o(.text), UNUSED)

<P><STRONG><a name="[119]"></a>__aeabi_memmove</STRONG> (Thumb, 0 bytes, Stack size 0 bytes, rt_memmove_v6.o(.text))
<BR><BR>[Called By]<UL><LI><a href="#[118]">&gt;&gt;</a>&nbsp;&nbsp;&nbsp;Read_Response
</UL>

<P><STRONG><a name="[58]"></a>__rt_memmove</STRONG> (Thumb, 132 bytes, Stack size 0 bytes, rt_memmove_v6.o(.text), UNUSED)
<BR><BR>[Calls]<UL><LI><a href="#[5a]">&gt;&gt;</a>&nbsp;&nbsp;&nbsp;__memmove_aligned
<LI><a href="#[59]">&gt;&gt;</a>&nbsp;&nbsp;&nbsp;__aeabi_memcpy
</UL>

<P><STRONG><a name="[20d]"></a>__memmove_lastfew</STRONG> (Thumb, 0 bytes, Stack size unknown bytes, rt_memmove_v6.o(.text), UNUSED)

<P><STRONG><a name="[57]"></a>__aeabi_memcpy4</STRONG> (Thumb, 0 bytes, Stack size 8 bytes, rt_memcpy_w.o(.text))
<BR><BR>[Stack]<UL><LI>Max Depth = 8<LI>Call Chain = __aeabi_memcpy4
</UL>
<BR>[Called By]<UL><LI><a href="#[12b]">&gt;&gt;</a>&nbsp;&nbsp;&nbsp;USB_Check_Authentication
<LI><a href="#[65]">&gt;&gt;</a>&nbsp;&nbsp;&nbsp;__rt_memmove_w
<LI><a href="#[56]">&gt;&gt;</a>&nbsp;&nbsp;&nbsp;__rt_memcpy
</UL>

<P><STRONG><a name="[20e]"></a>__aeabi_memcpy8</STRONG> (Thumb, 0 bytes, Stack size 8 bytes, rt_memcpy_w.o(.text), UNUSED)

<P><STRONG><a name="[20f]"></a>__rt_memcpy_w</STRONG> (Thumb, 100 bytes, Stack size 8 bytes, rt_memcpy_w.o(.text), UNUSED)

<P><STRONG><a name="[210]"></a>_memcpy_lastbytes_aligned</STRONG> (Thumb, 0 bytes, Stack size unknown bytes, rt_memcpy_w.o(.text), UNUSED)

<P><STRONG><a name="[5e]"></a>__aeabi_memclr</STRONG> (Thumb, 0 bytes, Stack size 0 bytes, rt_memclr.o(.text))
<BR><BR>[Called By]<UL><LI><a href="#[84]">&gt;&gt;</a>&nbsp;&nbsp;&nbsp;DL_Status
<LI><a href="#[10e]">&gt;&gt;</a>&nbsp;&nbsp;&nbsp;readSMS
<LI><a href="#[ff]">&gt;&gt;</a>&nbsp;&nbsp;&nbsp;modemCheck_initialization
<LI><a href="#[ee]">&gt;&gt;</a>&nbsp;&nbsp;&nbsp;MODEMGetSignalStrength
<LI><a href="#[ed]">&gt;&gt;</a>&nbsp;&nbsp;&nbsp;MODEMGetIMEI
<LI><a href="#[a3]">&gt;&gt;</a>&nbsp;&nbsp;&nbsp;HTTP_Post
<LI><a href="#[9f]">&gt;&gt;</a>&nbsp;&nbsp;&nbsp;GSM_Send_Msg
<LI><a href="#[9c]">&gt;&gt;</a>&nbsp;&nbsp;&nbsp;GSM_Msg_Display
<LI><a href="#[6e]">&gt;&gt;</a>&nbsp;&nbsp;&nbsp;Buffer_Flush
<LI><a href="#[117]">&gt;&gt;</a>&nbsp;&nbsp;&nbsp;store_gps
<LI><a href="#[e8]">&gt;&gt;</a>&nbsp;&nbsp;&nbsp;sampleTestlog
<LI><a href="#[11d]">&gt;&gt;</a>&nbsp;&nbsp;&nbsp;SendingLog
<LI><a href="#[107]">&gt;&gt;</a>&nbsp;&nbsp;&nbsp;PacketLog
<LI><a href="#[135]">&gt;&gt;</a>&nbsp;&nbsp;&nbsp;create_folder
<LI><a href="#[45]">&gt;&gt;</a>&nbsp;&nbsp;&nbsp;main
<LI><a href="#[5d]">&gt;&gt;</a>&nbsp;&nbsp;&nbsp;strncpy
</UL>

<P><STRONG><a name="[5b]"></a>__rt_memclr</STRONG> (Thumb, 68 bytes, Stack size 0 bytes, rt_memclr.o(.text), UNUSED)
<BR><BR>[Calls]<UL><LI><a href="#[5c]">&gt;&gt;</a>&nbsp;&nbsp;&nbsp;_memset_w
</UL>

<P><STRONG><a name="[211]"></a>_memset</STRONG> (Thumb, 0 bytes, Stack size unknown bytes, rt_memclr.o(.text), UNUSED)

<P><STRONG><a name="[a2]"></a>__aeabi_memclr4</STRONG> (Thumb, 0 bytes, Stack size 4 bytes, rt_memclr_w.o(.text))
<BR><BR>[Stack]<UL><LI>Max Depth = 4<LI>Call Chain = __aeabi_memclr4
</UL>
<BR>[Called By]<UL><LI><a href="#[1a5]">&gt;&gt;</a>&nbsp;&nbsp;&nbsp;log_SMS
<LI><a href="#[10e]">&gt;&gt;</a>&nbsp;&nbsp;&nbsp;readSMS
<LI><a href="#[9f]">&gt;&gt;</a>&nbsp;&nbsp;&nbsp;GSM_Send_Msg
<LI><a href="#[12c]">&gt;&gt;</a>&nbsp;&nbsp;&nbsp;copy
<LI><a href="#[11e]">&gt;&gt;</a>&nbsp;&nbsp;&nbsp;retrylog
</UL>

<P><STRONG><a name="[212]"></a>__aeabi_memclr8</STRONG> (Thumb, 0 bytes, Stack size 4 bytes, rt_memclr_w.o(.text), UNUSED)

<P><STRONG><a name="[213]"></a>__rt_memclr_w</STRONG> (Thumb, 78 bytes, Stack size 4 bytes, rt_memclr_w.o(.text), UNUSED)

<P><STRONG><a name="[5c]"></a>_memset_w</STRONG> (Thumb, 0 bytes, Stack size unknown bytes, rt_memclr_w.o(.text), UNUSED)
<BR><BR>[Called By]<UL><LI><a href="#[5b]">&gt;&gt;</a>&nbsp;&nbsp;&nbsp;__rt_memclr
</UL>

<P><STRONG><a name="[5d]"></a>strncpy</STRONG> (Thumb, 86 bytes, Stack size 8 bytes, strncpy.o(.text))
<BR><BR>[Stack]<UL><LI>Max Depth = 8<LI>Call Chain = strncpy
</UL>
<BR>[Calls]<UL><LI><a href="#[5e]">&gt;&gt;</a>&nbsp;&nbsp;&nbsp;__aeabi_memclr
</UL>
<BR>[Called By]<UL><LI><a href="#[ed]">&gt;&gt;</a>&nbsp;&nbsp;&nbsp;MODEMGetIMEI
<LI><a href="#[c8]">&gt;&gt;</a>&nbsp;&nbsp;&nbsp;Initialize_SIM_1
<LI><a href="#[117]">&gt;&gt;</a>&nbsp;&nbsp;&nbsp;store_gps
</UL>

<P><STRONG><a name="[12d]"></a>strcmp</STRONG> (Thumb, 128 bytes, Stack size 0 bytes, strcmpv7m.o(.text))
<BR><BR>[Called By]<UL><LI><a href="#[12b]">&gt;&gt;</a>&nbsp;&nbsp;&nbsp;USB_Check_Authentication
</UL>

<P><STRONG><a name="[5f]"></a>__read_errno</STRONG> (Thumb, 10 bytes, Stack size 8 bytes, _rserrno.o(.text), UNUSED)
<BR><BR>[Calls]<UL><LI><a href="#[60]">&gt;&gt;</a>&nbsp;&nbsp;&nbsp;__aeabi_errno_addr
</UL>

<P><STRONG><a name="[61]"></a>__set_errno</STRONG> (Thumb, 12 bytes, Stack size 8 bytes, _rserrno.o(.text))
<BR><BR>[Stack]<UL><LI>Max Depth = 8<LI>Call Chain = __set_errno
</UL>
<BR>[Calls]<UL><LI><a href="#[60]">&gt;&gt;</a>&nbsp;&nbsp;&nbsp;__aeabi_errno_addr
</UL>
<BR>[Called By]<UL><LI><a href="#[194]">&gt;&gt;</a>&nbsp;&nbsp;&nbsp;pow
<LI><a href="#[1b3]">&gt;&gt;</a>&nbsp;&nbsp;&nbsp;sqrt
</UL>

<P><STRONG><a name="[52]"></a>_printf_int_common</STRONG> (Thumb, 178 bytes, Stack size 32 bytes, _printf_intcommon.o(.text))
<BR><BR>[Stack]<UL><LI>Max Depth = 48<LI>Call Chain = _printf_int_common &rArr; _printf_post_padding
</UL>
<BR>[Calls]<UL><LI><a href="#[4f]">&gt;&gt;</a>&nbsp;&nbsp;&nbsp;_printf_post_padding
<LI><a href="#[4e]">&gt;&gt;</a>&nbsp;&nbsp;&nbsp;_printf_pre_padding
</UL>
<BR>[Called By]<UL><LI><a href="#[3b]">&gt;&gt;</a>&nbsp;&nbsp;&nbsp;_printf_int_dec
</UL>

<P><STRONG><a name="[4c]"></a>_printf_char_common</STRONG> (Thumb, 32 bytes, Stack size 64 bytes, _printf_char_common.o(.text))
<BR><BR>[Stack]<UL><LI>Max Depth = 104 + Unknown Stack Size
<LI>Call Chain = _printf_char_common &rArr; __printf
</UL>
<BR>[Calls]<UL><LI><a href="#[53]">&gt;&gt;</a>&nbsp;&nbsp;&nbsp;__printf
</UL>
<BR>[Called By]<UL><LI><a href="#[4b]">&gt;&gt;</a>&nbsp;&nbsp;&nbsp;__2sprintf
</UL>

<P><STRONG><a name="[32]"></a>_sputc</STRONG> (Thumb, 10 bytes, Stack size 0 bytes, _sputc.o(.text))
<BR><BR>[Called By]<UL><LI><a href="#[4b]">&gt;&gt;</a>&nbsp;&nbsp;&nbsp;__2sprintf
</UL>
<BR>[Address Reference Count : 1]<UL><LI> __2sprintf.o(.text)
</UL>
<P><STRONG><a name="[62]"></a>_printf_cs_common</STRONG> (Thumb, 20 bytes, Stack size 8 bytes, _printf_char.o(.text))
<BR><BR>[Stack]<UL><LI>Max Depth = 40<LI>Call Chain = _printf_cs_common &rArr; _printf_str &rArr; _printf_post_padding
</UL>
<BR>[Calls]<UL><LI><a href="#[4d]">&gt;&gt;</a>&nbsp;&nbsp;&nbsp;_printf_str
</UL>
<BR>[Called By]<UL><LI><a href="#[3f]">&gt;&gt;</a>&nbsp;&nbsp;&nbsp;_printf_string
<LI><a href="#[3d]">&gt;&gt;</a>&nbsp;&nbsp;&nbsp;_printf_char
</UL>

<P><STRONG><a name="[3d]"></a>_printf_char</STRONG> (Thumb, 16 bytes, Stack size 0 bytes, _printf_char.o(.text))
<BR><BR>[Stack]<UL><LI>Max Depth = 40<LI>Call Chain = _printf_char &rArr; _printf_cs_common &rArr; _printf_str &rArr; _printf_post_padding
</UL>
<BR>[Calls]<UL><LI><a href="#[62]">&gt;&gt;</a>&nbsp;&nbsp;&nbsp;_printf_cs_common
</UL>
<BR>[Called By]<UL><LI><a href="#[3c]">&gt;&gt;</a>&nbsp;&nbsp;&nbsp;_printf_c
</UL>

<P><STRONG><a name="[3f]"></a>_printf_string</STRONG> (Thumb, 8 bytes, Stack size 0 bytes, _printf_char.o(.text))
<BR><BR>[Stack]<UL><LI>Max Depth = 40<LI>Call Chain = _printf_string &rArr; _printf_cs_common &rArr; _printf_str &rArr; _printf_post_padding
</UL>
<BR>[Calls]<UL><LI><a href="#[62]">&gt;&gt;</a>&nbsp;&nbsp;&nbsp;_printf_cs_common
</UL>
<BR>[Called By]<UL><LI><a href="#[3e]">&gt;&gt;</a>&nbsp;&nbsp;&nbsp;_printf_s
</UL>

<P><STRONG><a name="[51]"></a>__strtok_internal</STRONG> (Thumb, 64 bytes, Stack size 24 bytes, strtok_int.o(.text))
<BR><BR>[Stack]<UL><LI>Max Depth = 36<LI>Call Chain = __strtok_internal &rArr; strspn
</UL>
<BR>[Calls]<UL><LI><a href="#[63]">&gt;&gt;</a>&nbsp;&nbsp;&nbsp;strspn
<LI><a href="#[64]">&gt;&gt;</a>&nbsp;&nbsp;&nbsp;strcspn
</UL>
<BR>[Called By]<UL><LI><a href="#[50]">&gt;&gt;</a>&nbsp;&nbsp;&nbsp;strtok
</UL>

<P><STRONG><a name="[214]"></a>__aeabi_memmove4</STRONG> (Thumb, 0 bytes, Stack size 8 bytes, rt_memmove_w.o(.text), UNUSED)

<P><STRONG><a name="[215]"></a>__aeabi_memmove8</STRONG> (Thumb, 0 bytes, Stack size 8 bytes, rt_memmove_w.o(.text), UNUSED)

<P><STRONG><a name="[65]"></a>__rt_memmove_w</STRONG> (Thumb, 122 bytes, Stack size 8 bytes, rt_memmove_w.o(.text), UNUSED)
<BR><BR>[Calls]<UL><LI><a href="#[57]">&gt;&gt;</a>&nbsp;&nbsp;&nbsp;__aeabi_memcpy4
</UL>

<P><STRONG><a name="[5a]"></a>__memmove_aligned</STRONG> (Thumb, 0 bytes, Stack size unknown bytes, rt_memmove_w.o(.text), UNUSED)
<BR><BR>[Called By]<UL><LI><a href="#[58]">&gt;&gt;</a>&nbsp;&nbsp;&nbsp;__rt_memmove
</UL>

<P><STRONG><a name="[216]"></a>__memmove_lastfew_aligned</STRONG> (Thumb, 0 bytes, Stack size unknown bytes, rt_memmove_w.o(.text), UNUSED)

<P><STRONG><a name="[4a]"></a>_sys_exit</STRONG> (Thumb, 8 bytes, Stack size 0 bytes, sys_exit.o(.text))
<BR><BR>[Called By]<UL><LI><a href="#[49]">&gt;&gt;</a>&nbsp;&nbsp;&nbsp;__rt_exit_exit
</UL>

<P><STRONG><a name="[217]"></a>__user_libspace</STRONG> (Thumb, 8 bytes, Stack size 0 bytes, libspace.o(.text), UNUSED)

<P><STRONG><a name="[66]"></a>__user_perproc_libspace</STRONG> (Thumb, 0 bytes, Stack size 0 bytes, libspace.o(.text))
<BR><BR>[Called By]<UL><LI><a href="#[41]">&gt;&gt;</a>&nbsp;&nbsp;&nbsp;__user_setup_stackheap
</UL>

<P><STRONG><a name="[218]"></a>__user_perthread_libspace</STRONG> (Thumb, 0 bytes, Stack size 0 bytes, libspace.o(.text), UNUSED)

<P><STRONG><a name="[64]"></a>strcspn</STRONG> (Thumb, 32 bytes, Stack size 12 bytes, strcspn.o(.text))
<BR><BR>[Stack]<UL><LI>Max Depth = 12<LI>Call Chain = strcspn
</UL>
<BR>[Called By]<UL><LI><a href="#[51]">&gt;&gt;</a>&nbsp;&nbsp;&nbsp;__strtok_internal
</UL>

<P><STRONG><a name="[63]"></a>strspn</STRONG> (Thumb, 28 bytes, Stack size 12 bytes, strspn.o(.text))
<BR><BR>[Stack]<UL><LI>Max Depth = 12<LI>Call Chain = strspn
</UL>
<BR>[Called By]<UL><LI><a href="#[51]">&gt;&gt;</a>&nbsp;&nbsp;&nbsp;__strtok_internal
</UL>

<P><STRONG><a name="[219]"></a>__I$use$semihosting</STRONG> (Thumb, 0 bytes, Stack size 0 bytes, use_no_semi.o(.text), UNUSED)

<P><STRONG><a name="[21a]"></a>__use_no_semihosting_swi</STRONG> (Thumb, 2 bytes, Stack size 0 bytes, use_no_semi.o(.text), UNUSED)

<P><STRONG><a name="[21b]"></a>__semihosting_library_function</STRONG> (Thumb, 0 bytes, Stack size 8 bytes, indicate_semi.o(.text), UNUSED)

<P><STRONG><a name="[41]"></a>__user_setup_stackheap</STRONG> (Thumb, 74 bytes, Stack size 8 bytes, sys_stackheap_outer.o(.text))
<BR><BR>[Stack]<UL><LI>Max Depth = 8 + Unknown Stack Size
<LI>Call Chain = __user_setup_stackheap
</UL>
<BR>[Calls]<UL><LI><a href="#[67]">&gt;&gt;</a>&nbsp;&nbsp;&nbsp;__user_initial_stackheap
<LI><a href="#[66]">&gt;&gt;</a>&nbsp;&nbsp;&nbsp;__user_perproc_libspace
</UL>
<BR>[Called By]<UL><LI><a href="#[40]">&gt;&gt;</a>&nbsp;&nbsp;&nbsp;__rt_entry_sh
</UL>

<P><STRONG><a name="[46]"></a>exit</STRONG> (Thumb, 18 bytes, Stack size 8 bytes, exit.o(.text))
<BR><BR>[Stack]<UL><LI>Max Depth = 8 + Unknown Stack Size
<LI>Call Chain = exit
</UL>
<BR>[Calls]<UL><LI><a href="#[68]">&gt;&gt;</a>&nbsp;&nbsp;&nbsp;__rt_exit
</UL>
<BR>[Called By]<UL><LI><a href="#[44]">&gt;&gt;</a>&nbsp;&nbsp;&nbsp;__rt_entry_main
</UL>

<P><STRONG><a name="[69]"></a>ADC_GetAdcValue</STRONG> (Thumb, 90 bytes, Stack size 16 bytes, adc.o(i.ADC_GetAdcValue))
<BR><BR>[Stack]<UL><LI>Max Depth = 28<LI>Call Chain = ADC_GetAdcValue &rArr; GPIO_PinFunction
</UL>
<BR>[Calls]<UL><LI><a href="#[6a]">&gt;&gt;</a>&nbsp;&nbsp;&nbsp;GPIO_PinFunction
<LI><a href="#[6b]">&gt;&gt;</a>&nbsp;&nbsp;&nbsp;DELAY_us
</UL>
<BR>[Called By]<UL><LI><a href="#[85]">&gt;&gt;</a>&nbsp;&nbsp;&nbsp;Read_ADCchannels
<LI><a href="#[de]">&gt;&gt;</a>&nbsp;&nbsp;&nbsp;LCD_ScrollDisplay
</UL>

<P><STRONG><a name="[6c]"></a>ADC_Init</STRONG> (Thumb, 44 bytes, Stack size 8 bytes, adc.o(i.ADC_Init))
<BR><BR>[Stack]<UL><LI>Max Depth = 8<LI>Call Chain = ADC_Init
</UL>
<BR>[Calls]<UL><LI><a href="#[6d]">&gt;&gt;</a>&nbsp;&nbsp;&nbsp;adc_GetPclk
</UL>
<BR>[Called By]<UL><LI><a href="#[bf]">&gt;&gt;</a>&nbsp;&nbsp;&nbsp;Initialize_ALL_Peripherals
</UL>

<P><STRONG><a name="[24]"></a>BOD_IRQHandler</STRONG> (Thumb, 2 bytes, Stack size 0 bytes, bod.o(i.BOD_IRQHandler))
<BR>[Address Reference Count : 1]<UL><LI> startup_lpc17xx.o(RESET)
</UL>
<P><STRONG><a name="[c2]"></a>BOD_Init</STRONG> (Thumb, 54 bytes, Stack size 0 bytes, bod.o(i.BOD_Init))
<BR><BR>[Called By]<UL><LI><a href="#[bf]">&gt;&gt;</a>&nbsp;&nbsp;&nbsp;Initialize_ALL_Peripherals
</UL>

<P><STRONG><a name="[6e]"></a>Buffer_Flush</STRONG> (Thumb, 18 bytes, Stack size 8 bytes, gprs.o(i.Buffer_Flush))
<BR><BR>[Stack]<UL><LI>Max Depth = 8<LI>Call Chain = Buffer_Flush
</UL>
<BR>[Calls]<UL><LI><a href="#[5e]">&gt;&gt;</a>&nbsp;&nbsp;&nbsp;__aeabi_memclr
</UL>
<BR>[Called By]<UL><LI><a href="#[a7]">&gt;&gt;</a>&nbsp;&nbsp;&nbsp;WaitForStatus200_302
<LI><a href="#[71]">&gt;&gt;</a>&nbsp;&nbsp;&nbsp;WaitForExpectedResponse
<LI><a href="#[9e]">&gt;&gt;</a>&nbsp;&nbsp;&nbsp;GSM_Msg_Read
</UL>

<P><STRONG><a name="[116]"></a>CLKPWR_ConfigPPWR</STRONG> (Thumb, 46 bytes, Stack size 0 bytes, lpc17xx_clkpwr.o(i.CLKPWR_ConfigPPWR))
<BR><BR>[Called By]<UL><LI><a href="#[c5]">&gt;&gt;</a>&nbsp;&nbsp;&nbsp;RTC_Init
</UL>

<P><STRONG><a name="[131]"></a>CLKPWR_SetPCLKDiv</STRONG> (Thumb, 94 bytes, Stack size 8 bytes, lpc17xx_clkpwr.o(i.CLKPWR_SetPCLKDiv))
<BR><BR>[Stack]<UL><LI>Max Depth = 8<LI>Call Chain = CLKPWR_SetPCLKDiv
</UL>
<BR>[Called By]<UL><LI><a href="#[c0]">&gt;&gt;</a>&nbsp;&nbsp;&nbsp;WDT_Init
<LI><a href="#[132]">&gt;&gt;</a>&nbsp;&nbsp;&nbsp;WDT_SetTimeOut
</UL>

<P><STRONG><a name="[6f]"></a>Check_LocalIP</STRONG> (Thumb, 38 bytes, Stack size 8 bytes, gprs.o(i.Check_LocalIP))
<BR><BR>[Stack]<UL><LI>Max Depth = 72<LI>Call Chain = Check_LocalIP &rArr; WaitForExpectedResponse &rArr; Start_Read_Response &rArr; Read_Response &rArr; strncmp
</UL>
<BR>[Calls]<UL><LI><a href="#[70]">&gt;&gt;</a>&nbsp;&nbsp;&nbsp;UART_TxString
<LI><a href="#[71]">&gt;&gt;</a>&nbsp;&nbsp;&nbsp;WaitForExpectedResponse
</UL>
<BR>[Called By]<UL><LI><a href="#[ac]">&gt;&gt;</a>&nbsp;&nbsp;&nbsp;PackOffLog
<LI><a href="#[11d]">&gt;&gt;</a>&nbsp;&nbsp;&nbsp;SendingLog
<LI><a href="#[107]">&gt;&gt;</a>&nbsp;&nbsp;&nbsp;PacketLog
</UL>

<P><STRONG><a name="[72]"></a>Check_QIState</STRONG> (Thumb, 38 bytes, Stack size 8 bytes, gprs.o(i.Check_QIState))
<BR><BR>[Stack]<UL><LI>Max Depth = 72<LI>Call Chain = Check_QIState &rArr; WaitForExpectedResponse &rArr; Start_Read_Response &rArr; Read_Response &rArr; strncmp
</UL>
<BR>[Calls]<UL><LI><a href="#[70]">&gt;&gt;</a>&nbsp;&nbsp;&nbsp;UART_TxString
<LI><a href="#[71]">&gt;&gt;</a>&nbsp;&nbsp;&nbsp;WaitForExpectedResponse
</UL>
<BR>[Called By]<UL><LI><a href="#[e8]">&gt;&gt;</a>&nbsp;&nbsp;&nbsp;sampleTestlog
<LI><a href="#[107]">&gt;&gt;</a>&nbsp;&nbsp;&nbsp;PacketLog
</UL>

<P><STRONG><a name="[73]"></a>Config_Module_for_RI_Interrupt</STRONG> (Thumb, 178 bytes, Stack size 8 bytes, gprs.o(i.Config_Module_for_RI_Interrupt))
<BR><BR>[Stack]<UL><LI>Max Depth = 72<LI>Call Chain = Config_Module_for_RI_Interrupt &rArr; WaitForExpectedResponse &rArr; Start_Read_Response &rArr; Read_Response &rArr; strncmp
</UL>
<BR>[Calls]<UL><LI><a href="#[74]">&gt;&gt;</a>&nbsp;&nbsp;&nbsp;WDT_Feed
<LI><a href="#[70]">&gt;&gt;</a>&nbsp;&nbsp;&nbsp;UART_TxString
<LI><a href="#[71]">&gt;&gt;</a>&nbsp;&nbsp;&nbsp;WaitForExpectedResponse
<LI><a href="#[75]">&gt;&gt;</a>&nbsp;&nbsp;&nbsp;DELAY_ms
</UL>
<BR>[Called By]<UL><LI><a href="#[45]">&gt;&gt;</a>&nbsp;&nbsp;&nbsp;main
</UL>

<P><STRONG><a name="[76]"></a>Configure_GPIO_Peripherals</STRONG> (Thumb, 124 bytes, Stack size 8 bytes, main.o(i.Configure_GPIO_Peripherals))
<BR><BR>[Stack]<UL><LI>Max Depth = 28<LI>Call Chain = Configure_GPIO_Peripherals &rArr; set_ResistorMode
</UL>
<BR>[Calls]<UL><LI><a href="#[78]">&gt;&gt;</a>&nbsp;&nbsp;&nbsp;set_ResistorMode
<LI><a href="#[79]">&gt;&gt;</a>&nbsp;&nbsp;&nbsp;set_OpenDrainMode
<LI><a href="#[77]">&gt;&gt;</a>&nbsp;&nbsp;&nbsp;GPIO_PinDirection
<LI><a href="#[6a]">&gt;&gt;</a>&nbsp;&nbsp;&nbsp;GPIO_PinFunction
</UL>
<BR>[Called By]<UL><LI><a href="#[45]">&gt;&gt;</a>&nbsp;&nbsp;&nbsp;main
</UL>

<P><STRONG><a name="[7a]"></a>Createlog</STRONG> (Thumb, 158 bytes, Stack size 16 bytes, mmc_176x_ssp.o(i.Createlog))
<BR><BR>[Stack]<UL><LI>Max Depth = 580<LI>Call Chain = Createlog &rArr; f_open &rArr; mount_volume &rArr; disk_ioctl &rArr; disk_ioctl_MMC_SD &rArr;  disk_ioctl_MMC_SD (Cycle)
</UL>
<BR>[Calls]<UL><LI><a href="#[7d]">&gt;&gt;</a>&nbsp;&nbsp;&nbsp;UART_Printf
<LI><a href="#[81]">&gt;&gt;</a>&nbsp;&nbsp;&nbsp;f_puts
<LI><a href="#[7e]">&gt;&gt;</a>&nbsp;&nbsp;&nbsp;f_open
<LI><a href="#[7c]">&gt;&gt;</a>&nbsp;&nbsp;&nbsp;f_mount
<LI><a href="#[7f]">&gt;&gt;</a>&nbsp;&nbsp;&nbsp;f_lseek
<LI><a href="#[80]">&gt;&gt;</a>&nbsp;&nbsp;&nbsp;f_close
<LI><a href="#[82]">&gt;&gt;</a>&nbsp;&nbsp;&nbsp;SysTick_Stop
<LI><a href="#[7b]">&gt;&gt;</a>&nbsp;&nbsp;&nbsp;SysTick_Start
</UL>
<BR>[Called By]<UL><LI><a href="#[ff]">&gt;&gt;</a>&nbsp;&nbsp;&nbsp;modemCheck_initialization
<LI><a href="#[ee]">&gt;&gt;</a>&nbsp;&nbsp;&nbsp;MODEMGetSignalStrength
<LI><a href="#[a3]">&gt;&gt;</a>&nbsp;&nbsp;&nbsp;HTTP_Post
<LI><a href="#[9c]">&gt;&gt;</a>&nbsp;&nbsp;&nbsp;GSM_Msg_Display
<LI><a href="#[11d]">&gt;&gt;</a>&nbsp;&nbsp;&nbsp;SendingLog
<LI><a href="#[107]">&gt;&gt;</a>&nbsp;&nbsp;&nbsp;PacketLog
<LI><a href="#[45]">&gt;&gt;</a>&nbsp;&nbsp;&nbsp;main
</UL>

<P><STRONG><a name="[75]"></a>DELAY_ms</STRONG> (Thumb, 24 bytes, Stack size 12 bytes, delay.o(i.DELAY_ms))
<BR><BR>[Stack]<UL><LI>Max Depth = 12<LI>Call Chain = DELAY_ms
</UL>
<BR>[Calls]<UL><LI><a href="#[6b]">&gt;&gt;</a>&nbsp;&nbsp;&nbsp;DELAY_us
</UL>
<BR>[Called By]<UL><LI><a href="#[1b6]">&gt;&gt;</a>&nbsp;&nbsp;&nbsp;smsUpdateConfig
<LI><a href="#[8e]">&gt;&gt;</a>&nbsp;&nbsp;&nbsp;EEPROM_WriteByte
<LI><a href="#[aa]">&gt;&gt;</a>&nbsp;&nbsp;&nbsp;startModule_vREG
<LI><a href="#[10e]">&gt;&gt;</a>&nbsp;&nbsp;&nbsp;readSMS
<LI><a href="#[ff]">&gt;&gt;</a>&nbsp;&nbsp;&nbsp;modemCheck_initialization
<LI><a href="#[134]">&gt;&gt;</a>&nbsp;&nbsp;&nbsp;Wait_Till_SimModule_Communication
<LI><a href="#[a7]">&gt;&gt;</a>&nbsp;&nbsp;&nbsp;WaitForStatus200_302
<LI><a href="#[71]">&gt;&gt;</a>&nbsp;&nbsp;&nbsp;WaitForExpectedResponse
<LI><a href="#[a8]">&gt;&gt;</a>&nbsp;&nbsp;&nbsp;ShutDownModule
<LI><a href="#[10d]">&gt;&gt;</a>&nbsp;&nbsp;&nbsp;SMS_READ_Setting
<LI><a href="#[118]">&gt;&gt;</a>&nbsp;&nbsp;&nbsp;Read_Response
<LI><a href="#[101]">&gt;&gt;</a>&nbsp;&nbsp;&nbsp;ReadNavigation
<LI><a href="#[112]">&gt;&gt;</a>&nbsp;&nbsp;&nbsp;Query_NetworkRegistration
<LI><a href="#[ac]">&gt;&gt;</a>&nbsp;&nbsp;&nbsp;PackOffLog
<LI><a href="#[103]">&gt;&gt;</a>&nbsp;&nbsp;&nbsp;Module_sleep_mode
<LI><a href="#[102]">&gt;&gt;</a>&nbsp;&nbsp;&nbsp;Module_awakeup_mode
<LI><a href="#[ab]">&gt;&gt;</a>&nbsp;&nbsp;&nbsp;Module_Power_Initializing
<LI><a href="#[fc]">&gt;&gt;</a>&nbsp;&nbsp;&nbsp;Module_PowerOff
<LI><a href="#[f1]">&gt;&gt;</a>&nbsp;&nbsp;&nbsp;MODEM_SetPhoneFunctionality
<LI><a href="#[ca]">&gt;&gt;</a>&nbsp;&nbsp;&nbsp;MODEM_CheckAttention
<LI><a href="#[ee]">&gt;&gt;</a>&nbsp;&nbsp;&nbsp;MODEMGetSignalStrength
<LI><a href="#[ed]">&gt;&gt;</a>&nbsp;&nbsp;&nbsp;MODEMGetIMEI
<LI><a href="#[ec]">&gt;&gt;</a>&nbsp;&nbsp;&nbsp;MODEMGetAPN
<LI><a href="#[c8]">&gt;&gt;</a>&nbsp;&nbsp;&nbsp;Initialize_SIM_1
<LI><a href="#[a3]">&gt;&gt;</a>&nbsp;&nbsp;&nbsp;HTTP_Post
<LI><a href="#[9f]">&gt;&gt;</a>&nbsp;&nbsp;&nbsp;GSM_Send_Msg
<LI><a href="#[9e]">&gt;&gt;</a>&nbsp;&nbsp;&nbsp;GSM_Msg_Read
<LI><a href="#[9c]">&gt;&gt;</a>&nbsp;&nbsp;&nbsp;GSM_Msg_Display
<LI><a href="#[96]">&gt;&gt;</a>&nbsp;&nbsp;&nbsp;GNSS_Connect
<LI><a href="#[73]">&gt;&gt;</a>&nbsp;&nbsp;&nbsp;Config_Module_for_RI_Interrupt
<LI><a href="#[83]">&gt;&gt;</a>&nbsp;&nbsp;&nbsp;DELAY_sec
<LI><a href="#[85]">&gt;&gt;</a>&nbsp;&nbsp;&nbsp;Read_ADCchannels
<LI><a href="#[c4]">&gt;&gt;</a>&nbsp;&nbsp;&nbsp;lcd_enable
<LI><a href="#[110]">&gt;&gt;</a>&nbsp;&nbsp;&nbsp;Progress_displayName
<LI><a href="#[db]">&gt;&gt;</a>&nbsp;&nbsp;&nbsp;LCD_Init
<LI><a href="#[dc]">&gt;&gt;</a>&nbsp;&nbsp;&nbsp;lcd_Reset
<LI><a href="#[cd]">&gt;&gt;</a>&nbsp;&nbsp;&nbsp;lcd_BusyCheck
<LI><a href="#[12c]">&gt;&gt;</a>&nbsp;&nbsp;&nbsp;copy
<LI><a href="#[12a]">&gt;&gt;</a>&nbsp;&nbsp;&nbsp;USB_INITIALIZATION
<LI><a href="#[e8]">&gt;&gt;</a>&nbsp;&nbsp;&nbsp;sampleTestlog
<LI><a href="#[ea]">&gt;&gt;</a>&nbsp;&nbsp;&nbsp;USB
<LI><a href="#[de]">&gt;&gt;</a>&nbsp;&nbsp;&nbsp;LCD_ScrollDisplay
<LI><a href="#[11d]">&gt;&gt;</a>&nbsp;&nbsp;&nbsp;SendingLog
<LI><a href="#[107]">&gt;&gt;</a>&nbsp;&nbsp;&nbsp;PacketLog
<LI><a href="#[11e]">&gt;&gt;</a>&nbsp;&nbsp;&nbsp;retrylog
<LI><a href="#[45]">&gt;&gt;</a>&nbsp;&nbsp;&nbsp;main
</UL>

<P><STRONG><a name="[83]"></a>DELAY_sec</STRONG> (Thumb, 24 bytes, Stack size 12 bytes, delay.o(i.DELAY_sec))
<BR><BR>[Stack]<UL><LI>Max Depth = 24<LI>Call Chain = DELAY_sec &rArr; DELAY_ms
</UL>
<BR>[Calls]<UL><LI><a href="#[75]">&gt;&gt;</a>&nbsp;&nbsp;&nbsp;DELAY_ms
</UL>
<BR>[Called By]<UL><LI><a href="#[f1]">&gt;&gt;</a>&nbsp;&nbsp;&nbsp;MODEM_SetPhoneFunctionality
</UL>

<P><STRONG><a name="[6b]"></a>DELAY_us</STRONG> (Thumb, 26 bytes, Stack size 0 bytes, delay.o(i.DELAY_us))
<BR><BR>[Called By]<UL><LI><a href="#[88]">&gt;&gt;</a>&nbsp;&nbsp;&nbsp;EEPROM_ReadByte
<LI><a href="#[75]">&gt;&gt;</a>&nbsp;&nbsp;&nbsp;DELAY_ms
<LI><a href="#[69]">&gt;&gt;</a>&nbsp;&nbsp;&nbsp;ADC_GetAdcValue
<LI><a href="#[1a4]">&gt;&gt;</a>&nbsp;&nbsp;&nbsp;lcd_SendDataSignals
<LI><a href="#[d0]">&gt;&gt;</a>&nbsp;&nbsp;&nbsp;lcd_SendCmdSignals
<LI><a href="#[dc]">&gt;&gt;</a>&nbsp;&nbsp;&nbsp;lcd_Reset
<LI><a href="#[cd]">&gt;&gt;</a>&nbsp;&nbsp;&nbsp;lcd_BusyCheck
<LI><a href="#[121]">&gt;&gt;</a>&nbsp;&nbsp;&nbsp;softI2c_Clock
<LI><a href="#[8c]">&gt;&gt;</a>&nbsp;&nbsp;&nbsp;SoftI2C_Stop
<LI><a href="#[89]">&gt;&gt;</a>&nbsp;&nbsp;&nbsp;SoftI2C_Start
<LI><a href="#[8b]">&gt;&gt;</a>&nbsp;&nbsp;&nbsp;SoftI2C_Read
</UL>

<P><STRONG><a name="[84]"></a>DL_Status</STRONG> (Thumb, 130 bytes, Stack size 64 bytes, log.o(i.DL_Status))
<BR><BR>[Stack]<UL><LI>Max Depth = 224 + Unknown Stack Size
<LI>Call Chain = DL_Status &rArr; Read_ADCchannels &rArr; UART_Printf &rArr; UART_TxFloatNumber &rArr; UART_TxNumber
</UL>
<BR>[Calls]<UL><LI><a href="#[70]">&gt;&gt;</a>&nbsp;&nbsp;&nbsp;UART_TxString
<LI><a href="#[7d]">&gt;&gt;</a>&nbsp;&nbsp;&nbsp;UART_Printf
<LI><a href="#[85]">&gt;&gt;</a>&nbsp;&nbsp;&nbsp;Read_ADCchannels
<LI><a href="#[5e]">&gt;&gt;</a>&nbsp;&nbsp;&nbsp;__aeabi_memclr
<LI><a href="#[4b]">&gt;&gt;</a>&nbsp;&nbsp;&nbsp;__2sprintf
</UL>
<BR>[Called By]<UL><LI><a href="#[10e]">&gt;&gt;</a>&nbsp;&nbsp;&nbsp;readSMS
</UL>

<P><STRONG><a name="[86]"></a>EEPROM_Init</STRONG> (Thumb, 22 bytes, Stack size 16 bytes, eeprom.o(i.EEPROM_Init))
<BR><BR>[Stack]<UL><LI>Max Depth = 44<LI>Call Chain = EEPROM_Init &rArr; SoftI2C_Init &rArr; GPIO_PinDirection
</UL>
<BR>[Calls]<UL><LI><a href="#[87]">&gt;&gt;</a>&nbsp;&nbsp;&nbsp;SoftI2C_Init
</UL>
<BR>[Called By]<UL><LI><a href="#[bf]">&gt;&gt;</a>&nbsp;&nbsp;&nbsp;Initialize_ALL_Peripherals
</UL>

<P><STRONG><a name="[88]"></a>EEPROM_ReadByte</STRONG> (Thumb, 116 bytes, Stack size 32 bytes, eeprom.o(i.EEPROM_ReadByte))
<BR><BR>[Stack]<UL><LI>Max Depth = 76<LI>Call Chain = EEPROM_ReadByte &rArr; SoftI2C_Read &rArr; softI2c_NoAck &rArr; softI2c_Clock &rArr; GPIO_PinWrite
</UL>
<BR>[Calls]<UL><LI><a href="#[6b]">&gt;&gt;</a>&nbsp;&nbsp;&nbsp;DELAY_us
<LI><a href="#[8a]">&gt;&gt;</a>&nbsp;&nbsp;&nbsp;SoftI2C_Write
<LI><a href="#[8c]">&gt;&gt;</a>&nbsp;&nbsp;&nbsp;SoftI2C_Stop
<LI><a href="#[89]">&gt;&gt;</a>&nbsp;&nbsp;&nbsp;SoftI2C_Start
<LI><a href="#[8b]">&gt;&gt;</a>&nbsp;&nbsp;&nbsp;SoftI2C_Read
</UL>
<BR>[Called By]<UL><LI><a href="#[8d]">&gt;&gt;</a>&nbsp;&nbsp;&nbsp;EEPROM_ReadString
<LI><a href="#[10e]">&gt;&gt;</a>&nbsp;&nbsp;&nbsp;readSMS
<LI><a href="#[45]">&gt;&gt;</a>&nbsp;&nbsp;&nbsp;main
</UL>

<P><STRONG><a name="[8d]"></a>EEPROM_ReadString</STRONG> (Thumb, 28 bytes, Stack size 16 bytes, eeprom.o(i.EEPROM_ReadString))
<BR><BR>[Stack]<UL><LI>Max Depth = 92<LI>Call Chain = EEPROM_ReadString &rArr; EEPROM_ReadByte &rArr; SoftI2C_Read &rArr; softI2c_NoAck &rArr; softI2c_Clock &rArr; GPIO_PinWrite
</UL>
<BR>[Calls]<UL><LI><a href="#[88]">&gt;&gt;</a>&nbsp;&nbsp;&nbsp;EEPROM_ReadByte
</UL>
<BR>[Called By]<UL><LI><a href="#[10e]">&gt;&gt;</a>&nbsp;&nbsp;&nbsp;readSMS
</UL>

<P><STRONG><a name="[8e]"></a>EEPROM_WriteByte</STRONG> (Thumb, 98 bytes, Stack size 32 bytes, eeprom.o(i.EEPROM_WriteByte))
<BR><BR>[Stack]<UL><LI>Max Depth = 68<LI>Call Chain = EEPROM_WriteByte &rArr; SoftI2C_Write &rArr; softI2c_Clock &rArr; GPIO_PinWrite
</UL>
<BR>[Calls]<UL><LI><a href="#[75]">&gt;&gt;</a>&nbsp;&nbsp;&nbsp;DELAY_ms
<LI><a href="#[8a]">&gt;&gt;</a>&nbsp;&nbsp;&nbsp;SoftI2C_Write
<LI><a href="#[8c]">&gt;&gt;</a>&nbsp;&nbsp;&nbsp;SoftI2C_Stop
<LI><a href="#[89]">&gt;&gt;</a>&nbsp;&nbsp;&nbsp;SoftI2C_Start
</UL>
<BR>[Called By]<UL><LI><a href="#[8f]">&gt;&gt;</a>&nbsp;&nbsp;&nbsp;EEPROM_WriteString
<LI><a href="#[10e]">&gt;&gt;</a>&nbsp;&nbsp;&nbsp;readSMS
<LI><a href="#[45]">&gt;&gt;</a>&nbsp;&nbsp;&nbsp;main
</UL>

<P><STRONG><a name="[8f]"></a>EEPROM_WriteString</STRONG> (Thumb, 30 bytes, Stack size 16 bytes, eeprom.o(i.EEPROM_WriteString))
<BR><BR>[Stack]<UL><LI>Max Depth = 84<LI>Call Chain = EEPROM_WriteString &rArr; EEPROM_WriteByte &rArr; SoftI2C_Write &rArr; softI2c_Clock &rArr; GPIO_PinWrite
</UL>
<BR>[Calls]<UL><LI><a href="#[8e]">&gt;&gt;</a>&nbsp;&nbsp;&nbsp;EEPROM_WriteByte
</UL>
<BR>[Called By]<UL><LI><a href="#[10e]">&gt;&gt;</a>&nbsp;&nbsp;&nbsp;readSMS
</UL>

<P><STRONG><a name="[1f]"></a>EINT0_IRQHandler</STRONG> (Thumb, 30 bytes, Stack size 8 bytes, extintr.o(i.EINT0_IRQHandler))
<BR><BR>[Stack]<UL><LI>Max Depth = 8<LI>Call Chain = EINT0_IRQHandler
</UL>
<BR>[Address Reference Count : 1]<UL><LI> startup_lpc17xx.o(RESET)
</UL>
<P><STRONG><a name="[20]"></a>EINT1_IRQHandler</STRONG> (Thumb, 30 bytes, Stack size 8 bytes, extintr.o(i.EINT1_IRQHandler))
<BR><BR>[Stack]<UL><LI>Max Depth = 8<LI>Call Chain = EINT1_IRQHandler
</UL>
<BR>[Address Reference Count : 1]<UL><LI> startup_lpc17xx.o(RESET)
</UL>
<P><STRONG><a name="[21]"></a>EINT2_IRQHandler</STRONG> (Thumb, 30 bytes, Stack size 8 bytes, extintr.o(i.EINT2_IRQHandler))
<BR><BR>[Stack]<UL><LI>Max Depth = 8<LI>Call Chain = EINT2_IRQHandler
</UL>
<BR>[Address Reference Count : 1]<UL><LI> startup_lpc17xx.o(RESET)
</UL>
<P><STRONG><a name="[22]"></a>EINT3_IRQHandler</STRONG> (Thumb, 30 bytes, Stack size 8 bytes, extintr.o(i.EINT3_IRQHandler))
<BR><BR>[Stack]<UL><LI>Max Depth = 8<LI>Call Chain = EINT3_IRQHandler
</UL>
<BR>[Address Reference Count : 1]<UL><LI> startup_lpc17xx.o(RESET)
</UL>
<P><STRONG><a name="[90]"></a>EINT_AttachInterrupt</STRONG> (Thumb, 240 bytes, Stack size 16 bytes, extintr.o(i.EINT_AttachInterrupt))
<BR><BR>[Stack]<UL><LI>Max Depth = 28<LI>Call Chain = EINT_AttachInterrupt &rArr; GPIO_PinFunction
</UL>
<BR>[Calls]<UL><LI><a href="#[6a]">&gt;&gt;</a>&nbsp;&nbsp;&nbsp;GPIO_PinFunction
</UL>
<BR>[Called By]<UL><LI><a href="#[de]">&gt;&gt;</a>&nbsp;&nbsp;&nbsp;LCD_ScrollDisplay
<LI><a href="#[45]">&gt;&gt;</a>&nbsp;&nbsp;&nbsp;main
</UL>

<P><STRONG><a name="[91]"></a>EINT_DetachInterrupt</STRONG> (Thumb, 32 bytes, Stack size 8 bytes, extintr.o(i.EINT_DetachInterrupt))
<BR><BR>[Stack]<UL><LI>Max Depth = 20<LI>Call Chain = EINT_DetachInterrupt &rArr; GPIO_PinFunction
</UL>
<BR>[Calls]<UL><LI><a href="#[6a]">&gt;&gt;</a>&nbsp;&nbsp;&nbsp;GPIO_PinFunction
</UL>
<BR>[Called By]<UL><LI><a href="#[de]">&gt;&gt;</a>&nbsp;&nbsp;&nbsp;LCD_ScrollDisplay
<LI><a href="#[45]">&gt;&gt;</a>&nbsp;&nbsp;&nbsp;main
</UL>

<P><STRONG><a name="[172]"></a>FSUSB_DiskReadyWait</STRONG> (Thumb, 26 bytes, Stack size 8 bytes, usbhost_ms.o(i.FSUSB_DiskReadyWait))
<BR><BR>[Stack]<UL><LI>Max Depth = 8<LI>Call Chain = FSUSB_DiskReadyWait
</UL>
<BR>[Called By]<UL><LI><a href="#[16d]">&gt;&gt;</a>&nbsp;&nbsp;&nbsp;disk_ioctl_USB
</UL>

<P><STRONG><a name="[92]"></a>Fill_MSCommand</STRONG> (Thumb, 186 bytes, Stack size 40 bytes, usbhost_ms.o(i.Fill_MSCommand))
<BR><BR>[Stack]<UL><LI>Max Depth = 52<LI>Call Chain = Fill_MSCommand &rArr; WriteLE32U
</UL>
<BR>[Calls]<UL><LI><a href="#[93]">&gt;&gt;</a>&nbsp;&nbsp;&nbsp;WriteLE32U
<LI><a href="#[94]">&gt;&gt;</a>&nbsp;&nbsp;&nbsp;WriteBE32U
<LI><a href="#[95]">&gt;&gt;</a>&nbsp;&nbsp;&nbsp;WriteBE16U
</UL>
<BR>[Called By]<UL><LI><a href="#[f7]">&gt;&gt;</a>&nbsp;&nbsp;&nbsp;MS_TestUnitReady
<LI><a href="#[f8]">&gt;&gt;</a>&nbsp;&nbsp;&nbsp;MS_ReadCapacity
<LI><a href="#[f9]">&gt;&gt;</a>&nbsp;&nbsp;&nbsp;MS_Inquire
<LI><a href="#[f5]">&gt;&gt;</a>&nbsp;&nbsp;&nbsp;MS_GetSenseInfo
<LI><a href="#[f3]">&gt;&gt;</a>&nbsp;&nbsp;&nbsp;MS_BulkSend
<LI><a href="#[f2]">&gt;&gt;</a>&nbsp;&nbsp;&nbsp;MS_BulkRecv
</UL>

<P><STRONG><a name="[96]"></a>GNSS_Connect</STRONG> (Thumb, 112 bytes, Stack size 16 bytes, gprs.o(i.GNSS_Connect))
<BR><BR>[Stack]<UL><LI>Max Depth = 96<LI>Call Chain = GNSS_Connect &rArr; SendATandExpectResponse &rArr; WaitForExpectedResponse &rArr; Start_Read_Response &rArr; Read_Response &rArr; strncmp
</UL>
<BR>[Calls]<UL><LI><a href="#[74]">&gt;&gt;</a>&nbsp;&nbsp;&nbsp;WDT_Feed
<LI><a href="#[70]">&gt;&gt;</a>&nbsp;&nbsp;&nbsp;UART_TxString
<LI><a href="#[71]">&gt;&gt;</a>&nbsp;&nbsp;&nbsp;WaitForExpectedResponse
<LI><a href="#[97]">&gt;&gt;</a>&nbsp;&nbsp;&nbsp;SendATandExpectResponse
<LI><a href="#[75]">&gt;&gt;</a>&nbsp;&nbsp;&nbsp;DELAY_ms
</UL>
<BR>[Called By]<UL><LI><a href="#[fe]">&gt;&gt;</a>&nbsp;&nbsp;&nbsp;modem_initialization
<LI><a href="#[ab]">&gt;&gt;</a>&nbsp;&nbsp;&nbsp;Module_Power_Initializing
<LI><a href="#[99]">&gt;&gt;</a>&nbsp;&nbsp;&nbsp;GPS_INITIALIZE
</UL>

<P><STRONG><a name="[98]"></a>GNSS_PowerOff</STRONG> (Thumb, 38 bytes, Stack size 8 bytes, gprs.o(i.GNSS_PowerOff))
<BR><BR>[Stack]<UL><LI>Max Depth = 72<LI>Call Chain = GNSS_PowerOff &rArr; WaitForExpectedResponse &rArr; Start_Read_Response &rArr; Read_Response &rArr; strncmp
</UL>
<BR>[Calls]<UL><LI><a href="#[70]">&gt;&gt;</a>&nbsp;&nbsp;&nbsp;UART_TxString
<LI><a href="#[71]">&gt;&gt;</a>&nbsp;&nbsp;&nbsp;WaitForExpectedResponse
</UL>
<BR>[Called By]<UL><LI><a href="#[ab]">&gt;&gt;</a>&nbsp;&nbsp;&nbsp;Module_Power_Initializing
</UL>

<P><STRONG><a name="[77]"></a>GPIO_PinDirection</STRONG> (Thumb, 46 bytes, Stack size 12 bytes, gpio.o(i.GPIO_PinDirection))
<BR><BR>[Stack]<UL><LI>Max Depth = 12<LI>Call Chain = GPIO_PinDirection
</UL>
<BR>[Called By]<UL><LI><a href="#[c3]">&gt;&gt;</a>&nbsp;&nbsp;&nbsp;LCD_SetUp
<LI><a href="#[cd]">&gt;&gt;</a>&nbsp;&nbsp;&nbsp;lcd_BusyCheck
<LI><a href="#[de]">&gt;&gt;</a>&nbsp;&nbsp;&nbsp;LCD_ScrollDisplay
<LI><a href="#[8b]">&gt;&gt;</a>&nbsp;&nbsp;&nbsp;SoftI2C_Read
<LI><a href="#[87]">&gt;&gt;</a>&nbsp;&nbsp;&nbsp;SoftI2C_Init
<LI><a href="#[76]">&gt;&gt;</a>&nbsp;&nbsp;&nbsp;Configure_GPIO_Peripherals
</UL>

<P><STRONG><a name="[6a]"></a>GPIO_PinFunction</STRONG> (Thumb, 68 bytes, Stack size 12 bytes, gpio.o(i.GPIO_PinFunction))
<BR><BR>[Stack]<UL><LI>Max Depth = 12<LI>Call Chain = GPIO_PinFunction
</UL>
<BR>[Called By]<UL><LI><a href="#[91]">&gt;&gt;</a>&nbsp;&nbsp;&nbsp;EINT_DetachInterrupt
<LI><a href="#[90]">&gt;&gt;</a>&nbsp;&nbsp;&nbsp;EINT_AttachInterrupt
<LI><a href="#[69]">&gt;&gt;</a>&nbsp;&nbsp;&nbsp;ADC_GetAdcValue
<LI><a href="#[de]">&gt;&gt;</a>&nbsp;&nbsp;&nbsp;LCD_ScrollDisplay
<LI><a href="#[c7]">&gt;&gt;</a>&nbsp;&nbsp;&nbsp;UART_Init
<LI><a href="#[76]">&gt;&gt;</a>&nbsp;&nbsp;&nbsp;Configure_GPIO_Peripherals
</UL>

<P><STRONG><a name="[e7]"></a>GPIO_PinRead</STRONG> (Thumb, 42 bytes, Stack size 12 bytes, gpio.o(i.GPIO_PinRead))
<BR><BR>[Stack]<UL><LI>Max Depth = 12<LI>Call Chain = GPIO_PinRead
</UL>
<BR>[Called By]<UL><LI><a href="#[cd]">&gt;&gt;</a>&nbsp;&nbsp;&nbsp;lcd_BusyCheck
<LI><a href="#[de]">&gt;&gt;</a>&nbsp;&nbsp;&nbsp;LCD_ScrollDisplay
<LI><a href="#[8b]">&gt;&gt;</a>&nbsp;&nbsp;&nbsp;SoftI2C_Read
</UL>

<P><STRONG><a name="[c9]"></a>GPIO_PinWrite</STRONG> (Thumb, 46 bytes, Stack size 12 bytes, gpio.o(i.GPIO_PinWrite))
<BR><BR>[Stack]<UL><LI>Max Depth = 12<LI>Call Chain = GPIO_PinWrite
</UL>
<BR>[Called By]<UL><LI><a href="#[aa]">&gt;&gt;</a>&nbsp;&nbsp;&nbsp;startModule_vREG
<LI><a href="#[a8]">&gt;&gt;</a>&nbsp;&nbsp;&nbsp;ShutDownModule
<LI><a href="#[103]">&gt;&gt;</a>&nbsp;&nbsp;&nbsp;Module_sleep_mode
<LI><a href="#[102]">&gt;&gt;</a>&nbsp;&nbsp;&nbsp;Module_awakeup_mode
<LI><a href="#[c8]">&gt;&gt;</a>&nbsp;&nbsp;&nbsp;Initialize_SIM_1
<LI><a href="#[c4]">&gt;&gt;</a>&nbsp;&nbsp;&nbsp;lcd_enable
<LI><a href="#[ce]">&gt;&gt;</a>&nbsp;&nbsp;&nbsp;lcd_SendLowerNibble
<LI><a href="#[cf]">&gt;&gt;</a>&nbsp;&nbsp;&nbsp;lcd_SendHigherNibble
<LI><a href="#[1a4]">&gt;&gt;</a>&nbsp;&nbsp;&nbsp;lcd_SendDataSignals
<LI><a href="#[d0]">&gt;&gt;</a>&nbsp;&nbsp;&nbsp;lcd_SendCmdSignals
<LI><a href="#[cd]">&gt;&gt;</a>&nbsp;&nbsp;&nbsp;lcd_BusyCheck
<LI><a href="#[12a]">&gt;&gt;</a>&nbsp;&nbsp;&nbsp;USB_INITIALIZATION
<LI><a href="#[120]">&gt;&gt;</a>&nbsp;&nbsp;&nbsp;softI2c_NoAck
<LI><a href="#[121]">&gt;&gt;</a>&nbsp;&nbsp;&nbsp;softI2c_Clock
<LI><a href="#[11f]">&gt;&gt;</a>&nbsp;&nbsp;&nbsp;softI2c_Ack
<LI><a href="#[8a]">&gt;&gt;</a>&nbsp;&nbsp;&nbsp;SoftI2C_Write
<LI><a href="#[8c]">&gt;&gt;</a>&nbsp;&nbsp;&nbsp;SoftI2C_Stop
<LI><a href="#[89]">&gt;&gt;</a>&nbsp;&nbsp;&nbsp;SoftI2C_Start
<LI><a href="#[8b]">&gt;&gt;</a>&nbsp;&nbsp;&nbsp;SoftI2C_Read
</UL>

<P><STRONG><a name="[99]"></a>GPS_INITIALIZE</STRONG> (Thumb, 82 bytes, Stack size 8 bytes, gprs.o(i.GPS_INITIALIZE))
<BR><BR>[Stack]<UL><LI>Max Depth = 104<LI>Call Chain = GPS_INITIALIZE &rArr; GNSS_Connect &rArr; SendATandExpectResponse &rArr; WaitForExpectedResponse &rArr; Start_Read_Response &rArr; Read_Response &rArr; strncmp
</UL>
<BR>[Calls]<UL><LI><a href="#[70]">&gt;&gt;</a>&nbsp;&nbsp;&nbsp;UART_TxString
<LI><a href="#[71]">&gt;&gt;</a>&nbsp;&nbsp;&nbsp;WaitForExpectedResponse
<LI><a href="#[96]">&gt;&gt;</a>&nbsp;&nbsp;&nbsp;GNSS_Connect
</UL>
<BR>[Called By]<UL><LI><a href="#[c8]">&gt;&gt;</a>&nbsp;&nbsp;&nbsp;Initialize_SIM_1
</UL>

<P><STRONG><a name="[9a]"></a>GSM_Delete_All_Msg</STRONG> (Thumb, 38 bytes, Stack size 8 bytes, gprs.o(i.GSM_Delete_All_Msg))
<BR><BR>[Stack]<UL><LI>Max Depth = 72<LI>Call Chain = GSM_Delete_All_Msg &rArr; WaitForExpectedResponse &rArr; Start_Read_Response &rArr; Read_Response &rArr; strncmp
</UL>
<BR>[Calls]<UL><LI><a href="#[70]">&gt;&gt;</a>&nbsp;&nbsp;&nbsp;UART_TxString
<LI><a href="#[71]">&gt;&gt;</a>&nbsp;&nbsp;&nbsp;WaitForExpectedResponse
</UL>
<BR>[Called By]<UL><LI><a href="#[10e]">&gt;&gt;</a>&nbsp;&nbsp;&nbsp;readSMS
<LI><a href="#[45]">&gt;&gt;</a>&nbsp;&nbsp;&nbsp;main
</UL>

<P><STRONG><a name="[9b]"></a>GSM_Msg_Delete</STRONG> (Thumb, 60 bytes, Stack size 32 bytes, gprs.o(i.GSM_Msg_Delete))
<BR><BR>[Stack]<UL><LI>Max Depth = 168 + Unknown Stack Size
<LI>Call Chain = GSM_Msg_Delete &rArr; __2sprintf &rArr; _printf_char_common &rArr; __printf
</UL>
<BR>[Calls]<UL><LI><a href="#[70]">&gt;&gt;</a>&nbsp;&nbsp;&nbsp;UART_TxString
<LI><a href="#[71]">&gt;&gt;</a>&nbsp;&nbsp;&nbsp;WaitForExpectedResponse
<LI><a href="#[4b]">&gt;&gt;</a>&nbsp;&nbsp;&nbsp;__2sprintf
</UL>
<BR>[Called By]<UL><LI><a href="#[10e]">&gt;&gt;</a>&nbsp;&nbsp;&nbsp;readSMS
</UL>

<P><STRONG><a name="[9c]"></a>GSM_Msg_Display</STRONG> (Thumb, 424 bytes, Stack size 16 bytes, gprs.o(i.GSM_Msg_Display))
<BR><BR>[Stack]<UL><LI>Max Depth = 596 + Unknown Stack Size
<LI>Call Chain = GSM_Msg_Display &rArr; Createlog &rArr; f_open &rArr; mount_volume &rArr; disk_ioctl &rArr; disk_ioctl_MMC_SD &rArr;  disk_ioctl_MMC_SD (Cycle)
</UL>
<BR>[Calls]<UL><LI><a href="#[74]">&gt;&gt;</a>&nbsp;&nbsp;&nbsp;WDT_Feed
<LI><a href="#[70]">&gt;&gt;</a>&nbsp;&nbsp;&nbsp;UART_TxString
<LI><a href="#[7a]">&gt;&gt;</a>&nbsp;&nbsp;&nbsp;Createlog
<LI><a href="#[75]">&gt;&gt;</a>&nbsp;&nbsp;&nbsp;DELAY_ms
<LI><a href="#[5e]">&gt;&gt;</a>&nbsp;&nbsp;&nbsp;__aeabi_memclr
<LI><a href="#[9d]">&gt;&gt;</a>&nbsp;&nbsp;&nbsp;strstr
<LI><a href="#[4b]">&gt;&gt;</a>&nbsp;&nbsp;&nbsp;__2sprintf
</UL>
<BR>[Called By]<UL><LI><a href="#[9e]">&gt;&gt;</a>&nbsp;&nbsp;&nbsp;GSM_Msg_Read
</UL>

<P><STRONG><a name="[9e]"></a>GSM_Msg_Read</STRONG> (Thumb, 64 bytes, Stack size 24 bytes, gprs.o(i.GSM_Msg_Read))
<BR><BR>[Stack]<UL><LI>Max Depth = 620 + Unknown Stack Size
<LI>Call Chain = GSM_Msg_Read &rArr; GSM_Msg_Display &rArr; Createlog &rArr; f_open &rArr; mount_volume &rArr; disk_ioctl &rArr; disk_ioctl_MMC_SD &rArr;  disk_ioctl_MMC_SD (Cycle)
</UL>
<BR>[Calls]<UL><LI><a href="#[70]">&gt;&gt;</a>&nbsp;&nbsp;&nbsp;UART_TxString
<LI><a href="#[71]">&gt;&gt;</a>&nbsp;&nbsp;&nbsp;WaitForExpectedResponse
<LI><a href="#[9c]">&gt;&gt;</a>&nbsp;&nbsp;&nbsp;GSM_Msg_Display
<LI><a href="#[6e]">&gt;&gt;</a>&nbsp;&nbsp;&nbsp;Buffer_Flush
<LI><a href="#[75]">&gt;&gt;</a>&nbsp;&nbsp;&nbsp;DELAY_ms
<LI><a href="#[4b]">&gt;&gt;</a>&nbsp;&nbsp;&nbsp;__2sprintf
</UL>
<BR>[Called By]<UL><LI><a href="#[10e]">&gt;&gt;</a>&nbsp;&nbsp;&nbsp;readSMS
</UL>

<P><STRONG><a name="[9f]"></a>GSM_Send_Msg</STRONG> (Thumb, 180 bytes, Stack size 56 bytes, gprs.o(i.GSM_Send_Msg))
<BR><BR>[Stack]<UL><LI>Max Depth = 192 + Unknown Stack Size
<LI>Call Chain = GSM_Send_Msg &rArr; __2sprintf &rArr; _printf_char_common &rArr; __printf
</UL>
<BR>[Calls]<UL><LI><a href="#[74]">&gt;&gt;</a>&nbsp;&nbsp;&nbsp;WDT_Feed
<LI><a href="#[70]">&gt;&gt;</a>&nbsp;&nbsp;&nbsp;UART_TxString
<LI><a href="#[a1]">&gt;&gt;</a>&nbsp;&nbsp;&nbsp;UART_TxChar
<LI><a href="#[71]">&gt;&gt;</a>&nbsp;&nbsp;&nbsp;WaitForExpectedResponse
<LI><a href="#[75]">&gt;&gt;</a>&nbsp;&nbsp;&nbsp;DELAY_ms
<LI><a href="#[a2]">&gt;&gt;</a>&nbsp;&nbsp;&nbsp;__aeabi_memclr4
<LI><a href="#[5e]">&gt;&gt;</a>&nbsp;&nbsp;&nbsp;__aeabi_memclr
<LI><a href="#[a0]">&gt;&gt;</a>&nbsp;&nbsp;&nbsp;strlen
<LI><a href="#[4b]">&gt;&gt;</a>&nbsp;&nbsp;&nbsp;__2sprintf
</UL>
<BR>[Called By]<UL><LI><a href="#[1a5]">&gt;&gt;</a>&nbsp;&nbsp;&nbsp;log_SMS
<LI><a href="#[10e]">&gt;&gt;</a>&nbsp;&nbsp;&nbsp;readSMS
</UL>

<P><STRONG><a name="[a3]"></a>HTTP_Post</STRONG> (Thumb, 1806 bytes, Stack size 80 bytes, gprs.o(i.HTTP_Post))
<BR><BR>[Stack]<UL><LI>Max Depth = 740 + Unknown Stack Size
 + In Cycle
<LI>Call Chain = HTTP_Post &rArr;  PackOffLog (Cycle)
</UL>
<BR>[Calls]<UL><LI><a href="#[74]">&gt;&gt;</a>&nbsp;&nbsp;&nbsp;WDT_Feed
<LI><a href="#[70]">&gt;&gt;</a>&nbsp;&nbsp;&nbsp;UART_TxString
<LI><a href="#[a9]">&gt;&gt;</a>&nbsp;&nbsp;&nbsp;RTC_GetDateTime
<LI><a href="#[a6]">&gt;&gt;</a>&nbsp;&nbsp;&nbsp;LCD_Printf
<LI><a href="#[a5]">&gt;&gt;</a>&nbsp;&nbsp;&nbsp;LCD_GoToLine
<LI><a href="#[a4]">&gt;&gt;</a>&nbsp;&nbsp;&nbsp;LCD_Clear
<LI><a href="#[7a]">&gt;&gt;</a>&nbsp;&nbsp;&nbsp;Createlog
<LI><a href="#[aa]">&gt;&gt;</a>&nbsp;&nbsp;&nbsp;startModule_vREG
<LI><a href="#[a7]">&gt;&gt;</a>&nbsp;&nbsp;&nbsp;WaitForStatus200_302
<LI><a href="#[71]">&gt;&gt;</a>&nbsp;&nbsp;&nbsp;WaitForExpectedResponse
<LI><a href="#[a8]">&gt;&gt;</a>&nbsp;&nbsp;&nbsp;ShutDownModule
<LI><a href="#[97]">&gt;&gt;</a>&nbsp;&nbsp;&nbsp;SendATandExpectResponse
<LI><a href="#[ac]">&gt;&gt;</a>&nbsp;&nbsp;&nbsp;PackOffLog
<LI><a href="#[ab]">&gt;&gt;</a>&nbsp;&nbsp;&nbsp;Module_Power_Initializing
<LI><a href="#[75]">&gt;&gt;</a>&nbsp;&nbsp;&nbsp;DELAY_ms
<LI><a href="#[5e]">&gt;&gt;</a>&nbsp;&nbsp;&nbsp;__aeabi_memclr
<LI><a href="#[a0]">&gt;&gt;</a>&nbsp;&nbsp;&nbsp;strlen
<LI><a href="#[9d]">&gt;&gt;</a>&nbsp;&nbsp;&nbsp;strstr
<LI><a href="#[4b]">&gt;&gt;</a>&nbsp;&nbsp;&nbsp;__2sprintf
</UL>
<BR>[Called By]<UL><LI><a href="#[ac]">&gt;&gt;</a>&nbsp;&nbsp;&nbsp;PackOffLog
</UL>

<P><STRONG><a name="[ad]"></a>HTTP_SetURL</STRONG> (Thumb, 102 bytes, Stack size 40 bytes, gprs.o(i.HTTP_SetURL))
<BR><BR>[Stack]<UL><LI>Max Depth = 176 + Unknown Stack Size
<LI>Call Chain = HTTP_SetURL &rArr; __2sprintf &rArr; _printf_char_common &rArr; __printf
</UL>
<BR>[Calls]<UL><LI><a href="#[74]">&gt;&gt;</a>&nbsp;&nbsp;&nbsp;WDT_Feed
<LI><a href="#[70]">&gt;&gt;</a>&nbsp;&nbsp;&nbsp;UART_TxString
<LI><a href="#[71]">&gt;&gt;</a>&nbsp;&nbsp;&nbsp;WaitForExpectedResponse
<LI><a href="#[97]">&gt;&gt;</a>&nbsp;&nbsp;&nbsp;SendATandExpectResponse
<LI><a href="#[a0]">&gt;&gt;</a>&nbsp;&nbsp;&nbsp;strlen
<LI><a href="#[4b]">&gt;&gt;</a>&nbsp;&nbsp;&nbsp;__2sprintf
</UL>
<BR>[Called By]<UL><LI><a href="#[ac]">&gt;&gt;</a>&nbsp;&nbsp;&nbsp;PackOffLog
</UL>

<P><STRONG><a name="[ae]"></a>Host_CtrlRecv</STRONG> (Thumb, 98 bytes, Stack size 36 bytes, usbhost_lpc17xx.o(i.Host_CtrlRecv))
<BR><BR>[Stack]<UL><LI>Max Depth = 76<LI>Call Chain = Host_CtrlRecv &rArr; Host_FillSetup &rArr; WriteLE16U
</UL>
<BR>[Calls]<UL><LI><a href="#[b0]">&gt;&gt;</a>&nbsp;&nbsp;&nbsp;Host_ProcessTD
<LI><a href="#[af]">&gt;&gt;</a>&nbsp;&nbsp;&nbsp;Host_FillSetup
</UL>
<BR>[Called By]<UL><LI><a href="#[f4]">&gt;&gt;</a>&nbsp;&nbsp;&nbsp;MS_GetMaxLUN
<LI><a href="#[b4]">&gt;&gt;</a>&nbsp;&nbsp;&nbsp;Host_EnumDev
</UL>

<P><STRONG><a name="[b1]"></a>Host_CtrlSend</STRONG> (Thumb, 98 bytes, Stack size 36 bytes, usbhost_lpc17xx.o(i.Host_CtrlSend))
<BR><BR>[Stack]<UL><LI>Max Depth = 76<LI>Call Chain = Host_CtrlSend &rArr; Host_FillSetup &rArr; WriteLE16U
</UL>
<BR>[Calls]<UL><LI><a href="#[b0]">&gt;&gt;</a>&nbsp;&nbsp;&nbsp;Host_ProcessTD
<LI><a href="#[af]">&gt;&gt;</a>&nbsp;&nbsp;&nbsp;Host_FillSetup
</UL>
<BR>[Called By]<UL><LI><a href="#[b4]">&gt;&gt;</a>&nbsp;&nbsp;&nbsp;Host_EnumDev
</UL>

<P><STRONG><a name="[b2]"></a>Host_DelayMS</STRONG> (Thumb, 32 bytes, Stack size 12 bytes, usbhost_lpc17xx.o(i.Host_DelayMS))
<BR><BR>[Stack]<UL><LI>Max Depth = 20<LI>Call Chain = Host_DelayMS &rArr; Host_DelayUS
</UL>
<BR>[Calls]<UL><LI><a href="#[b3]">&gt;&gt;</a>&nbsp;&nbsp;&nbsp;Host_DelayUS
</UL>
<BR>[Called By]<UL><LI><a href="#[12a]">&gt;&gt;</a>&nbsp;&nbsp;&nbsp;USB_INITIALIZATION
<LI><a href="#[b8]">&gt;&gt;</a>&nbsp;&nbsp;&nbsp;Host_Init
<LI><a href="#[b4]">&gt;&gt;</a>&nbsp;&nbsp;&nbsp;Host_EnumDev
</UL>

<P><STRONG><a name="[b3]"></a>Host_DelayUS</STRONG> (Thumb, 24 bytes, Stack size 8 bytes, usbhost_lpc17xx.o(i.Host_DelayUS))
<BR><BR>[Stack]<UL><LI>Max Depth = 8<LI>Call Chain = Host_DelayUS
</UL>
<BR>[Called By]<UL><LI><a href="#[b2]">&gt;&gt;</a>&nbsp;&nbsp;&nbsp;Host_DelayMS
</UL>

<P><STRONG><a name="[b9]"></a>Host_EDInit</STRONG> (Thumb, 12 bytes, Stack size 0 bytes, usbhost_lpc17xx.o(i.Host_EDInit))
<BR><BR>[Called By]<UL><LI><a href="#[b8]">&gt;&gt;</a>&nbsp;&nbsp;&nbsp;Host_Init
</UL>

<P><STRONG><a name="[b4]"></a>Host_EnumDev</STRONG> (Thumb, 444 bytes, Stack size 24 bytes, usbhost_lpc17xx.o(i.Host_EnumDev))
<BR><BR>[Stack]<UL><LI>Max Depth = 188<LI>Call Chain = Host_EnumDev &rArr; LCD_Printf &rArr; LCD_DisplayFloatNumber &rArr; LCD_DisplayNumber &rArr; LCD_DisplayChar &rArr; LCD_GoToNextLine &rArr; LCD_CmdWrite &rArr; lcd_SendLowerNibble &rArr; GPIO_PinWrite
</UL>
<BR>[Calls]<UL><LI><a href="#[70]">&gt;&gt;</a>&nbsp;&nbsp;&nbsp;UART_TxString
<LI><a href="#[a6]">&gt;&gt;</a>&nbsp;&nbsp;&nbsp;LCD_Printf
<LI><a href="#[a5]">&gt;&gt;</a>&nbsp;&nbsp;&nbsp;LCD_GoToLine
<LI><a href="#[a4]">&gt;&gt;</a>&nbsp;&nbsp;&nbsp;LCD_Clear
<LI><a href="#[7d]">&gt;&gt;</a>&nbsp;&nbsp;&nbsp;UART_Printf
<LI><a href="#[b2]">&gt;&gt;</a>&nbsp;&nbsp;&nbsp;Host_DelayMS
<LI><a href="#[b6]">&gt;&gt;</a>&nbsp;&nbsp;&nbsp;MS_ParseConfiguration
<LI><a href="#[b5]">&gt;&gt;</a>&nbsp;&nbsp;&nbsp;ReadLE16U
<LI><a href="#[b1]">&gt;&gt;</a>&nbsp;&nbsp;&nbsp;Host_CtrlSend
<LI><a href="#[ae]">&gt;&gt;</a>&nbsp;&nbsp;&nbsp;Host_CtrlRecv
</UL>
<BR>[Called By]<UL><LI><a href="#[166]">&gt;&gt;</a>&nbsp;&nbsp;&nbsp;disk_initialize_USB
</UL>

<P><STRONG><a name="[af]"></a>Host_FillSetup</STRONG> (Thumb, 86 bytes, Stack size 28 bytes, usbhost_lpc17xx.o(i.Host_FillSetup))
<BR><BR>[Stack]<UL><LI>Max Depth = 40<LI>Call Chain = Host_FillSetup &rArr; WriteLE16U
</UL>
<BR>[Calls]<UL><LI><a href="#[b7]">&gt;&gt;</a>&nbsp;&nbsp;&nbsp;WriteLE16U
</UL>
<BR>[Called By]<UL><LI><a href="#[b1]">&gt;&gt;</a>&nbsp;&nbsp;&nbsp;Host_CtrlSend
<LI><a href="#[ae]">&gt;&gt;</a>&nbsp;&nbsp;&nbsp;Host_CtrlRecv
</UL>

[...]
</UL>
<BR>[Called By]<UL><LI><a href="#[18d]">&gt;&gt;</a>&nbsp;&nbsp;&nbsp;f_rename
<LI><a href="#[7e]">&gt;&gt;</a>&nbsp;&nbsp;&nbsp;f_open
<LI><a href="#[14d]">&gt;&gt;</a>&nbsp;&nbsp;&nbsp;f_mkdir
</UL>

<P><STRONG><a name="[164]"></a>dir_remove</STRONG> (Thumb, 96 bytes, Stack size 24 bytes, ff.o(i.dir_remove))
<BR><BR>[Stack]<UL><LI>Max Depth = 284<LI>Call Chain = dir_remove &rArr; dir_next &rArr; create_chain &rArr; put_fat &rArr; move_window &rArr;  disk_read (Cycle)
</UL>
<BR>[Calls]<UL><LI><a href="#[13f]">&gt;&gt;</a>&nbsp;&nbsp;&nbsp;move_window
<LI><a href="#[156]">&gt;&gt;</a>&nbsp;&nbsp;&nbsp;dir_sdi
<LI><a href="#[157]">&gt;&gt;</a>&nbsp;&nbsp;&nbsp;dir_next
</UL>
<BR>[Called By]<UL><LI><a href="#[190]">&gt;&gt;</a>&nbsp;&nbsp;&nbsp;f_unlink
<LI><a href="#[18d]">&gt;&gt;</a>&nbsp;&nbsp;&nbsp;f_rename
</UL>

<P><STRONG><a name="[156]"></a>dir_sdi</STRONG> (Thumb, 166 bytes, Stack size 24 bytes, ff.o(i.dir_sdi))
<BR><BR>[Stack]<UL><LI>Max Depth = 228<LI>Call Chain = dir_sdi &rArr; get_fat &rArr; move_window &rArr;  disk_read (Cycle)
</UL>
<BR>[Calls]<UL><LI><a href="#[147]">&gt;&gt;</a>&nbsp;&nbsp;&nbsp;get_fat
<LI><a href="#[15a]">&gt;&gt;</a>&nbsp;&nbsp;&nbsp;clst2sect
</UL>
<BR>[Called By]<UL><LI><a href="#[190]">&gt;&gt;</a>&nbsp;&nbsp;&nbsp;f_unlink
<LI><a href="#[17f]">&gt;&gt;</a>&nbsp;&nbsp;&nbsp;follow_path
<LI><a href="#[164]">&gt;&gt;</a>&nbsp;&nbsp;&nbsp;dir_remove
<LI><a href="#[160]">&gt;&gt;</a>&nbsp;&nbsp;&nbsp;dir_register
<LI><a href="#[15c]">&gt;&gt;</a>&nbsp;&nbsp;&nbsp;dir_find
<LI><a href="#[155]">&gt;&gt;</a>&nbsp;&nbsp;&nbsp;dir_alloc
</UL>

<P><STRONG><a name="[191]"></a>find_volume</STRONG> (Thumb, 120 bytes, Stack size 40 bytes, ff.o(i.find_volume))
<BR><BR>[Stack]<UL><LI>Max Depth = 228<LI>Call Chain = find_volume &rArr; check_fs &rArr; move_window &rArr;  disk_read (Cycle)
</UL>
<BR>[Calls]<UL><LI><a href="#[189]">&gt;&gt;</a>&nbsp;&nbsp;&nbsp;ld_dword
<LI><a href="#[13e]">&gt;&gt;</a>&nbsp;&nbsp;&nbsp;check_fs
</UL>
<BR>[Called By]<UL><LI><a href="#[17e]">&gt;&gt;</a>&nbsp;&nbsp;&nbsp;mount_volume
</UL>

<P><STRONG><a name="[17f]"></a>follow_path</STRONG> (Thumb, 212 bytes, Stack size 32 bytes, ff.o(i.follow_path))
<BR><BR>[Stack]<UL><LI>Max Depth = 324<LI>Call Chain = follow_path &rArr; dir_find &rArr; dir_next &rArr; create_chain &rArr; put_fat &rArr; move_window &rArr;  disk_read (Cycle)
</UL>
<BR>[Calls]<UL><LI><a href="#[180]">&gt;&gt;</a>&nbsp;&nbsp;&nbsp;ld_clust
<LI><a href="#[156]">&gt;&gt;</a>&nbsp;&nbsp;&nbsp;dir_sdi
<LI><a href="#[15c]">&gt;&gt;</a>&nbsp;&nbsp;&nbsp;dir_find
<LI><a href="#[14e]">&gt;&gt;</a>&nbsp;&nbsp;&nbsp;create_name
</UL>
<BR>[Called By]<UL><LI><a href="#[190]">&gt;&gt;</a>&nbsp;&nbsp;&nbsp;f_unlink
<LI><a href="#[14a]">&gt;&gt;</a>&nbsp;&nbsp;&nbsp;f_stat
<LI><a href="#[18d]">&gt;&gt;</a>&nbsp;&nbsp;&nbsp;f_rename
<LI><a href="#[7e]">&gt;&gt;</a>&nbsp;&nbsp;&nbsp;f_open
<LI><a href="#[14d]">&gt;&gt;</a>&nbsp;&nbsp;&nbsp;f_mkdir
<LI><a href="#[14c]">&gt;&gt;</a>&nbsp;&nbsp;&nbsp;f_chdir
</UL>

<P><STRONG><a name="[162]"></a>gen_numname</STRONG> (Thumb, 198 bytes, Stack size 64 bytes, ff.o(i.gen_numname))
<BR><BR>[Stack]<UL><LI>Max Depth = 76<LI>Call Chain = gen_numname &rArr; mem_cpy
</UL>
<BR>[Calls]<UL><LI><a href="#[161]">&gt;&gt;</a>&nbsp;&nbsp;&nbsp;mem_cpy
<LI><a href="#[197]">&gt;&gt;</a>&nbsp;&nbsp;&nbsp;dbc_1st
</UL>
<BR>[Called By]<UL><LI><a href="#[160]">&gt;&gt;</a>&nbsp;&nbsp;&nbsp;dir_register
</UL>

<P><STRONG><a name="[147]"></a>get_fat</STRONG> (Thumb, 306 bytes, Stack size 40 bytes, ff.o(i.get_fat))
<BR><BR>[Stack]<UL><LI>Max Depth = 204<LI>Call Chain = get_fat &rArr; move_window &rArr;  disk_read (Cycle)
</UL>
<BR>[Calls]<UL><LI><a href="#[13f]">&gt;&gt;</a>&nbsp;&nbsp;&nbsp;move_window
<LI><a href="#[140]">&gt;&gt;</a>&nbsp;&nbsp;&nbsp;ld_word
<LI><a href="#[189]">&gt;&gt;</a>&nbsp;&nbsp;&nbsp;ld_dword
</UL>
<BR>[Called By]<UL><LI><a href="#[144]">&gt;&gt;</a>&nbsp;&nbsp;&nbsp;f_read
<LI><a href="#[7e]">&gt;&gt;</a>&nbsp;&nbsp;&nbsp;f_open
<LI><a href="#[7f]">&gt;&gt;</a>&nbsp;&nbsp;&nbsp;f_lseek
<LI><a href="#[187]">&gt;&gt;</a>&nbsp;&nbsp;&nbsp;remove_chain
<LI><a href="#[156]">&gt;&gt;</a>&nbsp;&nbsp;&nbsp;dir_sdi
<LI><a href="#[157]">&gt;&gt;</a>&nbsp;&nbsp;&nbsp;dir_next
<LI><a href="#[146]">&gt;&gt;</a>&nbsp;&nbsp;&nbsp;create_chain
</UL>

<P><STRONG><a name="[18e]"></a>get_fileinfo</STRONG> (Thumb, 376 bytes, Stack size 40 bytes, ff.o(i.get_fileinfo))
<BR><BR>[Stack]<UL><LI>Max Depth = 88<LI>Call Chain = get_fileinfo &rArr; put_utf &rArr; ff_uni2oem
</UL>
<BR>[Calls]<UL><LI><a href="#[19f]">&gt;&gt;</a>&nbsp;&nbsp;&nbsp;put_utf
<LI><a href="#[140]">&gt;&gt;</a>&nbsp;&nbsp;&nbsp;ld_word
<LI><a href="#[189]">&gt;&gt;</a>&nbsp;&nbsp;&nbsp;ld_dword
</UL>
<BR>[Called By]<UL><LI><a href="#[14a]">&gt;&gt;</a>&nbsp;&nbsp;&nbsp;f_stat
</UL>

<P><STRONG><a name="[188]"></a>get_ldnumber</STRONG> (Thumb, 80 bytes, Stack size 16 bytes, ff.o(i.get_ldnumber))
<BR><BR>[Stack]<UL><LI>Max Depth = 16<LI>Call Chain = get_ldnumber
</UL>
<BR>[Called By]<UL><LI><a href="#[18d]">&gt;&gt;</a>&nbsp;&nbsp;&nbsp;f_rename
<LI><a href="#[7c]">&gt;&gt;</a>&nbsp;&nbsp;&nbsp;f_mount
<LI><a href="#[17e]">&gt;&gt;</a>&nbsp;&nbsp;&nbsp;mount_volume
</UL>

<P><STRONG><a name="[180]"></a>ld_clust</STRONG> (Thumb, 38 bytes, Stack size 16 bytes, ff.o(i.ld_clust))
<BR><BR>[Stack]<UL><LI>Max Depth = 16<LI>Call Chain = ld_clust
</UL>
<BR>[Calls]<UL><LI><a href="#[140]">&gt;&gt;</a>&nbsp;&nbsp;&nbsp;ld_word
</UL>
<BR>[Called By]<UL><LI><a href="#[190]">&gt;&gt;</a>&nbsp;&nbsp;&nbsp;f_unlink
<LI><a href="#[18d]">&gt;&gt;</a>&nbsp;&nbsp;&nbsp;f_rename
<LI><a href="#[7e]">&gt;&gt;</a>&nbsp;&nbsp;&nbsp;f_open
<LI><a href="#[14c]">&gt;&gt;</a>&nbsp;&nbsp;&nbsp;f_chdir
<LI><a href="#[17f]">&gt;&gt;</a>&nbsp;&nbsp;&nbsp;follow_path
</UL>

<P><STRONG><a name="[189]"></a>ld_dword</STRONG> (Thumb, 24 bytes, Stack size 0 bytes, ff.o(i.ld_dword))
<BR><BR>[Called By]<UL><LI><a href="#[7e]">&gt;&gt;</a>&nbsp;&nbsp;&nbsp;f_open
<LI><a href="#[148]">&gt;&gt;</a>&nbsp;&nbsp;&nbsp;put_fat
<LI><a href="#[17e]">&gt;&gt;</a>&nbsp;&nbsp;&nbsp;mount_volume
<LI><a href="#[18e]">&gt;&gt;</a>&nbsp;&nbsp;&nbsp;get_fileinfo
<LI><a href="#[147]">&gt;&gt;</a>&nbsp;&nbsp;&nbsp;get_fat
<LI><a href="#[191]">&gt;&gt;</a>&nbsp;&nbsp;&nbsp;find_volume
</UL>

<P><STRONG><a name="[140]"></a>ld_word</STRONG> (Thumb, 12 bytes, Stack size 0 bytes, ff.o(i.ld_word))
<BR><BR>[Called By]<UL><LI><a href="#[15f]">&gt;&gt;</a>&nbsp;&nbsp;&nbsp;pick_lfn
<LI><a href="#[17e]">&gt;&gt;</a>&nbsp;&nbsp;&nbsp;mount_volume
<LI><a href="#[180]">&gt;&gt;</a>&nbsp;&nbsp;&nbsp;ld_clust
<LI><a href="#[18e]">&gt;&gt;</a>&nbsp;&nbsp;&nbsp;get_fileinfo
<LI><a href="#[147]">&gt;&gt;</a>&nbsp;&nbsp;&nbsp;get_fat
<LI><a href="#[142]">&gt;&gt;</a>&nbsp;&nbsp;&nbsp;cmp_lfn
<LI><a href="#[13e]">&gt;&gt;</a>&nbsp;&nbsp;&nbsp;check_fs
</UL>

<P><STRONG><a name="[141]"></a>mem_cmp</STRONG> (Thumb, 36 bytes, Stack size 20 bytes, ff.o(i.mem_cmp))
<BR><BR>[Stack]<UL><LI>Max Depth = 20<LI>Call Chain = mem_cmp
</UL>
<BR>[Called By]<UL><LI><a href="#[15c]">&gt;&gt;</a>&nbsp;&nbsp;&nbsp;dir_find
<LI><a href="#[13e]">&gt;&gt;</a>&nbsp;&nbsp;&nbsp;check_fs
</UL>

<P><STRONG><a name="[161]"></a>mem_cpy</STRONG> (Thumb, 26 bytes, Stack size 12 bytes, ff.o(i.mem_cpy))
<BR><BR>[Stack]<UL><LI>Max Depth = 12<LI>Call Chain = mem_cpy
</UL>
<BR>[Called By]<UL><LI><a href="#[145]">&gt;&gt;</a>&nbsp;&nbsp;&nbsp;f_write
<LI><a href="#[18d]">&gt;&gt;</a>&nbsp;&nbsp;&nbsp;f_rename
<LI><a href="#[144]">&gt;&gt;</a>&nbsp;&nbsp;&nbsp;f_read
<LI><a href="#[14d]">&gt;&gt;</a>&nbsp;&nbsp;&nbsp;f_mkdir
<LI><a href="#[162]">&gt;&gt;</a>&nbsp;&nbsp;&nbsp;gen_numname
<LI><a href="#[160]">&gt;&gt;</a>&nbsp;&nbsp;&nbsp;dir_register
</UL>

<P><STRONG><a name="[151]"></a>mem_set</STRONG> (Thumb, 18 bytes, Stack size 8 bytes, ff.o(i.mem_set))
<BR><BR>[Stack]<UL><LI>Max Depth = 8<LI>Call Chain = mem_set
</UL>
<BR>[Called By]<UL><LI><a href="#[7e]">&gt;&gt;</a>&nbsp;&nbsp;&nbsp;f_open
<LI><a href="#[14d]">&gt;&gt;</a>&nbsp;&nbsp;&nbsp;f_mkdir
<LI><a href="#[186]">&gt;&gt;</a>&nbsp;&nbsp;&nbsp;sync_fs
<LI><a href="#[18a]">&gt;&gt;</a>&nbsp;&nbsp;&nbsp;putc_init
<LI><a href="#[160]">&gt;&gt;</a>&nbsp;&nbsp;&nbsp;dir_register
<LI><a href="#[158]">&gt;&gt;</a>&nbsp;&nbsp;&nbsp;dir_clear
<LI><a href="#[14e]">&gt;&gt;</a>&nbsp;&nbsp;&nbsp;create_name
</UL>

<P><STRONG><a name="[17e]"></a>mount_volume</STRONG> (Thumb, 746 bytes, Stack size 64 bytes, ff.o(i.mount_volume))
<BR><BR>[Stack]<UL><LI>Max Depth = 460<LI>Call Chain = mount_volume &rArr; disk_ioctl &rArr; disk_ioctl_MMC_SD &rArr;  disk_ioctl_MMC_SD (Cycle)
</UL>
<BR>[Calls]<UL><LI><a href="#[12f]">&gt;&gt;</a>&nbsp;&nbsp;&nbsp;disk_initialize
<LI><a href="#[177]">&gt;&gt;</a>&nbsp;&nbsp;&nbsp;disk_status
<LI><a href="#[16b]">&gt;&gt;</a>&nbsp;&nbsp;&nbsp;disk_ioctl
<LI><a href="#[13f]">&gt;&gt;</a>&nbsp;&nbsp;&nbsp;move_window
<LI><a href="#[140]">&gt;&gt;</a>&nbsp;&nbsp;&nbsp;ld_word
<LI><a href="#[189]">&gt;&gt;</a>&nbsp;&nbsp;&nbsp;ld_dword
<LI><a href="#[188]">&gt;&gt;</a>&nbsp;&nbsp;&nbsp;get_ldnumber
<LI><a href="#[191]">&gt;&gt;</a>&nbsp;&nbsp;&nbsp;find_volume
</UL>
<BR>[Called By]<UL><LI><a href="#[190]">&gt;&gt;</a>&nbsp;&nbsp;&nbsp;f_unlink
<LI><a href="#[14a]">&gt;&gt;</a>&nbsp;&nbsp;&nbsp;f_stat
<LI><a href="#[18d]">&gt;&gt;</a>&nbsp;&nbsp;&nbsp;f_rename
<LI><a href="#[7e]">&gt;&gt;</a>&nbsp;&nbsp;&nbsp;f_open
<LI><a href="#[7c]">&gt;&gt;</a>&nbsp;&nbsp;&nbsp;f_mount
<LI><a href="#[14d]">&gt;&gt;</a>&nbsp;&nbsp;&nbsp;f_mkdir
<LI><a href="#[14c]">&gt;&gt;</a>&nbsp;&nbsp;&nbsp;f_chdir
</UL>

<P><STRONG><a name="[13f]"></a>move_window</STRONG> (Thumb, 52 bytes, Stack size 16 bytes, ff.o(i.move_window))
<BR><BR>[Stack]<UL><LI>Max Depth = 164 + In Cycle
<LI>Call Chain = move_window &rArr;  disk_read (Cycle)
</UL>
<BR>[Calls]<UL><LI><a href="#[173]">&gt;&gt;</a>&nbsp;&nbsp;&nbsp;disk_read
<LI><a href="#[159]">&gt;&gt;</a>&nbsp;&nbsp;&nbsp;sync_window
</UL>
<BR>[Called By]<UL><LI><a href="#[181]">&gt;&gt;</a>&nbsp;&nbsp;&nbsp;f_sync
<LI><a href="#[18d]">&gt;&gt;</a>&nbsp;&nbsp;&nbsp;f_rename
<LI><a href="#[7e]">&gt;&gt;</a>&nbsp;&nbsp;&nbsp;f_open
<LI><a href="#[148]">&gt;&gt;</a>&nbsp;&nbsp;&nbsp;put_fat
<LI><a href="#[17e]">&gt;&gt;</a>&nbsp;&nbsp;&nbsp;mount_volume
<LI><a href="#[147]">&gt;&gt;</a>&nbsp;&nbsp;&nbsp;get_fat
<LI><a href="#[164]">&gt;&gt;</a>&nbsp;&nbsp;&nbsp;dir_remove
<LI><a href="#[160]">&gt;&gt;</a>&nbsp;&nbsp;&nbsp;dir_register
<LI><a href="#[15e]">&gt;&gt;</a>&nbsp;&nbsp;&nbsp;dir_read
<LI><a href="#[15c]">&gt;&gt;</a>&nbsp;&nbsp;&nbsp;dir_find
<LI><a href="#[155]">&gt;&gt;</a>&nbsp;&nbsp;&nbsp;dir_alloc
<LI><a href="#[13e]">&gt;&gt;</a>&nbsp;&nbsp;&nbsp;check_fs
</UL>

<P><STRONG><a name="[15f]"></a>pick_lfn</STRONG> (Thumb, 136 bytes, Stack size 32 bytes, ff.o(i.pick_lfn))
<BR><BR>[Stack]<UL><LI>Max Depth = 32<LI>Call Chain = pick_lfn
</UL>
<BR>[Calls]<UL><LI><a href="#[140]">&gt;&gt;</a>&nbsp;&nbsp;&nbsp;ld_word
</UL>
<BR>[Called By]<UL><LI><a href="#[15e]">&gt;&gt;</a>&nbsp;&nbsp;&nbsp;dir_read
</UL>

<P><STRONG><a name="[148]"></a>put_fat</STRONG> (Thumb, 400 bytes, Stack size 40 bytes, ff.o(i.put_fat))
<BR><BR>[Stack]<UL><LI>Max Depth = 204<LI>Call Chain = put_fat &rArr; move_window &rArr;  disk_read (Cycle)
</UL>
<BR>[Calls]<UL><LI><a href="#[18f]">&gt;&gt;</a>&nbsp;&nbsp;&nbsp;st_word
<LI><a href="#[184]">&gt;&gt;</a>&nbsp;&nbsp;&nbsp;st_dword
<LI><a href="#[13f]">&gt;&gt;</a>&nbsp;&nbsp;&nbsp;move_window
<LI><a href="#[189]">&gt;&gt;</a>&nbsp;&nbsp;&nbsp;ld_dword
</UL>
<BR>[Called By]<UL><LI><a href="#[187]">&gt;&gt;</a>&nbsp;&nbsp;&nbsp;remove_chain
<LI><a href="#[146]">&gt;&gt;</a>&nbsp;&nbsp;&nbsp;create_chain
</UL>

<P><STRONG><a name="[163]"></a>put_lfn</STRONG> (Thumb, 124 bytes, Stack size 32 bytes, ff.o(i.put_lfn))
<BR><BR>[Stack]<UL><LI>Max Depth = 32<LI>Call Chain = put_lfn
</UL>
<BR>[Calls]<UL><LI><a href="#[18f]">&gt;&gt;</a>&nbsp;&nbsp;&nbsp;st_word
</UL>
<BR>[Called By]<UL><LI><a href="#[160]">&gt;&gt;</a>&nbsp;&nbsp;&nbsp;dir_register
</UL>

<P><STRONG><a name="[19f]"></a>put_utf</STRONG> (Thumb, 66 bytes, Stack size 24 bytes, ff.o(i.put_utf))
<BR><BR>[Stack]<UL><LI>Max Depth = 48<LI>Call Chain = put_utf &rArr; ff_uni2oem
</UL>
<BR>[Calls]<UL><LI><a href="#[152]">&gt;&gt;</a>&nbsp;&nbsp;&nbsp;ff_uni2oem
</UL>
<BR>[Called By]<UL><LI><a href="#[18e]">&gt;&gt;</a>&nbsp;&nbsp;&nbsp;get_fileinfo
</UL>

<P><STRONG><a name="[18b]"></a>putc_bfd</STRONG> (Thumb, 78 bytes, Stack size 24 bytes, ff.o(i.putc_bfd))
<BR><BR>[Stack]<UL><LI>Max Depth = 452 + In Cycle
<LI>Call Chain = putc_bfd &rArr;  putc_bfd (Cycle)
</UL>
<BR>[Calls]<UL><LI><a href="#[145]">&gt;&gt;</a>&nbsp;&nbsp;&nbsp;f_write
<LI><a href="#[18b]">&gt;&gt;</a>&nbsp;&nbsp;&nbsp;putc_bfd
</UL>
<BR>[Called By]<UL><LI><a href="#[81]">&gt;&gt;</a>&nbsp;&nbsp;&nbsp;f_puts
<LI><a href="#[18b]">&gt;&gt;</a>&nbsp;&nbsp;&nbsp;putc_bfd
</UL>

<P><STRONG><a name="[18c]"></a>putc_flush</STRONG> (Thumb, 44 bytes, Stack size 16 bytes, ff.o(i.putc_flush))
<BR><BR>[Stack]<UL><LI>Max Depth = 444<LI>Call Chain = putc_flush &rArr; f_write &rArr; disk_read &rArr; disk_read_MMC_SD &rArr; vd_read &rArr; f_read &rArr;  disk_read (Cycle)
</UL>
<BR>[Calls]<UL><LI><a href="#[145]">&gt;&gt;</a>&nbsp;&nbsp;&nbsp;f_write
</UL>
<BR>[Called By]<UL><LI><a href="#[81]">&gt;&gt;</a>&nbsp;&nbsp;&nbsp;f_puts
</UL>

<P><STRONG><a name="[18a]"></a>putc_init</STRONG> (Thumb, 20 bytes, Stack size 16 bytes, ff.o(i.putc_init))
<BR><BR>[Stack]<UL><LI>Max Depth = 24<LI>Call Chain = putc_init &rArr; mem_set
</UL>
<BR>[Calls]<UL><LI><a href="#[151]">&gt;&gt;</a>&nbsp;&nbsp;&nbsp;mem_set
</UL>
<BR>[Called By]<UL><LI><a href="#[81]">&gt;&gt;</a>&nbsp;&nbsp;&nbsp;f_puts
</UL>

<P><STRONG><a name="[187]"></a>remove_chain</STRONG> (Thumb, 154 bytes, Stack size 32 bytes, ff.o(i.remove_chain))
<BR><BR>[Stack]<UL><LI>Max Depth = 236<LI>Call Chain = remove_chain &rArr; put_fat &rArr; move_window &rArr;  disk_read (Cycle)
</UL>
<BR>[Calls]<UL><LI><a href="#[148]">&gt;&gt;</a>&nbsp;&nbsp;&nbsp;put_fat
<LI><a href="#[147]">&gt;&gt;</a>&nbsp;&nbsp;&nbsp;get_fat
</UL>
<BR>[Called By]<UL><LI><a href="#[190]">&gt;&gt;</a>&nbsp;&nbsp;&nbsp;f_unlink
<LI><a href="#[7e]">&gt;&gt;</a>&nbsp;&nbsp;&nbsp;f_open
<LI><a href="#[14d]">&gt;&gt;</a>&nbsp;&nbsp;&nbsp;f_mkdir
</UL>

<P><STRONG><a name="[185]"></a>st_clust</STRONG> (Thumb, 36 bytes, Stack size 16 bytes, ff.o(i.st_clust))
<BR><BR>[Stack]<UL><LI>Max Depth = 16<LI>Call Chain = st_clust
</UL>
<BR>[Calls]<UL><LI><a href="#[18f]">&gt;&gt;</a>&nbsp;&nbsp;&nbsp;st_word
</UL>
<BR>[Called By]<UL><LI><a href="#[181]">&gt;&gt;</a>&nbsp;&nbsp;&nbsp;f_sync
<LI><a href="#[18d]">&gt;&gt;</a>&nbsp;&nbsp;&nbsp;f_rename
<LI><a href="#[7e]">&gt;&gt;</a>&nbsp;&nbsp;&nbsp;f_open
<LI><a href="#[14d]">&gt;&gt;</a>&nbsp;&nbsp;&nbsp;f_mkdir
</UL>

<P><STRONG><a name="[184]"></a>st_dword</STRONG> (Thumb, 24 bytes, Stack size 0 bytes, ff.o(i.st_dword))
<BR><BR>[Called By]<UL><LI><a href="#[181]">&gt;&gt;</a>&nbsp;&nbsp;&nbsp;f_sync
<LI><a href="#[7e]">&gt;&gt;</a>&nbsp;&nbsp;&nbsp;f_open
<LI><a href="#[14d]">&gt;&gt;</a>&nbsp;&nbsp;&nbsp;f_mkdir
<LI><a href="#[186]">&gt;&gt;</a>&nbsp;&nbsp;&nbsp;sync_fs
<LI><a href="#[148]">&gt;&gt;</a>&nbsp;&nbsp;&nbsp;put_fat
</UL>

<P><STRONG><a name="[18f]"></a>st_word</STRONG> (Thumb, 12 bytes, Stack size 0 bytes, ff.o(i.st_word))
<BR><BR>[Called By]<UL><LI><a href="#[181]">&gt;&gt;</a>&nbsp;&nbsp;&nbsp;f_sync
<LI><a href="#[186]">&gt;&gt;</a>&nbsp;&nbsp;&nbsp;sync_fs
<LI><a href="#[185]">&gt;&gt;</a>&nbsp;&nbsp;&nbsp;st_clust
<LI><a href="#[163]">&gt;&gt;</a>&nbsp;&nbsp;&nbsp;put_lfn
<LI><a href="#[148]">&gt;&gt;</a>&nbsp;&nbsp;&nbsp;put_fat
</UL>

<P><STRONG><a name="[15d]"></a>sum_sfn</STRONG> (Thumb, 32 bytes, Stack size 12 bytes, ff.o(i.sum_sfn))
<BR><BR>[Stack]<UL><LI>Max Depth = 12<LI>Call Chain = sum_sfn
</UL>
<BR>[Called By]<UL><LI><a href="#[160]">&gt;&gt;</a>&nbsp;&nbsp;&nbsp;dir_register
<LI><a href="#[15e]">&gt;&gt;</a>&nbsp;&nbsp;&nbsp;dir_read
<LI><a href="#[15c]">&gt;&gt;</a>&nbsp;&nbsp;&nbsp;dir_find
</UL>

<P><STRONG><a name="[186]"></a>sync_fs</STRONG> (Thumb, 134 bytes, Stack size 16 bytes, ff.o(i.sync_fs))
<BR><BR>[Stack]<UL><LI>Max Depth = 412<LI>Call Chain = sync_fs &rArr; disk_ioctl &rArr; disk_ioctl_MMC_SD &rArr;  disk_ioctl_MMC_SD (Cycle)
</UL>
<BR>[Calls]<UL><LI><a href="#[15b]">&gt;&gt;</a>&nbsp;&nbsp;&nbsp;disk_write
<LI><a href="#[16b]">&gt;&gt;</a>&nbsp;&nbsp;&nbsp;disk_ioctl
<LI><a href="#[159]">&gt;&gt;</a>&nbsp;&nbsp;&nbsp;sync_window
<LI><a href="#[18f]">&gt;&gt;</a>&nbsp;&nbsp;&nbsp;st_word
<LI><a href="#[184]">&gt;&gt;</a>&nbsp;&nbsp;&nbsp;st_dword
<LI><a href="#[151]">&gt;&gt;</a>&nbsp;&nbsp;&nbsp;mem_set
</UL>
<BR>[Called By]<UL><LI><a href="#[190]">&gt;&gt;</a>&nbsp;&nbsp;&nbsp;f_unlink
<LI><a href="#[181]">&gt;&gt;</a>&nbsp;&nbsp;&nbsp;f_sync
<LI><a href="#[18d]">&gt;&gt;</a>&nbsp;&nbsp;&nbsp;f_rename
<LI><a href="#[14d]">&gt;&gt;</a>&nbsp;&nbsp;&nbsp;f_mkdir
</UL>

<P><STRONG><a name="[159]"></a>sync_window</STRONG> (Thumb, 74 bytes, Stack size 16 bytes, ff.o(i.sync_window))
<BR><BR>[Stack]<UL><LI>Max Depth = 148<LI>Call Chain = sync_window &rArr; disk_write &rArr; disk_write_USB &rArr; MS_BulkSend &rArr; Fill_MSCommand &rArr; WriteLE32U
</UL>
<BR>[Calls]<UL><LI><a href="#[15b]">&gt;&gt;</a>&nbsp;&nbsp;&nbsp;disk_write
</UL>
<BR>[Called By]<UL><LI><a href="#[186]">&gt;&gt;</a>&nbsp;&nbsp;&nbsp;sync_fs
<LI><a href="#[13f]">&gt;&gt;</a>&nbsp;&nbsp;&nbsp;move_window
<LI><a href="#[158]">&gt;&gt;</a>&nbsp;&nbsp;&nbsp;dir_clear
</UL>

<P><STRONG><a name="[14f]"></a>tchar2uni</STRONG> (Thumb, 76 bytes, Stack size 24 bytes, ff.o(i.tchar2uni))
<BR><BR>[Stack]<UL><LI>Max Depth = 44<LI>Call Chain = tchar2uni &rArr; ff_oem2uni
</UL>
<BR>[Calls]<UL><LI><a href="#[1ba]">&gt;&gt;</a>&nbsp;&nbsp;&nbsp;ff_oem2uni
<LI><a href="#[1b9]">&gt;&gt;</a>&nbsp;&nbsp;&nbsp;dbc_2nd
<LI><a href="#[197]">&gt;&gt;</a>&nbsp;&nbsp;&nbsp;dbc_1st
</UL>
<BR>[Called By]<UL><LI><a href="#[14e]">&gt;&gt;</a>&nbsp;&nbsp;&nbsp;create_name
</UL>

<P><STRONG><a name="[182]"></a>validate</STRONG> (Thumb, 60 bytes, Stack size 16 bytes, ff.o(i.validate))
<BR><BR>[Stack]<UL><LI>Max Depth = 40<LI>Call Chain = validate &rArr; disk_status &rArr; disk_status_MMC_SD
</UL>
<BR>[Calls]<UL><LI><a href="#[177]">&gt;&gt;</a>&nbsp;&nbsp;&nbsp;disk_status
</UL>
<BR>[Called By]<UL><LI><a href="#[145]">&gt;&gt;</a>&nbsp;&nbsp;&nbsp;f_write
<LI><a href="#[181]">&gt;&gt;</a>&nbsp;&nbsp;&nbsp;f_sync
<LI><a href="#[144]">&gt;&gt;</a>&nbsp;&nbsp;&nbsp;f_read
<LI><a href="#[7f]">&gt;&gt;</a>&nbsp;&nbsp;&nbsp;f_lseek
<LI><a href="#[80]">&gt;&gt;</a>&nbsp;&nbsp;&nbsp;f_close
</UL>

<P><STRONG><a name="[1ce]"></a>_dadd1</STRONG> (Thumb, 0 bytes, Stack size unknown bytes, daddsub_clz.o(x$fpl$dadd), UNUSED)
<BR><BR>[Called By]<UL><LI><a href="#[1cf]">&gt;&gt;</a>&nbsp;&nbsp;&nbsp;_dsub
<LI><a href="#[1cd]">&gt;&gt;</a>&nbsp;&nbsp;&nbsp;_drsb
</UL>

<P><STRONG><a name="[1c0]"></a>_dsub1</STRONG> (Thumb, 0 bytes, Stack size unknown bytes, daddsub_clz.o(x$fpl$dsub), UNUSED)
<BR><BR>[Called By]<UL><LI><a href="#[1cd]">&gt;&gt;</a>&nbsp;&nbsp;&nbsp;_drsb
<LI><a href="#[1bf]">&gt;&gt;</a>&nbsp;&nbsp;&nbsp;_dadd
</UL>

<P><STRONG><a name="[1de]"></a>_fadd1</STRONG> (Thumb, 0 bytes, Stack size unknown bytes, faddsub_clz.o(x$fpl$fadd), UNUSED)
<BR><BR>[Called By]<UL><LI><a href="#[1df]">&gt;&gt;</a>&nbsp;&nbsp;&nbsp;_fsub
<LI><a href="#[1dd]">&gt;&gt;</a>&nbsp;&nbsp;&nbsp;_frsb
</UL>

<P><STRONG><a name="[1d3]"></a>_fsub1</STRONG> (Thumb, 0 bytes, Stack size unknown bytes, faddsub_clz.o(x$fpl$fsub), UNUSED)
<BR><BR>[Called By]<UL><LI><a href="#[1dd]">&gt;&gt;</a>&nbsp;&nbsp;&nbsp;_frsb
<LI><a href="#[1d2]">&gt;&gt;</a>&nbsp;&nbsp;&nbsp;_fadd
</UL>

<P><STRONG><a name="[33]"></a>_printf_input_char</STRONG> (Thumb, 10 bytes, Stack size 0 bytes, _printf_char_common.o(.text))
<BR>[Address Reference Count : 1]<UL><LI> _printf_char_common.o(.text)
</UL><P>
<H3>
Undefined Global Symbols
</H3><HR></body></html>
