<html>
<body>
<pre>
<h1>µVision Build Log</h1>
<h2>Tool Versions:</h2>
IDE-Version: µVision V5.29.0.0
Copyright (C) 2019 ARM Ltd and ARM Germany GmbH. All rights reserved.
License Information: pk k, ss, LIC=UJWP0-BQ5PZ-SB2EJ-U5BHA-PX1R1-FNUPT
 
Tool Versions:
Toolchain:       MDK-ARM Plus  Version: 5.29.0.0
Toolchain Path:  C:\Keil_v5\ARM\ARMCC\Bin
C Compiler:      Armcc.exe V5.06 update 6 (build 750)
Assembler:       Armasm.exe V5.06 update 6 (build 750)
Linker/Locator:  ArmLink.exe V5.06 update 6 (build 750)
Library Manager: ArmAr.exe V5.06 update 6 (build 750)
Hex Converter:   FromElf.exe V5.06 update 6 (build 750)
CPU DLL:         SARMCM3.DLL V5.29.0.0
Dialog DLL:      DCM.DLL V1.17.3.0
Target DLL:      Segger\JL2CM3.dll V2.99.36.0
Dialog DLL:      TCM.DLL V1.36.5.0
 
<h2>Project:</h2>
H:\BIHAR_SINGLE_SIM\2021-001-ARG-BIHAR-main\MAH_ST0301.uvprojx
Project File Date:  06/16/2022

<h2>Output:</h2>
*** Using Compiler 'V5.06 update 6 (build 750)', folder: 'C:\Keil_v5\ARM\ARMCC\Bin'
Rebuild target 'LPC17xx FLASH'
compiling convert.c...
compiling delay.c...
compiling adc.c...
compiling extintr.c...
compiling gpio.c...
compiling gprs.c...
DRIVERS\source\gprs.c(1697): warning:  #940-D: missing return statement at end of non-void function "HTTP_Post" 
  }
DRIVERS\source\gprs.c(2708): warning:  #167-D: argument of type "char *" is incompatible with parameter of type "uint8_t *"
  				        EEPROM_WriteString(eeprom_address_master_number,Mobile_no_1);
DRIVERS\source\gprs.c(2709): warning:  #167-D: argument of type "char *" is incompatible with parameter of type "uint8_t *"
  				        EEPROM_ReadString(eeprom_address_master_number,master_Number);	// Read the data from memoryLocation 0x02
DRIVERS\source\gprs.c(2727): warning:  #167-D: argument of type "char *" is incompatible with parameter of type "uint8_t *"
  				        EEPROM_WriteString(eeprom_address_slave_number1,Mobile_no_1);
DRIVERS\source\gprs.c(2728): warning:  #167-D: argument of type "char *" is incompatible with parameter of type "uint8_t *"
  				        EEPROM_ReadString(eeprom_address_slave_number1,slave_Number1);	// Read the data from memoryLocation 0x0D
DRIVERS\source\gprs.c(2745): warning:  #167-D: argument of type "char *" is incompatible with parameter of type "uint8_t *"
  				        EEPROM_WriteString(eeprom_address_slave_number2,Mobile_no_1);
DRIVERS\source\gprs.c(2746): warning:  #167-D: argument of type "char *" is incompatible with parameter of type "uint8_t *"
  				        EEPROM_ReadString(eeprom_address_slave_number2,slave_Number2);	// Read the data from memoryLocation 0x18
DRIVERS\source\gprs.c(2512): warning:  #550-D: variable "read_TH1"  was set but never used
    int read_TH1,read_TH2;
DRIVERS\source\gprs.c(2512): warning:  #550-D: variable "read_TH2"  was set but never used
    int read_TH1,read_TH2;
DRIVERS\source\gprs.c: 9 warnings, 0 errors
compiling LCD_Scroll.c...
DRIVERS\source\LCD_Scroll.c(576): warning:  #1-D: last line of file ends without a newline
  //F:\Random\Stock\2021-001-ARG-BIHAR-main\DRIVERS\source\LCD_Scroll.c
DRIVERS\source\LCD_Scroll.c: 1 warning, 0 errors
compiling lcd.c...
compiling lpc17xx_clkpwr.c...
compiling lpc17xx_wdt.c...
compiling rtc.c...
compiling spi.c...
compiling lpc17xx_libcfg_default.c...
compiling uart.c...
compiling rain.c...
compiling eeprom.c...
compiling SMS.c...
compiling mmc_176x_ssp.c...
DRIVERS\source\mmc_176x_ssp.c(1159): warning:  #550-D: variable "fre_sect"  was set but never used
      DWORD fre_clust, fre_sect, tot_sect;
DRIVERS\source\mmc_176x_ssp.c(1159): warning:  #550-D: variable "tot_sect"  was set but never used
      DWORD fre_clust, fre_sect, tot_sect;
DRIVERS\source\mmc_176x_ssp.c(1414): warning:  #188-D: enumerated type mixed with another type
  	for (i = 0; i != rc && *str; i++) {
DRIVERS\source\mmc_176x_ssp.c(1429): warning:  #550-D: variable "ss"  was set but never used
  	WORD ss;
DRIVERS\source\mmc_176x_ssp.c(1431): warning:  #177-D: variable "ft"  was declared but never referenced
  	static const char *ft[] = {"", "FAT12", "FAT16", "FAT32", "exFAT"};
DRIVERS\source\mmc_176x_ssp.c(1749): warning:  #550-D: variable "packetcounter"  was set but never used
  	char packetcounter = 0;
DRIVERS\source\mmc_176x_ssp.c: 6 warnings, 0 errors
compiling bod.c...
compiling systick.c...
compiling log.c...
compiling IOExtInt.c...
compiling softi2c.c...
compiling main.c...
compiling ccsbcs.c...
compiling syscall.c...
compiling ff.c...
compiling unicode.c...
compiling diskio.c...
compiling minIni.c...
compiling usbhost_lpc17xx.c...
assembling startup_LPC17xx.s...
compiling usbhost_ms.c...
compiling USB_176x_DiskIO.c...
compiling system_LPC17xx.c...
linking...
Program Size: Code=58026 RO-data=61302 RW-data=1660 ZI-data=35732  
FromELF: creating hex file...
After Build - User command #1: fromelf --bin Objects\MAH_ST0301.axf --output FIRMWARE.bin
".\Objects\MAH_ST0301.axf" - 0 Error(s), 16 Warning(s).

<h2>Software Packages used:</h2>

Package Vendor: ARM
                http://www.keil.com/pack/ARM.CMSIS.5.6.0.pack
                ARM.CMSIS.5.6.0
                CMSIS (Cortex Microcontroller Software Interface Standard)
   * Component: CORE Version: 5.3.0

Package Vendor: Keil
                http://www.keil.com/pack/Keil.LPC1700_DFP.2.6.0.pack
                Keil.LPC1700_DFP.2.6.0
                NXP LPC1700 Series Device Support, Drivers and Examples for MCB1700 and LPC1788-32
   * Component: Startup Version: 1.0.0

<h2>Collection of Component include folders:</h2>
  .\RTE\Device\LPC1768
  .\RTE\_LPC17xx_FLASH
  C:\Keil_v5\ARM\PACK\ARM\CMSIS\5.6.0\CMSIS\Core\Include
  C:\Keil_v5\ARM\PACK\Keil\LPC1700_DFP\2.6.0\Device\Include

<h2>Collection of Component Files used:</h2>

   * Component: ARM::CMSIS:CORE:5.3.0

   * Component: Keil::Device:Startup:1.0.0
      Source file:   Device\Source\system_LPC17xx.c
      Include file:  Device\Include\LPC17xx.h
      Source file:   Device\Source\ARM\startup_LPC17xx.s
      Include file:  RTE_Driver\Config\RTE_Device.h
Build Time Elapsed:  00:00:13
</pre>
</body>
</html>
