Component: ARM Compiler 5.06 update 6 (build 750) Tool: armlink [4d35ed]

==============================================================================

Section Cross References

    adc.o(i.ADC_GetAdcValue) refers to gpio.o(i.GPIO_PinFunction) for GPIO_PinFunction
    adc.o(i.ADC_GetAdcValue) refers to delay.o(i.DELAY_us) for DELAY_us
    adc.o(i.ADC_GetAdcValue) refers to adc.o(.constdata) for AdcConfig
    adc.o(i.ADC_Init) refers to adc.o(i.adc_GetPclk) for adc_GetPclk
    adc.o(i.Read_ADCchannels) refers to adc.o(i.ADC_GetAdcValue) for ADC_GetAdcValue
    adc.o(i.Read_ADCchannels) refers to dflt_clz.o(x$fpl$dflt) for __aeabi_i2d
    adc.o(i.Read_ADCchannels) refers to dmul.o(x$fpl$dmul) for __aeabi_dmul
    adc.o(i.Read_ADCchannels) refers to ddiv.o(x$fpl$ddiv) for __aeabi_ddiv
    adc.o(i.Read_ADCchannels) refers to d2f.o(x$fpl$d2f) for __aeabi_d2f
    adc.o(i.Read_ADCchannels) refers to f2d.o(x$fpl$f2d) for __aeabi_f2d
    adc.o(i.Read_ADCchannels) refers to drleqf.o(x$fpl$drleqf) for __aeabi_cdrcmple
    adc.o(i.Read_ADCchannels) refers to delay.o(i.DELAY_ms) for DELAY_ms
    adc.o(i.Read_ADCchannels) refers to uart.o(i.UART_Printf) for UART_Printf
    adc.o(i.Read_ADCchannels) refers to convert.o(i.ftoa_signed) for ftoa_signed
    adc.o(i.Read_ADCchannels) refers to adc.o(.data) for adcValue0
    adc.o(i.adc_GetPclk) refers to system_lpc17xx.o(.data) for SystemCoreClock
    convert.o(i.ftoa) refers to ffix.o(x$fpl$ffix) for __aeabi_f2iz
    convert.o(i.ftoa) refers to fflt_clz.o(x$fpl$fflt) for __aeabi_i2f
    convert.o(i.ftoa) refers to faddsub_clz.o(x$fpl$frsb) for __aeabi_frsub
    convert.o(i.ftoa) refers to convert.o(i.intToStr) for intToStr
    convert.o(i.ftoa) refers to dflt_clz.o(x$fpl$dflt) for __aeabi_i2d
    convert.o(i.ftoa) refers to pow.o(i.pow) for pow
    convert.o(i.ftoa) refers to f2d.o(x$fpl$f2d) for __aeabi_f2d
    convert.o(i.ftoa) refers to dmul.o(x$fpl$dmul) for __aeabi_dmul
    convert.o(i.ftoa) refers to daddsub_clz.o(x$fpl$dadd) for __aeabi_dadd
    convert.o(i.ftoa) refers to d2f.o(x$fpl$d2f) for __aeabi_d2f
    convert.o(i.ftoa_signed) refers to ffix.o(x$fpl$ffix) for __aeabi_f2iz
    convert.o(i.ftoa_signed) refers to fleqf.o(x$fpl$fleqf) for __aeabi_cfcmple
    convert.o(i.ftoa_signed) refers to fmul.o(x$fpl$fmul) for __aeabi_fmul
    convert.o(i.ftoa_signed) refers to feqf.o(x$fpl$feqf) for __aeabi_cfcmpeq
    convert.o(i.ftoa_signed) refers to fflt_clz.o(x$fpl$fflt) for __aeabi_i2f
    convert.o(i.ftoa_signed) refers to fdiv.o(x$fpl$fdiv) for __aeabi_fdiv
    convert.o(i.ftoa_signed) refers to faddsub_clz.o(x$fpl$frsb) for __aeabi_frsub
    convert.o(i.intToStr) refers to convert.o(i.reverse) for reverse
    convert.o(i.stof) refers to fdiv.o(x$fpl$fdiv) for __aeabi_fdiv
    convert.o(i.stof) refers to fflt_clz.o(x$fpl$fflt) for __aeabi_i2f
    convert.o(i.stof) refers to fmul.o(x$fpl$fmul) for __aeabi_fmul
    convert.o(i.stof) refers to faddsub_clz.o(x$fpl$fadd) for __aeabi_fadd
    delay.o(i.DELAY_ms) refers to delay.o(i.DELAY_us) for DELAY_us
    delay.o(i.DELAY_sec) refers to delay.o(i.DELAY_ms) for DELAY_ms
    extintr.o(i.EINT0_IRQHandler) refers to extintr.o(.data) for EintConfigTable
    extintr.o(i.EINT1_IRQHandler) refers to extintr.o(.data) for EintConfigTable
    extintr.o(i.EINT2_IRQHandler) refers to extintr.o(.data) for EintConfigTable
    extintr.o(i.EINT3_IRQHandler) refers to extintr.o(.data) for EintConfigTable
    extintr.o(i.EINT_AttachInterrupt) refers to gpio.o(i.GPIO_PinFunction) for GPIO_PinFunction
    extintr.o(i.EINT_AttachInterrupt) refers to extintr.o(.data) for EintConfigTable
    extintr.o(i.EINT_DetachInterrupt) refers to gpio.o(i.GPIO_PinFunction) for GPIO_PinFunction
    extintr.o(i.EINT_DetachInterrupt) refers to extintr.o(.data) for EintConfigTable
    gprs.o(i.Buffer_Flush) refers to rt_memclr.o(.text) for __aeabi_memclr
    gprs.o(i.Buffer_Flush) refers to uart.o(.bss) for UART1Buffer
    gprs.o(i.Buffer_Flush) refers to uart.o(.data) for UART1Count
    gprs.o(i.Check_LocalIP) refers to uart.o(i.UART_TxString) for UART_TxString
    gprs.o(i.Check_LocalIP) refers to gprs.o(i.WaitForExpectedResponse) for WaitForExpectedResponse
    gprs.o(i.Check_QIState) refers to uart.o(i.UART_TxString) for UART_TxString
    gprs.o(i.Check_QIState) refers to gprs.o(i.WaitForExpectedResponse) for WaitForExpectedResponse
    gprs.o(i.Config_Module_for_RI_Interrupt) refers to lpc17xx_wdt.o(i.WDT_Feed) for WDT_Feed
    gprs.o(i.Config_Module_for_RI_Interrupt) refers to uart.o(i.UART_TxString) for UART_TxString
    gprs.o(i.Config_Module_for_RI_Interrupt) refers to gprs.o(i.WaitForExpectedResponse) for WaitForExpectedResponse
    gprs.o(i.Config_Module_for_RI_Interrupt) refers to delay.o(i.DELAY_ms) for DELAY_ms
    gprs.o(i.En_GSM_PWRKEY) refers to uart.o(i.UART_TxString) for UART_TxString
    gprs.o(i.En_GSM_PWRKEY) refers to gpio.o(i.GPIO_PinWrite) for GPIO_PinWrite
    gprs.o(i.En_GSM_PWRKEY) refers to delay.o(i.DELAY_ms) for DELAY_ms
[...]
    pow                                      0x00011a29   Thumb Code  2512  pow.o(i.pow)
    readSMS                                  0x0001289d   Thumb Code  3624  gprs.o(i.readSMS)
    readconfigfile                           0x00013845   Thumb Code   134  mmc_176x_ssp.o(i.readconfigfile)
    retrylog                                 0x000139c5   Thumb Code   486  mmc_176x_ssp.o(i.retrylog)
    reverse                                  0x00013d31   Thumb Code    28  convert.o(i.reverse)
    sampleTestlog                            0x00013d4d   Thumb Code   380  lcd_scroll.o(i.sampleTestlog)
    sd_append_file                           0x00013f69   Thumb Code   104  mmc_176x_ssp.o(i.sd_append_file)
    set_OpenDrainMode                        0x000140d1   Thumb Code    42  gpio.o(i.set_OpenDrainMode)
    set_ResistorMode                         0x00014101   Thumb Code    60  gpio.o(i.set_ResistorMode)
    smsUpdateConfig                          0x00014141   Thumb Code   174  mmc_176x_ssp.o(i.smsUpdateConfig)
    sqrt                                     0x000142e1   Thumb Code    76  sqrt.o(i.sqrt)
    startModule_vREG                         0x00014375   Thumb Code    28  gprs.o(i.startModule_vREG)
    _get_lc_numeric                          0x000149b9   Thumb Code    44  lc_numeric_c.o(locale$$code)
    __aeabi_d2f                              0x000149e5   Thumb Code     0  d2f.o(x$fpl$d2f)
    _d2f                                     0x000149e5   Thumb Code    98  d2f.o(x$fpl$d2f)
    __aeabi_dadd                             0x00014a49   Thumb Code     0  daddsub_clz.o(x$fpl$dadd)
    _dadd                                    0x00014a49   Thumb Code   332  daddsub_clz.o(x$fpl$dadd)
    __fpl_dcheck_NaN1                        0x00014b99   Thumb Code    10  dcheck1.o(x$fpl$dcheck1)
    __fpl_dcmp_Inf                           0x00014ba9   Thumb Code    24  dcmpi.o(x$fpl$dcmpinf)
    __aeabi_ddiv                             0x00014bc1   Thumb Code     0  ddiv.o(x$fpl$ddiv)
    _ddiv                                    0x00014bc1   Thumb Code   552  ddiv.o(x$fpl$ddiv)
    __aeabi_cdcmpeq                          0x00014e71   Thumb Code     0  deqf.o(x$fpl$deqf)
    _dcmpeq                                  0x00014e71   Thumb Code   120  deqf.o(x$fpl$deqf)
    __aeabi_d2iz                             0x00014ee9   Thumb Code     0  dfix.o(x$fpl$dfix)
    _dfix                                    0x00014ee9   Thumb Code    94  dfix.o(x$fpl$dfix)
    __aeabi_d2uiz                            0x00014f49   Thumb Code     0  dfixu.o(x$fpl$dfixu)
    _dfixu                                   0x00014f49   Thumb Code    90  dfixu.o(x$fpl$dfixu)
    __aeabi_i2d                              0x00014fa3   Thumb Code     0  dflt_clz.o(x$fpl$dflt)
    _dflt                                    0x00014fa3   Thumb Code    46  dflt_clz.o(x$fpl$dflt)
    __aeabi_ui2d                             0x00014fd1   Thumb Code     0  dflt_clz.o(x$fpl$dfltu)
    _dfltu                                   0x00014fd1   Thumb Code    38  dflt_clz.o(x$fpl$dfltu)
    __aeabi_cdcmple                          0x00014ff9   Thumb Code     0  dleqf.o(x$fpl$dleqf)
    _dcmple                                  0x00014ff9   Thumb Code   120  dleqf.o(x$fpl$dleqf)
    __fpl_dcmple_InfNaN                      0x0001505b   Thumb Code     0  dleqf.o(x$fpl$dleqf)
    __aeabi_dmul                             0x00015071   Thumb Code     0  dmul.o(x$fpl$dmul)
    _dmul                                    0x00015071   Thumb Code   332  dmul.o(x$fpl$dmul)
    __fpl_dnaninf                            0x000151c5   Thumb Code   156  dnaninf.o(x$fpl$dnaninf)
    __fpl_dretinf                            0x00015261   Thumb Code    12  dretinf.o(x$fpl$dretinf)
    __aeabi_cdrcmple                         0x0001526d   Thumb Code     0  drleqf.o(x$fpl$drleqf)
    _drcmple                                 0x0001526d   Thumb Code   108  drleqf.o(x$fpl$drleqf)
    __aeabi_drsub                            0x000152d9   Thumb Code     0  daddsub_clz.o(x$fpl$drsb)
    _drsb                                    0x000152d9   Thumb Code    22  daddsub_clz.o(x$fpl$drsb)
    _dsqrt                                   0x000152f1   Thumb Code   456  dsqrt_noumaal.o(x$fpl$dsqrt)
    __aeabi_dsub                             0x000154bd   Thumb Code     0  daddsub_clz.o(x$fpl$dsub)
    _dsub                                    0x000154bd   Thumb Code   464  daddsub_clz.o(x$fpl$dsub)
    __aeabi_f2d                              0x00015691   Thumb Code     0  f2d.o(x$fpl$f2d)
    _f2d                                     0x00015691   Thumb Code    86  f2d.o(x$fpl$f2d)
    __aeabi_fadd                             0x000156e9   Thumb Code     0  faddsub_clz.o(x$fpl$fadd)
    _fadd                                    0x000156e9   Thumb Code   196  faddsub_clz.o(x$fpl$fadd)
    __fpl_fcmp_Inf                           0x000157ad   Thumb Code    24  fcmpi.o(x$fpl$fcmpinf)
    __aeabi_fdiv                             0x000157c5   Thumb Code     0  fdiv.o(x$fpl$fdiv)
    _fdiv                                    0x000157c5   Thumb Code   384  fdiv.o(x$fpl$fdiv)
    __aeabi_cfcmpeq                          0x00015949   Thumb Code     0  feqf.o(x$fpl$feqf)
    _fcmpeq                                  0x00015949   Thumb Code   104  feqf.o(x$fpl$feqf)
    __aeabi_f2iz                             0x000159b1   Thumb Code     0  ffix.o(x$fpl$ffix)
    _ffix                                    0x000159b1   Thumb Code    54  ffix.o(x$fpl$ffix)
    __aeabi_f2uiz                            0x000159e9   Thumb Code     0  ffixu.o(x$fpl$ffixu)
    _ffixu                                   0x000159e9   Thumb Code    62  ffixu.o(x$fpl$ffixu)
    __aeabi_i2f                              0x00015a29   Thumb Code     0  fflt_clz.o(x$fpl$fflt)
    _fflt                                    0x00015a29   Thumb Code    48  fflt_clz.o(x$fpl$fflt)
    __aeabi_ui2f                             0x00015a59   Thumb Code     0  fflt_clz.o(x$fpl$ffltu)
    _ffltu                                   0x00015a59   Thumb Code    38  fflt_clz.o(x$fpl$ffltu)
    __aeabi_cfcmple                          0x00015a81   Thumb Code     0  fleqf.o(x$fpl$fleqf)
    _fcmple                                  0x00015a81   Thumb Code   104  fleqf.o(x$fpl$fleqf)
    __fpl_fcmple_InfNaN                      0x00015ad3   Thumb Code     0  fleqf.o(x$fpl$fleqf)
    __aeabi_fmul                             0x00015ae9   Thumb Code     0  fmul.o(x$fpl$fmul)
    _fmul                                    0x00015ae9   Thumb Code   258  fmul.o(x$fpl$fmul)
    __fpl_fnaninf                            0x00015beb   Thumb Code   140  fnaninf.o(x$fpl$fnaninf)
    __fpl_fretinf                            0x00015c77   Thumb Code    10  fretinf.o(x$fpl$fretinf)
    __aeabi_cfrcmple                         0x00015c81   Thumb Code     0  frleqf.o(x$fpl$frleqf)
    _frcmple                                 0x00015c81   Thumb Code    98  frleqf.o(x$fpl$frleqf)
    __aeabi_frsub                            0x00015ce3   Thumb Code     0  faddsub_clz.o(x$fpl$frsb)
    _frsb                                    0x00015ce3   Thumb Code    20  faddsub_clz.o(x$fpl$frsb)
    __aeabi_fsub                             0x00015cf9   Thumb Code     0  faddsub_clz.o(x$fpl$fsub)
    _fsub                                    0x00015cf9   Thumb Code   234  faddsub_clz.o(x$fpl$fsub)
    _printf_fp_dec                           0x00015de3   Thumb Code     4  printf1.o(x$fpl$printf1)
    __fpl_return_NaN                         0x00015de7   Thumb Code   100  retnan.o(x$fpl$retnan)
    __ARM_scalbn                             0x00015e4b   Thumb Code    92  scalbn.o(x$fpl$scalbn)
    __fpl_cmpreturn                          0x00015ea7   Thumb Code    48  trapv.o(x$fpl$trapveneer)
    AdcConfig                                0x00015ed6   Data          16  adc.o(.constdata)
    __I$use$fp                               0x00015ed6   Number         0  usenofp.o(x$fpl$usenofp)
    UartConfig                               0x00015ee8   Data          32  uart.o(.constdata)
    __mathlib_zero                           0x00024aa8   Data           8  qnan.o(.constdata)
    Region$$Table$$Base                      0x00025134   Number         0  anon$$obj.o(Region$$Table)
    Region$$Table$$Limit                     0x00025164   Number         0  anon$$obj.o(Region$$Table)
    fileName                                 0x10000de8   Data          30  mmc_176x_ssp.o(.bss)
    fileNme                                  0x10000e06   Data          13  mmc_176x_ssp.o(.bss)
    foldername                               0x10000e13   Data          20  mmc_176x_ssp.o(.bss)
    Finfo                                    0x10000e28   Data         280  mmc_176x_ssp.o(.bss)
    FatFs                                    0x10000f40   Data        2168  mmc_176x_ssp.o(.bss)
    line_buffer                              0x100017b8   Data         512  mmc_176x_ssp.o(.bss)
    USBbuffer                                0x100019b8   Data         512  mmc_176x_ssp.o(.bss)
    Buff                                     0x10001bb8   Data       16384  mmc_176x_ssp.o(.bss)
    adcValue0                                0x2007c000   Data           4  adc.o(.data)
    adcValue1                                0x2007c004   Data           4  adc.o(.data)
    volt0                                    0x2007c008   Data           4  adc.o(.data)
    volt1                                    0x2007c00c   Data           4  adc.o(.data)
    ActualVoltage0                           0x2007c010   Data           4  adc.o(.data)
    ActualVoltage1                           0x2007c014   Data           4  adc.o(.data)
    _BVolt                                   0x2007c018   Data           6  adc.o(.data)
    _PVolt                                   0x2007c01e   Data           6  adc.o(.data)
    EintConfigTable                          0x2007c024   Data          32  extintr.o(.data)
    buffer_pointer                           0x2007c044   Data           4  gprs.o(.data)
    _index                                   0x2007c048   Data           4  gprs.o(.data)
    position                                 0x2007c04c   Data           4  gprs.o(.data)
    status_flag                              0x2007c050   Data           1  gprs.o(.data)
    master_Mobile_no                         0x2007c051   Data          14  gprs.o(.data)
    altitude_buffer                          0x2007c05f   Data           8  gprs.o(.data)
    Satellites_In_View                       0x2007c067   Data           3  gprs.o(.data)
    _sQuality                                0x2007c06a   Data           5  gprs.o(.data)
    APN                                      0x2007c070   Data           4  gprs.o(.data)
    SignalQuality                            0x2007c074   Data           4  gprs.o(.data)
    FixQuality                               0x2007c078   Data           4  gprs.o(.data)
    Response_Status                          0x2007c07c   Data           1  gprs.o(.data)
    CRLF_COUNT                               0x2007c07d   Data           1  gprs.o(.data)
    responseStatus                           0x2007c07e   Data           1  gprs.o(.data)
    Counter                                  0x2007c080   Data           2  gprs.o(.data)
    TimeOut                                  0x2007c084   Data           4  gprs.o(.data)
    ERROR_CODE                               0x2007c088   Data           4  gprs.o(.data)
    PDP                                      0x2007c08c   Data           4  gprs.o(.data)
    APN_Case                                 0x2007c090   Data           4  gprs.o(.data)
    logInterval                              0x2007c094   Data           1  gprs.o(.data)
    PacketlogInterval                        0x2007c095   Data           1  gprs.o(.data)
    PacketsendInterval                       0x2007c096   Data           1  gprs.o(.data)
    _logInterval                             0x2007c097   Data           4  gprs.o(.data)
    _PacketlogInterval                       0x2007c09b   Data           4  gprs.o(.data)
    _PacketsendInterval                      0x2007c09f   Data           4  gprs.o(.data)
    _SIM_2_FALG                              0x2007c0a4   Data           4  gprs.o(.data)
    KeyInterrupt                             0x2007c0ac   Data           4  lcd_scroll.o(.data)
    scrollScreen                             0x2007c0b0   Data           4  lcd_scroll.o(.data)
    v_LcdTrackLineNum_U8                     0x2007c0b4   Data           1  lcd.o(.data)
    v_LcdTrackCursorPos_U8                   0x2007c0b5   Data           1  lcd.o(.data)
    ARR_LcdLineNumAddress_U8                 0x2007c0b6   Data           4  lcd.o(.data)
    LCD_Enable                               0x2007c0ba   Data           1  lcd.o(.data)
    zero                                     0x2007c0bb   Data           8  lcd.o(.data)
    one                                      0x2007c0c3   Data           8  lcd.o(.data)
    two                                      0x2007c0cb   Data           8  lcd.o(.data)
    three                                    0x2007c0d3   Data           8  lcd.o(.data)
    four                                     0x2007c0db   Data           8  lcd.o(.data)
    five                                     0x2007c0e3   Data           8  lcd.o(.data)
    custom_char                              0x2007c0eb   Data           8  lcd.o(.data)
    custom_MarginalSignal                    0x2007c0f3   Data           8  lcd.o(.data)
    custom_OKSignal                          0x2007c0fb   Data           8  lcd.o(.data)
    custom_GoodSignal                        0x2007c103   Data           8  lcd.o(.data)
    custom_ExcellentSignal                   0x2007c10b   Data           8  lcd.o(.data)
    signalBar                                0x2007c113   Data           8  lcd.o(.data)
    char_S                                   0x2007c11b   Data           8  lcd.o(.data)
    char_K                                   0x2007c123   Data           8  lcd.o(.data)
    char_Y                                   0x2007c12b   Data           8  lcd.o(.data)
    char_S4                                  0x2007c133   Data           8  lcd.o(.data)
    char_E                                   0x2007c13b   Data           8  lcd.o(.data)
    char_N                                   0x2007c143   Data           8  lcd.o(.data)
    char_S8                                  0x2007c14b   Data           8  lcd.o(.data)
    char_E2                                  0x2007c153   Data           8  lcd.o(.data)
    logo_00                                  0x2007c15b   Data           8  lcd.o(.data)
    logo_01                                  0x2007c163   Data           8  lcd.o(.data)
    logo_02                                  0x2007c16b   Data           8  lcd.o(.data)
    logo_10                                  0x2007c173   Data           8  lcd.o(.data)
    logo_11                                  0x2007c17b   Data           8  lcd.o(.data)
    logo_12                                  0x2007c183   Data           8  lcd.o(.data)
    alarm_on                                 0x2007c18c   Data           4  rtc.o(.data)
    UART0Status                              0x2007c190   Data           4  uart.o(.data)
    UART1Status                              0x2007c194   Data           4  uart.o(.data)
    UART3Status                              0x2007c198   Data           4  uart.o(.data)
    UART0TxEmpty                             0x2007c19c   Data           1  uart.o(.data)
    UART1TxEmpty                             0x2007c19d   Data           1  uart.o(.data)
    UART3TxEmpty                             0x2007c19e   Data           1  uart.o(.data)
    UART0Count                               0x2007c1a0   Data           4  uart.o(.data)
    UART1Count                               0x2007c1a4   Data           4  uart.o(.data)
    UART3Count                               0x2007c1a8   Data           4  uart.o(.data)
    FRList                                   0x2007c1ac   Data         288  uart.o(.data)
    DIVADDVALList                            0x2007c2cc   Data         288  uart.o(.data)
    MULVALList                               0x2007c3ec   Data         288  uart.o(.data)
    _Rain                                    0x2007c510   Data           8  rain.o(.data)
    _LCDRain                                 0x2007c518   Data           8  rain.o(.data)
    _PeriodicRain                            0x2007c520   Data           8  rain.o(.data)
    rain                                     0x2007c528   Data           8  rain.o(.data)
    LCDrain                                  0x2007c530   Data           8  rain.o(.data)
    total_DailyRain                          0x2007c538   Data           8  rain.o(.data)
    temp_rain                                0x2007c540   Data           8  rain.o(.data)
    yearly_rain                              0x2007c548   Data           8  rain.o(.data)
    PeriodicRain                             0x2007c550   Data           8  rain.o(.data)
    numTipsRain                              0x2007c558   Data           4  rain.o(.data)
    LCDnumTipsRain                           0x2007c55c   Data           4  rain.o(.data)
    checkvalue                               0x2007c560   Data           4  rain.o(.data)
    detector                                 0x2007c564   Data           4  rain.o(.data)
    eeprom_address_Rain                      0x2007c568   Data           4  rain.o(.data)
    bytes_written                            0x2007c57c   Data           4  mmc_176x_ssp.o(.data)
    size                                     0x2007c580   Data           4  mmc_176x_ssp.o(.data)
    foldername1                              0x2007c584   Data          20  mmc_176x_ssp.o(.data)
    n                                        0x2007c598   Data           4  mmc_176x_ssp.o(.data)
    eof                                      0x2007c59c   Data           4  mmc_176x_ssp.o(.data)
    ff_result                                0x2007c5a0   Data           1  mmc_176x_ssp.o(.data)
    fault                                    0x2007c5a1   Data           1  mmc_176x_ssp.o(.data)
    first_flag                               0x2007c5a2   Data           1  mmc_176x_ssp.o(.data)
    FailedFirstPendinglog                    0x2007c5a3   Data           1  mmc_176x_ssp.o(.data)
    Authentication                           0x2007c5a4   Data           4  mmc_176x_ssp.o(.data)
    USB_Failed                               0x2007c5a8   Data           4  mmc_176x_ssp.o(.data)
    V_EepromType_U16                         0x2007c5c8   Data           4  eeprom.o(.data)
    V_SysTickMiliSecCount_U32                0x2007c5cc   Data           4  systick.o(.data)
    sysTickCallBack                          0x2007c5d0   Data           4  systick.o(.data)
    PlogCreate                               0x2007c5d4   Data           4  log.o(.data)
    MaxRain_threshold_val1                   0x2007c5d8   Data           4  log.o(.data)
    MaxRain_threshold_val2                   0x2007c5dc   Data           4  log.o(.data)
    rain_val                                 0x2007c5e0   Data           4  log.o(.data)
    FirmwareRevision                         0x2007c5e4   Data          11  log.o(.data)
    eeprom_address_TH1                       0x2007c5f0   Data           4  log.o(.data)
    eeprom_address_TH2                       0x2007c5f4   Data           4  log.o(.data)
    eeprom_address_master_number             0x2007c5f8   Data           4  log.o(.data)
    eeprom_address_slave_number1             0x2007c5fc   Data           4  log.o(.data)
    eeprom_address_slave_number2             0x2007c600   Data           4  log.o(.data)
    SDA_PIN                                  0x2007c604   Data           1  softi2c.o(.data)
    SCL_PIN                                  0x2007c605   Data           1  softi2c.o(.data)
    rtc                                      0x2007c608   Data           8  main.o(.data)
    returnStatus                             0x2007c610   Data           1  main.o(.data)
    GPSCheck                                 0x2007c611   Data           1  main.o(.data)
    Card_Failed                              0x2007c614   Data           4  main.o(.data)
    gUSBConnected                            0x2007c624   Data           4  usbhost_lpc17xx.o(.data)
    HOST_RhscIntr                            0x2007c628   Data           4  usbhost_lpc17xx.o(.data)
    HOST_WdhIntr                             0x2007c62c   Data           4  usbhost_lpc17xx.o(.data)
    HOST_TDControlStatus                     0x2007c630   Data           1  usbhost_lpc17xx.o(.data)
    EDCtrl                                   0x2007c634   Data           4  usbhost_lpc17xx.o(.data)
    EDBulkIn                                 0x2007c638   Data           4  usbhost_lpc17xx.o(.data)
    EDBulkOut                                0x2007c63c   Data           4  usbhost_lpc17xx.o(.data)
    TDHead                                   0x2007c640   Data           4  usbhost_lpc17xx.o(.data)
    TDTail                                   0x2007c644   Data           4  usbhost_lpc17xx.o(.data)
    Hcca                                     0x2007c648   Data           4  usbhost_lpc17xx.o(.data)
    TDBufNonVol                              0x2007c64c   Data           4  usbhost_lpc17xx.o(.data)
    TDBuffer                                 0x2007c650   Data           4  usbhost_lpc17xx.o(.data)
    FATBuffer                                0x2007c654   Data           4  usbhost_lpc17xx.o(.data)
    UserBuffer                               0x2007c658   Data           4  usbhost_lpc17xx.o(.data)
    UnrecoverableIntCount                    0x2007c65c   Data           4  usbhost_lpc17xx.o(.data)
    MS_BlkSize                               0x2007c660   Data           4  usbhost_ms.o(.data)
    numBlks                                  0x2007c668   Data           4  usb_176x_diskio.o(.data)
    blkSize                                  0x2007c66c   Data           4  usb_176x_diskio.o(.data)
    SystemCoreClock                          0x2007c674   Data           4  system_lpc17xx.o(.data)
    Mobile_no                                0x2007c67c   Data          14  gprs.o(.bss)
    message_received                         0x2007c68a   Data          60  gprs.o(.bss)
    SIM_Mobile_no                            0x2007c6c6   Data          14  gprs.o(.bss)
    Date_Time                                0x2007c6d4   Data          17  gprs.o(.bss)
    _SMS_Buffer                              0x2007c6e5   Data         512  gprs.o(.bss)
    latitude_buffer                          0x2007c8e5   Data          16  gprs.o(.bss)
    longitude_buffer                         0x2007c8f5   Data          16  gprs.o(.bss)
    imei                                     0x2007c905   Data          16  gprs.o(.bss)
    CCID                                     0x2007c915   Data          25  gprs.o(.bss)
    SignalQualityIndication                  0x2007c92e   Data          15  gprs.o(.bss)
    URLbuffer                                0x2007c93d   Data         100  gprs.o(.bss)
    _apnBuffer                               0x2007c9a1   Data          15  gprs.o(.bss)
    _ErrorLogBuffer                          0x2007c9b0   Data         512  gprs.o(.bss)
    ntwkUrl                                  0x2007cbb0   Data         100  gprs.o(.bss)
    Testlogbuffer                            0x2007cc78   Data         512  lcd_scroll.o(.bss)
    LCDConfig                                0x2007ce78   Data          14  lcd.o(.bss)
    UART0Buffer                              0x2007ce86   Data         160  uart.o(.bss)
    UART1Buffer                              0x2007cf26   Data         160  uart.o(.bss)
    UART3Buffer                              0x2007cfc6   Data         160  uart.o(.bss)
    master_Number                            0x2007d066   Data          20  log.o(.bss)
    slave_Number1                            0x2007d07a   Data          20  log.o(.bss)
    slave_Number2                            0x2007d08e   Data          20  log.o(.bss)
    Mobile_no_1                              0x2007d0a2   Data          20  log.o(.bss)
    _buffer                                  0x2007d0b6   Data         512  main.o(.bss)
    iniContent                               0x2007d2b6   Data         512  main.o(.bss)
    inquiryResult                            0x2007d6b6   Data          36  usb_176x_diskio.o(.bss)
    __libspace_start                         0x2007d6dc   Data          96  libspace.o(.bss)
    __temporary_stack_top$libspace           0x2007d73c   Data           0  libspace.o(.bss)



==============================================================================

Memory Map of the image

  Image Entry point : 0x000040cd

  Load Region LR_IROM1 (Base: 0x00004000, Size: 0x000217fc, Max: 0x00080000, ABSOLUTE, COMPRESSED[0x00021454])

    Execution Region ER_IROM1 (Exec base: 0x00004000, Load base: 0x00004000, Size: 0x00021180, Max: 0x00080000, ABSOLUTE)

    Exec Addr    Load Addr    Size         Type   Attr      Idx    E Section Name        Object

    0x00004000   0x00004000   0x000000cc   Data   RO         3372    RESET               startup_lpc17xx.o
    0x000040cc   0x000040cc   0x00000008   Code   RO         3493  * !!!main             c_w.l(__main.o)
    0x000040d4   0x000040d4   0x00000034   Code   RO         3868    !!!scatter          c_w.l(__scatter.o)
    0x00004108   0x00004108   0x00000064   Code   RO         3866    !!dclz77c           c_w.l(__dclz77c.o)
    0x0000416c   0x0000416c   0x0000001c   Code   RO         3870    !!handler_zi        c_w.l(__scatter_zi.o)
    0x00004188   0x00004188   0x00000000   Code   RO         3453    .ARM.Collect$$_printf_percent$$00000000  c_w.l(_printf_percent.o)
    0x00004188   0x00004188   0x00000006   Code   RO         3452    .ARM.Collect$$_printf_percent$$00000003  c_w.l(_printf_f.o)
    0x0000418e   0x0000418e   0x00000006   Code   RO         3451    .ARM.Collect$$_printf_percent$$00000009  c_w.l(_printf_d.o)
    0x00004194   0x00004194   0x00000006   Code   RO         3449    .ARM.Collect$$_printf_percent$$00000013  c_w.l(_printf_c.o)
    0x0000419a   0x0000419a   0x00000006   Code   RO         3450    .ARM.Collect$$_printf_percent$$00000014  c_w.l(_printf_s.o)
    0x000041a0   0x000041a0   0x00000004   Code   RO         3597    .ARM.Collect$$_printf_percent$$00000017  c_w.l(_printf_percent_end.o)
    0x000041a4   0x000041a4   0x00000002   Code   RO         3748    .ARM.Collect$$libinit$$00000000  c_w.l(libinit.o)
    0x000041a6   0x000041a6   0x00000000   Code   RO         3750    .ARM.Collect$$libinit$$00000002  c_w.l(libinit2.o)
    0x000041a6   0x000041a6   0x00000000   Code   RO         3752    .ARM.Collect$$libinit$$00000004  c_w.l(libinit2.o)
    0x000041a6   0x000041a6   0x00000000   Code   RO         3755    .ARM.Collect$$libinit$$0000000A  c_w.l(libinit2.o)
    0x000041a6   0x000041a6   0x00000000   Code   RO         3757    .ARM.Collect$$libinit$$0000000C  c_w.l(libinit2.o)
    0x000041a6   0x000041a6   0x00000000   Code   RO         3759    .ARM.Collect$$libinit$$0000000E  c_w.l(libinit2.o)
    0x000041a6   0x000041a6   0x00000006   Code   RO         3760    .ARM.Collect$$libinit$$0000000F  c_w.l(libinit2.o)
    0x000041ac   0x000041ac   0x00000000   Code   RO         3762    .ARM.Collect$$libinit$$00000011  c_w.l(libinit2.o)
    0x000041ac   0x000041ac   0x00000000   Code   RO         3764    .ARM.Collect$$libinit$$00000013  c_w.l(libinit2.o)
    0x000041ac   0x000041ac   0x00000000   Code   RO         3766    .ARM.Collect$$libinit$$00000015  c_w.l(libinit2.o)
    0x000041ac   0x000041ac   0x0000000a   Code   RO         3767    .ARM.Collect$$libinit$$00000016  c_w.l(libinit2.o)
    0x000041b6   0x000041b6   0x00000000   Code   RO         3768    .ARM.Collect$$libinit$$00000017  c_w.l(libinit2.o)
    0x000041b6   0x000041b6   0x00000000   Code   RO         3770    .ARM.Collect$$libinit$$00000019  c_w.l(libinit2.o)
    0x000041b6   0x000041b6   0x00000000   Code   RO         3772    .ARM.Collect$$libinit$$0000001B  c_w.l(libinit2.o)
    0x000041b6   0x000041b6   0x00000000   Code   RO         3774    .ARM.Collect$$libinit$$0000001D  c_w.l(libinit2.o)
    0x000041b6   0x000041b6   0x00000000   Code   RO         3776    .ARM.Collect$$libinit$$0000001F  c_w.l(libinit2.o)
    0x000041b6   0x000041b6   0x00000000   Code   RO         3778    .ARM.Collect$$libinit$$00000021  c_w.l(libinit2.o)
    0x000041b6   0x000041b6   0x00000000   Code   RO         3780    .ARM.Collect$$libinit$$00000023  c_w.l(libinit2.o)
    0x000041b6   0x000041b6   0x00000000   Code   RO         3782    .ARM.Collect$$libinit$$00000025  c_w.l(libinit2.o)
    0x000041b6   0x000041b6   0x00000000   Code   RO         3786    .ARM.Collect$$libinit$$0000002C  c_w.l(libinit2.o)
    0x000041b6   0x000041b6   0x00000000   Code   RO         3788    .ARM.Collect$$libinit$$0000002E  c_w.l(libinit2.o)
    0x000041b6   0x000041b6   0x00000000   Code   RO         3790    .ARM.Collect$$libinit$$00000030  c_w.l(libinit2.o)
    0x000041b6   0x000041b6   0x00000000   Code   RO         3792    .ARM.Collect$$libinit$$00000032  c_w.l(libinit2.o)
    0x000041b6   0x000041b6   0x00000002   Code   RO         3793    .ARM.Collect$$libinit$$00000033  c_w.l(libinit2.o)
    0x000041b8   0x000041b8   0x00000002   Code   RO         3847    .ARM.Collect$$libshutdown$$00000000  c_w.l(libshutdown.o)
    0x000041ba   0x000041ba   0x00000000   Code   RO         3849    .ARM.Collect$$libshutdown$$00000002  c_w.l(libshutdown2.o)
    0x000041ba   0x000041ba   0x00000000   Code   RO         3851    .ARM.Collect$$libshutdown$$00000004  c_w.l(libshutdown2.o)
    0x000041ba   0x000041ba   0x00000000   Code   RO         3854    .ARM.Collect$$libshutdown$$00000007  c_w.l(libshutdown2.o)
    0x000041ba   0x000041ba   0x00000000   Code   RO         3857    .ARM.Collect$$libshutdown$$0000000A  c_w.l(libshutdown2.o)
    0x000041ba   0x000041ba   0x00000000   Code   RO         3859    .ARM.Collect$$libshutdown$$0000000C  c_w.l(libshutdown2.o)
    0x000041ba   0x000041ba   0x00000000   Code   RO         3862    .ARM.Collect$$libshutdown$$0000000F  c_w.l(libshutdown2.o)
    0x000041ba   0x000041ba   0x00000002   Code   RO         3863    .ARM.Collect$$libshutdown$$00000010  c_w.l(libshutdown2.o)
    0x000041bc   0x000041bc   0x00000000   Code   RO         3575    .ARM.Collect$$rtentry$$00000000  c_w.l(__rtentry.o)
    0x000041bc   0x000041bc   0x00000000   Code   RO         3658    .ARM.Collect$$rtentry$$00000002  c_w.l(__rtentry2.o)
    0x000041bc   0x000041bc   0x00000006   Code   RO         3670    .ARM.Collect$$rtentry$$00000004  c_w.l(__rtentry4.o)
    0x000041c2   0x000041c2   0x00000000   Code   RO         3660    .ARM.Collect$$rtentry$$00000009  c_w.l(__rtentry2.o)
    0x000041c2   0x000041c2   0x00000004   Code   RO         3661    .ARM.Collect$$rtentry$$0000000A  c_w.l(__rtentry2.o)
    0x000041c6   0x000041c6   0x00000000   Code   RO         3663    .ARM.Collect$$rtentry$$0000000C  c_w.l(__rtentry2.o)
    0x000041c6   0x000041c6   0x00000008   Code   RO         3664    .ARM.Collect$$rtentry$$0000000D  c_w.l(__rtentry2.o)
    0x000041ce   0x000041ce   0x00000002   Code   RO         3796    .ARM.Collect$$rtexit$$00000000  c_w.l(rtexit.o)
    0x000041d0   0x000041d0   0x00000000   Code   RO         3809    .ARM.Collect$$rtexit$$00000002  c_w.l(rtexit2.o)
    0x000041d0   0x000041d0   0x00000004   Code   RO         3810    .ARM.Collect$$rtexit$$00000003  c_w.l(rtexit2.o)
    0x000041d4   0x000041d4   0x00000006   Code   RO         3811    .ARM.Collect$$rtexit$$00000004  c_w.l(rtexit2.o)
    0x000041da   0x000041da   0x00000002   PAD
    0x000041dc   0x000041dc   0x0000003c   Code   RO         3374    .text               startup_lpc17xx.o
    0x00004218   0x00004218   0x0000002c   Code   RO         3417    .text               c_w.l(__2sprintf.o)
    0x00004244   0x00004244   0x0000004e   Code   RO         3423    .text               c_w.l(_printf_pad.o)
    0x00004292   0x00004292   0x00000052   Code   RO         3425    .text               c_w.l(_printf_str.o)
    0x000042e4   0x000042e4   0x00000078   Code   RO         3427    .text               c_w.l(_printf_dec.o)
    0x0000435c   0x0000435c   0x00000138   Code   RO         3441    .text               c_w.l(__printf_flags_wp.o)
    0x00004494   0x00004494   0x0000000c   Code   RO         3460    .text               c_w.l(strtok.o)
    0x000044a0   0x000044a0   0x00000014   Code   RO         3463    .text               c_w.l(strchr.o)
    0x000044b4   0x000044b4   0x00000024   Code   RO         3465    .text               c_w.l(strstr.o)
    0x000044d8   0x000044d8   0x00000048   Code   RO         3467    .text               c_w.l(strcpy.o)
    0x00004520   0x00004520   0x0000003e   Code   RO         3473    .text               c_w.l(strlen.o)
    0x0000455e   0x0000455e   0x00000096   Code   RO         3475    .text               c_w.l(strncmp.o)
    0x000045f4   0x000045f4   0x0000008a   Code   RO         3477    .text               c_w.l(rt_memcpy_v6.o)
    0x0000467e   0x0000467e   0x00000084   Code   RO         3479    .text               c_w.l(rt_memmove_v6.o)
    0x00004702   0x00004702   0x00000064   Code   RO         3481    .text               c_w.l(rt_memcpy_w.o)
    0x00004766   0x00004766   0x00000044   Code   RO         3483    .text               c_w.l(rt_memclr.o)
    0x000047aa   0x000047aa   0x0000004e   Code   RO         3485    .text               c_w.l(rt_memclr_w.o)
    0x000047f8   0x000047f8   0x00000056   Code   RO         3487    .text               c_w.l(strncpy.o)
    0x0000484e   0x0000484e   0x00000002   PAD
    0x00004850   0x00004850   0x00000080   Code   RO         3489    .text               c_w.l(strcmpv7m.o)
    0x000048d0   0x000048d0   0x00000006   Code   RO         3491    .text               c_w.l(heapauxi.o)
    0x000048d6   0x000048d6   0x00000002   PAD
    0x000048d8   0x000048d8   0x00000008   Code   RO         3581    .text               c_w.l(rt_errno_addr_intlibspace.o)
    0x000048e0   0x000048e0   0x00000016   Code   RO         3583    .text               c_w.l(_rserrno.o)
    0x000048f6   0x000048f6   0x000000b2   Code   RO         3587    .text               c_w.l(_printf_intcommon.o)
    0x000049a8   0x000049a8   0x0000041e   Code   RO         3589    .text               c_w.l(_printf_fp_dec.o)
    0x00004dc6   0x00004dc6   0x00000002   PAD
    0x00004dc8   0x00004dc8   0x00000030   Code   RO         3591    .text               c_w.l(_printf_char_common.o)
    0x00004df8   0x00004df8   0x0000000a   Code   RO         3593    .text               c_w.l(_sputc.o)
    0x00004e02   0x00004e02   0x0000002c   Code   RO         3595    .text               c_w.l(_printf_char.o)
    0x00004e2e   0x00004e2e   0x00000002   PAD
    0x00004e30   0x00004e30   0x00000044   Code   RO         3604    .text               c_w.l(strtok_int.o)
    0x00004e74   0x00004e74   0x0000007a   Code   RO         3606    .text               c_w.l(rt_memmove_w.o)
    0x00004eee   0x00004eee   0x00000002   PAD
    0x00004ef0   0x00004ef0   0x0000000c   Code   RO         3652    .text               c_w.l(sys_exit.o)
    0x00004efc   0x00004efc   0x00000008   Code   RO         3654    .text               c_w.l(libspace.o)
    0x00004f04   0x00004f04   0x00000008   Code   RO         3675    .text               c_w.l(rt_locale_intlibspace.o)
    0x00004f0c   0x00004f0c   0x0000008a   Code   RO         3677    .text               c_w.l(lludiv10.o)
    0x00004f96   0x00004f96   0x00000002   PAD
    0x00004f98   0x00004f98   0x00000080   Code   RO         3679    .text               c_w.l(_printf_fp_infnan.o)
    0x00005018   0x00005018   0x000000e4   Code   RO         3685    .text               c_w.l(bigflt0.o)
    0x000050fc   0x000050fc   0x00000020   Code   RO         3720    .text               c_w.l(strcspn.o)
    0x0000511c   0x0000511c   0x0000001c   Code   RO         3722    .text               c_w.l(strspn.o)
    0x00005138   0x00005138   0x00000002   Code   RO         3730    .text               c_w.l(use_no_semi.o)
    0x0000513a   0x0000513a   0x00000000   Code   RO         3732    .text               c_w.l(indicate_semi.o)
    0x0000513a   0x0000513a   0x0000004a   Code   RO         3733    .text               c_w.l(sys_stackheap_outer.o)
    0x00005184   0x00005184   0x00000012   Code   RO         3737    .text               c_w.l(exit.o)
    0x00005196   0x00005196   0x0000003e   Code   RO         3688    CL$$btod_d2e        c_w.l(btod.o)
    0x000051d4   0x000051d4   0x00000046   Code   RO         3690    CL$$btod_d2e_denorm_low  c_w.l(btod.o)
    0x0000521a   0x0000521a   0x00000060   Code   RO         3689    CL$$btod_d2e_norm_op1  c_w.l(btod.o)
    0x0000527a   0x0000527a   0x00000338   Code   RO         3698    CL$$btod_div_common  c_w.l(btod.o)
    0x000055b2   0x000055b2   0x000000dc   Code   RO         3695    CL$$btod_e2e        c_w.l(btod.o)
    0x0000568e   0x0000568e   0x0000002a   Code   RO         3692    CL$$btod_ediv       c_w.l(btod.o)
    0x000056b8   0x000056b8   0x0000002a   Code   RO         3691    CL$$btod_emul       c_w.l(btod.o)
    0x000056e2   0x000056e2   0x00000244   Code   RO         3697    CL$$btod_mult_common  c_w.l(btod.o)
    0x00005926   0x00005926   0x00000002   PAD
    0x00005928   0x00005928   0x00000064   Code   RO            4    i.ADC_GetAdcValue   adc.o
    0x0000598c   0x0000598c   0x00000038   Code   RO            5    i.ADC_Init          adc.o
    0x000059c4   0x000059c4   0x00000002   Code   RO         2013    i.BOD_IRQHandler    bod.o
    0x000059c6   0x000059c6   0x00000002   PAD
    0x000059c8   0x000059c8   0x0000003c   Code   RO         2014    i.BOD_Init          bod.o
    0x00005a04   0x00005a04   0x0000001c   Code   RO          312    i.Buffer_Flush      gprs.o
    0x00005a20   0x00005a20   0x00000038   Code   RO         1014    i.CLKPWR_ConfigPPWR  lpc17xx_clkpwr.o
    0x00005a58   0x00005a58   0x00000068   Code   RO         1020    i.CLKPWR_SetPCLKDiv  lpc17xx_clkpwr.o
    0x00005ac0   0x00005ac0   0x00000044   Code   RO          313    i.Check_LocalIP     gprs.o
    0x00005b04   0x00005b04   0x0000003c   Code   RO          314    i.Check_QIState     gprs.o
    0x00005b40   0x00005b40   0x00000148   Code   RO          315    i.Config_Module_for_RI_Interrupt  gprs.o
    0x00005c88   0x00005c88   0x0000007c   Code   RO         2302    i.Configure_GPIO_Peripherals  main.o
    0x00005d04   0x00005d04   0x000000ec   Code   RO         1626    i.Createlog         mmc_176x_ssp.o
    0x00005df0   0x00005df0   0x00000018   Code   RO          149    i.DELAY_ms          delay.o
    0x00005e08   0x00005e08   0x00000018   Code   RO          150    i.DELAY_sec         delay.o
    0x00005e20   0x00005e20   0x0000001a   Code   RO          151    i.DELAY_us          delay.o
    0x00005e3a   0x00005e3a   0x00000002   PAD
    0x00005e3c   0x00005e3c   0x0000011c   Code   RO         2112    i.DL_Status         log.o
    0x00005f58   0x00005f58   0x0000001c   Code   RO         1946    i.EEPROM_Init       eeprom.o
    0x00005f74   0x00005f74   0x00000078   Code   RO         1947    i.EEPROM_ReadByte   eeprom.o
    0x00005fec   0x00005fec   0x0000001c   Code   RO         1949    i.EEPROM_ReadString  eeprom.o
    0x00006008   0x00006008   0x00000068   Code   RO         1950    i.EEPROM_WriteByte  eeprom.o
    0x00006070   0x00006070   0x0000001e   Code   RO         1952    i.EEPROM_WriteString  eeprom.o
    0x0000608e   0x0000608e   0x00000002   PAD
    0x00006090   0x00006090   0x0000002c   Code   RO          185    i.EINT0_IRQHandler  extintr.o
    0x000060bc   0x000060bc   0x0000002c   Code   RO          186    i.EINT1_IRQHandler  extintr.o
    0x000060e8   0x000060e8   0x0000002c   Code   RO          187    i.EINT2_IRQHandler  extintr.o
    0x00006114   0x00006114   0x0000002c   Code   RO          188    i.EINT3_IRQHandler  extintr.o
    0x00006140   0x00006140   0x000000fc   Code   RO          189    i.EINT_AttachInterrupt  extintr.o
    0x0000623c   0x0000623c   0x00000024   Code   RO          190    i.EINT_DetachInterrupt  extintr.o
    0x00006260   0x00006260   0x0000001a   Code   RO         3231    i.FSUSB_DiskReadyWait  usbhost_ms.o
    0x0000627a   0x0000627a   0x00000002   PAD
    0x0000627c   0x0000627c   0x000000c8   Code   RO         3232    i.Fill_MSCommand    usbhost_ms.o
    0x00006344   0x00006344   0x0000009c   Code   RO          317    i.GNSS_Connect      gprs.o
    0x000063e0   0x000063e0   0x0000003c   Code   RO          319    i.GNSS_PowerOff     gprs.o
    0x0000641c   0x0000641c   0x00000034   Code   RO          252    i.GPIO_PinDirection  gpio.o
    0x00006450   0x00006450   0x00000048   Code   RO          253    i.GPIO_PinFunction  gpio.o
    0x00006498   0x00006498   0x00000030   Code   RO          254    i.GPIO_PinRead      gpio.o
    0x000064c8   0x000064c8   0x00000034   Code   RO          256    i.GPIO_PinWrite     gpio.o
    0x000064fc   0x000064fc   0x000000b4   Code   RO          320    i.GPS_INITIALIZE    gprs.o
    0x000065b0   0x000065b0   0x00000050   Code   RO          322    i.GSM_Delete_All_Msg  gprs.o
    0x00006600   0x00006600   0x00000068   Code   RO          324    i.GSM_Msg_Delete    gprs.o
    0x00006668   0x00006668   0x00000280   Code   RO          325    i.GSM_Msg_Display   gprs.o
    0x000068e8   0x000068e8   0x00000088   Code   RO          326    i.GSM_Msg_Read      gprs.o
    0x00006970   0x00006970   0x000000d4   Code   RO          328    i.GSM_Send_Msg      gprs.o
    0x00006a44   0x00006a44   0x00000760   Code   RO          331    i.HTTP_Post         gprs.o
    0x000071a4   0x000071a4   0x000000a4   Code   RO          332    i.HTTP_SetURL       gprs.o
    0x00007248   0x00007248   0x0000006c   Code   RO         3076    i.Host_CtrlRecv     usbhost_lpc17xx.o
    0x000072b4   0x000072b4   0x0000006c   Code   RO         3077    i.Host_CtrlSend     usbhost_lpc17xx.o
    0x00007320   0x00007320   0x00000020   Code   RO         3078    i.Host_DelayMS      usbhost_lpc17xx.o
    0x00007340   0x00007340   0x00000018   Code   RO         3079    i.Host_DelayUS      usbhost_lpc17xx.o
    0x00007358   0x00007358   0x0000000c   Code   RO         3080    i.Host_EDInit       usbhost_lpc17xx.o
    0x00007364   0x00007364   0x0000026c   Code   RO         3081    i.Host_EnumDev      usbhost_lpc17xx.o
    0x000075d0   0x000075d0   0x0000005c   Code   RO         3082    i.Host_FillSetup    usbhost_lpc17xx.o
    0x0000762c   0x0000762c   0x0000001a   Code   RO         3083    i.Host_HCCAInit     usbhost_lpc17xx.o
    0x00007646   0x00007646   0x00000002   PAD
    0x00007648   0x00007648   0x000001d4   Code   RO         3084    i.Host_Init         usbhost_lpc17xx.o
    0x0000781c   0x0000781c   0x000000f0   Code   RO         3085    i.Host_ProcessTD    usbhost_lpc17xx.o
    0x0000790c   0x0000790c   0x0000000c   Code   RO         3086    i.Host_TDInit       usbhost_lpc17xx.o
    0x00007918   0x00007918   0x00000018   Code   RO         3087    i.Host_WDHWait      usbhost_lpc17xx.o
    0x00007930   0x00007930   0x0000003c   Code   RO         2170    i.IOCheckInterrupts  ioextint.o
    0x0000796c   0x0000796c   0x0000001c   Code   RO         2171    i.IOClearInterrupt  ioextint.o
    0x00007988   0x00007988   0x00000038   Code   RO         2173    i.IOSetDir          ioextint.o
    0x000079c0   0x000079c0   0x00000094   Code   RO         2174    i.IOSetInterrupt    ioextint.o
    0x00007a54   0x00007a54   0x000000e4   Code   RO         2175    i.IOSetPull         ioextint.o
    0x00007b38   0x00007b38   0x00000064   Code   RO          821    i.Init_display_name  lcd.o
    0x00007b9c   0x00007b9c   0x00000070   Code   RO         2303    i.Initialize_ALL_Peripherals  main.o
    0x00007c0c   0x00007c0c   0x000001b4   Code   RO          333    i.Initialize_SIM_1  gprs.o
    0x00007dc0   0x00007dc0   0x00000010   Code   RO          822    i.LCD_Clear         lcd.o
    0x00007dd0   0x00007dd0   0x00000038   Code   RO          823    i.LCD_CmdWrite      lcd.o
    0x00007e08   0x00007e08   0x00000038   Code   RO          824    i.LCD_DisplayChar   lcd.o
    0x00007e40   0x00007e40   0x0000004c   Code   RO          825    i.LCD_DisplayFloatNumber  lcd.o
    0x00007e8c   0x00007e8c   0x000000b4   Code   RO          826    i.LCD_DisplayNumber  lcd.o
    0x00007f40   0x00007f40   0x00000016   Code   RO          827    i.LCD_DisplayString  lcd.o
    0x00007f56   0x00007f56   0x00000002   PAD
    0x00007f58   0x00007f58   0x00000030   Code   RO          828    i.LCD_GoToLine      lcd.o
    0x00007f88   0x00007f88   0x00000044   Code   RO          829    i.LCD_GoToNextLine  lcd.o
    0x00007fcc   0x00007fcc   0x00000060   Code   RO          830    i.LCD_Init          lcd.o
    0x0000802c   0x0000802c   0x000001f8   Code   RO          831    i.LCD_Printf        lcd.o
    0x00008224   0x00008224   0x00000540   Code   RO          724    i.LCD_ScrollDisplay  lcd_scroll.o
    0x00008764   0x00008764   0x0000003c   Code   RO          833    i.LCD_SetCursor     lcd.o
    0x000087a0   0x000087a0   0x000000bc   Code   RO          834    i.LCD_SetUp         lcd.o
    0x0000885c   0x0000885c   0x000003c0   Code   RO          335    i.MODEMGetAPN       gprs.o
    0x00008c1c   0x00008c1c   0x000000c8   Code   RO          336    i.MODEMGetIMEI      gprs.o
    0x00008ce4   0x00008ce4   0x0000054c   Code   RO          337    i.MODEMGetSignalStrength  gprs.o
    0x00009230   0x00009230   0x00000164   Code   RO          338    i.MODEM_CheckAttention  gprs.o
    0x00009394   0x00009394   0x00000050   Code   RO          339    i.MODEM_GetNetworkTime  gprs.o
    0x000093e4   0x000093e4   0x00000134   Code   RO          340    i.MODEM_SetPhoneFunctionality  gprs.o
    0x00009518   0x00009518   0x000000a0   Code   RO         3233    i.MS_BulkRecv       usbhost_ms.o
    0x000095b8   0x000095b8   0x00000088   Code   RO         3234    i.MS_BulkSend       usbhost_ms.o
    0x00009640   0x00009640   0x00000024   Code   RO         3235    i.MS_GetMaxLUN      usbhost_ms.o
    0x00009664   0x00009664   0x00000074   Code   RO         3236    i.MS_GetSenseInfo   usbhost_ms.o
    0x000096d8   0x000096d8   0x00000080   Code   RO         3237    i.MS_Init           usbhost_ms.o
    0x00009758   0x00009758   0x00000098   Code   RO         3238    i.MS_Inquire        usbhost_ms.o
    0x000097f0   0x000097f0   0x00000124   Code   RO         3239    i.MS_ParseConfiguration  usbhost_ms.o
    0x00009914   0x00009914   0x00000090   Code   RO         3240    i.MS_ReadCapacity   usbhost_ms.o
    0x000099a4   0x000099a4   0x0000005c   Code   RO         3241    i.MS_TestUnitReady  usbhost_ms.o
    0x00009a00   0x00009a00   0x00000040   Code   RO          341    i.Module_PDP_Activation  gprs.o
    0x00009a40   0x00009a40   0x00000060   Code   RO          342    i.Module_PowerOff   gprs.o
    0x00009aa0   0x00009aa0   0x000001a4   Code   RO          343    i.Module_Power_Initializing  gprs.o
    0x00009c44   0x00009c44   0x000000bc   Code   RO          344    i.Module_awakeup_mode  gprs.o
    0x00009d00   0x00009d00   0x00000044   Code   RO          345    i.Module_deactivateBearerProfile  gprs.o
    0x00009d44   0x00009d44   0x000000b4   Code   RO          346    i.Module_sleep_mode  gprs.o
    0x00009df8   0x00009df8   0x00000022   Code   RO         2304    i.NVIC_SetPriorities  main.o
    0x00009e1a   0x00009e1a   0x00000002   PAD
    0x00009e1c   0x00009e1c   0x00000094   Code   RO          347    i.PackOffLog        gprs.o
    0x00009eb0   0x00009eb0   0x00000630   Code   RO         2113    i.PacketLog         log.o
    0x0000a4e0   0x0000a4e0   0x00000028   Code   RO          835    i.Progress_displayName  lcd.o
    0x0000a508   0x0000a508   0x00000174   Code   RO          349    i.Query_NetworkRegistration  gprs.o
    0x0000a67c   0x0000a67c   0x00000088   Code   RO          350    i.Query_Set_CLTS    gprs.o
    0x0000a704   0x0000a704   0x00000012   Code   RO          351    i.Query_Sim_Insert  gprs.o
    0x0000a716   0x0000a716   0x00000002   PAD
    0x0000a718   0x0000a718   0x0000000c   Code   RO         1152    i.RTCSetAlarmMask   rtc.o
    0x0000a724   0x0000a724   0x00000010   Code   RO         1153    i.RTCStart          rtc.o
    0x0000a734   0x0000a734   0x00000010   Code   RO         1158    i.RTC_ClearIntPending  rtc.o
    0x0000a744   0x0000a744   0x0000003c   Code   RO         1163    i.RTC_GetDateTime   rtc.o
    0x0000a780   0x0000a780   0x00000018   Code   RO         1166    i.RTC_GetIntPending  rtc.o
    0x0000a798   0x0000a798   0x0000001c   Code   RO         1168    i.RTC_IRQHandler    rtc.o
    0x0000a7b4   0x0000a7b4   0x00000050   Code   RO         1169    i.RTC_Init          rtc.o
    0x0000a804   0x0000a804   0x00000018   Code   RO         1170    i.RTC_IntDisable    rtc.o
    0x0000a81c   0x0000a81c   0x00000010   Code   RO         1171    i.RTC_ReadGPREG     rtc.o
    0x0000a82c   0x0000a82c   0x00000038   Code   RO         1174    i.RTC_SetDateTime   rtc.o
    0x0000a864   0x0000a864   0x00000010   Code   RO         1178    i.RTC_WriteGPREG    rtc.o
    0x0000a874   0x0000a874   0x00000020   Code   RO         3089    i.ReadBE32U         usbhost_lpc17xx.o
    0x0000a894   0x0000a894   0x00000016   Code   RO         3090    i.ReadLE16U         usbhost_lpc17xx.o
    0x0000a8aa   0x0000a8aa   0x00000002   PAD
    0x0000a8ac   0x0000a8ac   0x00000118   Code   RO          352    i.ReadNavigation    gprs.o
    0x0000a9c4   0x0000a9c4   0x000001e4   Code   RO            6    i.Read_ADCchannels  adc.o
    0x0000aba8   0x0000aba8   0x0000010c   Code   RO          353    i.Read_Response     gprs.o
    0x0000acb4   0x0000acb4   0x0000005c   Code   RO         1560    i.Reset24HrRainAt8_16  rain.o
    0x0000ad10   0x0000ad10   0x00000188   Code   RO         1561    i.Reset24HrRainIfBattLow  rain.o
    0x0000ae98   0x0000ae98   0x000000e0   Code   RO          354    i.SMSDefaultSetting  gprs.o
    0x0000af78   0x0000af78   0x000000e0   Code   RO          355    i.SMS_READ_Setting  gprs.o
    0x0000b058   0x0000b058   0x00000038   Code   RO          356    i.SendATandExpectResponse  gprs.o
    0x0000b090   0x0000b090   0x000002d0   Code   RO         2114    i.SendingLog        log.o
    0x0000b360   0x0000b360   0x0000003c   Code   RO          357    i.ShutDownModule    gprs.o
    0x0000b39c   0x0000b39c   0x0000002c   Code   RO         2236    i.SoftI2C_Init      softi2c.o
    0x0000b3c8   0x0000b3c8   0x00000070   Code   RO         2237    i.SoftI2C_Read      softi2c.o
    0x0000b438   0x0000b438   0x00000050   Code   RO         2238    i.SoftI2C_Start     softi2c.o
    0x0000b488   0x0000b488   0x00000048   Code   RO         2239    i.SoftI2C_Stop      softi2c.o
    0x0000b4d0   0x0000b4d0   0x00000030   Code   RO         2240    i.SoftI2C_Write     softi2c.o
    0x0000b500   0x0000b500   0x00000020   Code   RO          358    i.Start_Read_Response  gprs.o
    0x0000b520   0x0000b520   0x00000028   Code   RO         2052    i.SysTick_Handler   systick.o
    0x0000b548   0x0000b548   0x00000010   Code   RO         2053    i.SysTick_Init      systick.o
    0x0000b558   0x0000b558   0x0000000a   Code   RO         2054    i.SysTick_Start     systick.o
    0x0000b562   0x0000b562   0x0000000a   Code   RO         2055    i.SysTick_Stop      systick.o
    0x0000b56c   0x0000b56c   0x00000128   Code   RO         3384    i.SystemInit        system_lpc17xx.o
    0x0000b694   0x0000b694   0x000000c4   Code   RO         1398    i.UART0_IRQHandler  uart.o
    0x0000b758   0x0000b758   0x00000010   Code   RO         1399    i.UART1_DisableBuffer_Interrupt  uart.o
    0x0000b768   0x0000b768   0x00000010   Code   RO         1400    i.UART1_EnableBuffer_Interrupt  uart.o
    0x0000b778   0x0000b778   0x000000c4   Code   RO         1401    i.UART1_IRQHandler  uart.o
    0x0000b83c   0x0000b83c   0x000000c4   Code   RO         1404    i.UART3_IRQHandler  uart.o
    0x0000b900   0x0000b900   0x00000074   Code   RO         1405    i.UART_Init         uart.o
    0x0000b974   0x0000b974   0x00000236   Code   RO         1406    i.UART_Printf       uart.o
    0x0000bbaa   0x0000bbaa   0x00000002   PAD
    0x0000bbac   0x0000bbac   0x000000c8   Code   RO         1410    i.UART_SetBaudRate  uart.o
    0x0000bc74   0x0000bc74   0x00000028   Code   RO         1411    i.UART_TxChar       uart.o
    0x0000bc9c   0x0000bc9c   0x00000058   Code   RO         1412    i.UART_TxFloatNumber  uart.o
    0x0000bcf4   0x0000bcf4   0x000000ac   Code   RO         1413    i.UART_TxNumber     uart.o
    0x0000bda0   0x0000bda0   0x0000001a   Code   RO         1414    i.UART_TxString     uart.o
    0x0000bdba   0x0000bdba   0x00000002   PAD
    0x0000bdbc   0x0000bdbc   0x00000154   Code   RO          725    i.USB               lcd_scroll.o
    0x0000bf10   0x0000bf10   0x00000140   Code   RO         1627    i.USB_Check_Authentication  mmc_176x_ssp.o
    0x0000c050   0x0000c050   0x00000100   Code   RO         1628    i.USB_INITIALIZATION  mmc_176x_ssp.o
    0x0000c150   0x0000c150   0x00000260   Code   RO         3092    i.USB_IRQHandler    usbhost_lpc17xx.o
    0x0000c3b0   0x0000c3b0   0x00000154   Code   RO          359    i.Update_RTC        gprs.o
    0x0000c504   0x0000c504   0x00000012   Code   RO         1083    i.WDT_ClrTimeOutFlag  lpc17xx_wdt.o
    0x0000c516   0x0000c516   0x00000010   Code   RO         1084    i.WDT_Feed          lpc17xx_wdt.o
    0x0000c526   0x0000c526   0x00000036   Code   RO         1086    i.WDT_Init          lpc17xx_wdt.o
    0x0000c55c   0x0000c55c   0x0000000c   Code   RO         1087    i.WDT_ReadTimeOutFlag  lpc17xx_wdt.o
    0x0000c568   0x0000c568   0x000000ec   Code   RO         1088    i.WDT_SetTimeOut    lpc17xx_wdt.o
    0x0000c654   0x0000c654   0x0000002c   Code   RO         1089    i.WDT_Start         lpc17xx_wdt.o
    0x0000c680   0x0000c680   0x0000001c   Code   RO         1090    i.WDT_UpdateTimeOut  lpc17xx_wdt.o
    0x0000c69c   0x0000c69c   0x00000038   Code   RO          360    i.WaitForExpectedResponse  gprs.o
    0x0000c6d4   0x0000c6d4   0x00000044   Code   RO          361    i.WaitForStatus200_302  gprs.o
    0x0000c718   0x0000c718   0x0000018c   Code   RO          362    i.Wait_Till_SimModule_Communication  gprs.o
    0x0000c8a4   0x0000c8a4   0x00000010   Code   RO         3093    i.WriteBE16U        usbhost_lpc17xx.o
    0x0000c8b4   0x0000c8b4   0x0000001c   Code   RO         3094    i.WriteBE32U        usbhost_lpc17xx.o
    0x0000c8d0   0x0000c8d0   0x00000010   Code   RO         3095    i.WriteLE16U        usbhost_lpc17xx.o
    0x0000c8e0   0x0000c8e0   0x0000001c   Code   RO         3096    i.WriteLE32U        usbhost_lpc17xx.o
    0x0000c8fc   0x0000c8fc   0x0000001a   Code   RO         1629    i.Writelog          mmc_176x_ssp.o
    0x0000c916   0x0000c916   0x00000028   Code   RO         3637    i.__ARM_fpclassify  m_ws.l(fpclassify.o)
    0x0000c93e   0x0000c93e   0x00000022   Code   RO         2305    i.__NVIC_EnableIRQ  main.o
    0x0000c960   0x0000c960   0x00000028   Code   RO         2306    i.__NVIC_SetPriority  main.o
    0x0000c988   0x0000c988   0x000000aa   Code   RO         3639    i.__kernel_poly     m_ws.l(poly.o)
    0x0000ca32   0x0000ca32   0x00000002   PAD
    0x0000ca34   0x0000ca34   0x00000010   Code   RO         3623    i.__mathlib_dbl_divzero  m_ws.l(dunder.o)
    0x0000ca44   0x0000ca44   0x00000004   Code   RO         3625    i.__mathlib_dbl_infnan2  m_ws.l(dunder.o)
    0x0000ca48   0x0000ca48   0x0000000c   Code   RO         3626    i.__mathlib_dbl_invalid  m_ws.l(dunder.o)
    0x0000ca54   0x0000ca54   0x0000000e   Code   RO         3627    i.__mathlib_dbl_overflow  m_ws.l(dunder.o)
    0x0000ca62   0x0000ca62   0x00000002   PAD
    0x0000ca64   0x0000ca64   0x00000010   Code   RO         3629    i.__mathlib_dbl_underflow  m_ws.l(dunder.o)
    0x0000ca74   0x0000ca74   0x0000000e   Code   RO         3439    i._is_digit         c_w.l(__printf_wp.o)
    0x0000ca82   0x0000ca82   0x00000002   PAD
    0x0000ca84   0x0000ca84   0x00000044   Code   RO            7    i.adc_GetPclk       adc.o
    0x0000cac8   0x0000cac8   0x00000032   Code   RO          100    i.ascii_integer     convert.o
    0x0000cafa   0x0000cafa   0x00000002   PAD
    0x0000cafc   0x0000cafc   0x0000020c   Code   RO         1564    i.calcRainFall      rain.o
    0x0000cd08   0x0000cd08   0x000000c0   Code   RO         2398    i.check_fs          ff.o
    0x0000cdc8   0x0000cdc8   0x00000014   Code   RO         2399    i.chk_chr           ff.o
    0x0000cddc   0x0000cddc   0x0000001a   Code   RO         2400    i.clst2sect         ff.o
    0x0000cdf6   0x0000cdf6   0x00000002   PAD
    0x0000cdf8   0x0000cdf8   0x00000098   Code   RO         2401    i.cmp_lfn           ff.o
    0x0000ce90   0x0000ce90   0x000002c4   Code   RO         1630    i.copy              mmc_176x_ssp.o
    0x0000d154   0x0000d154   0x00000120   Code   RO         2402    i.create_chain      ff.o
    0x0000d274   0x0000d274   0x00000144   Code   RO         1631    i.create_file       mmc_176x_ssp.o
    0x0000d3b8   0x0000d3b8   0x00000198   Code   RO         1632    i.create_folder     mmc_176x_ssp.o
    0x0000d550   0x0000d550   0x000002b4   Code   RO         2403    i.create_name       ff.o
    0x0000d804   0x0000d804   0x00000034   Code   RO         2405    i.dbc_1st           ff.o
    0x0000d838   0x0000d838   0x00000048   Code   RO         2406    i.dbc_2nd           ff.o
    0x0000d880   0x0000d880   0x00000014   Code   RO         1633    i.deselect          mmc_176x_ssp.o
    0x0000d894   0x0000d894   0x00000060   Code   RO         2407    i.dir_alloc         ff.o
    0x0000d8f4   0x0000d8f4   0x00000060   Code   RO         2408    i.dir_clear         ff.o
    0x0000d954   0x0000d954   0x000000fc   Code   RO         2409    i.dir_find          ff.o
    0x0000da50   0x0000da50   0x000000da   Code   RO         2410    i.dir_next          ff.o
    0x0000db2a   0x0000db2a   0x000000d2   Code   RO         2411    i.dir_read          ff.o
    0x0000dbfc   0x0000dbfc   0x00000142   Code   RO         2412    i.dir_register      ff.o
    0x0000dd3e   0x0000dd3e   0x00000060   Code   RO         2413    i.dir_remove        ff.o
    0x0000dd9e   0x0000dd9e   0x000000a6   Code   RO         2414    i.dir_sdi           ff.o
    0x0000de44   0x0000de44   0x0000001e   Code   RO         2872    i.disk_initialize   diskio.o
    0x0000de62   0x0000de62   0x00000002   PAD
    0x0000de64   0x0000de64   0x00000164   Code   RO         1635    i.disk_initialize_MMC_SD  mmc_176x_ssp.o
    0x0000dfc8   0x0000dfc8   0x00000060   Code   RO         3321    i.disk_initialize_USB  usb_176x_diskio.o
    0x0000e028   0x0000e028   0x0000002e   Code   RO         2873    i.disk_ioctl        diskio.o
    0x0000e056   0x0000e056   0x00000002   PAD
    0x0000e058   0x0000e058   0x000002e4   Code   RO         1636    i.disk_ioctl_MMC_SD  mmc_176x_ssp.o
    0x0000e33c   0x0000e33c   0x00000074   Code   RO         3322    i.disk_ioctl_USB    usb_176x_diskio.o
    0x0000e3b0   0x0000e3b0   0x00000036   Code   RO         2874    i.disk_read         diskio.o
    0x0000e3e6   0x0000e3e6   0x00000002   PAD
    0x0000e3e8   0x0000e3e8   0x0000009c   Code   RO         1637    i.disk_read_MMC_SD  mmc_176x_ssp.o
    0x0000e484   0x0000e484   0x0000002c   Code   RO         3323    i.disk_read_USB     usb_176x_diskio.o
    0x0000e4b0   0x0000e4b0   0x0000001e   Code   RO         2875    i.disk_status       diskio.o
    0x0000e4ce   0x0000e4ce   0x00000002   PAD
    0x0000e4d0   0x0000e4d0   0x00000020   Code   RO         1638    i.disk_status_MMC_SD  mmc_176x_ssp.o
    0x0000e4f0   0x0000e4f0   0x00000014   Code   RO         3324    i.disk_status_USB   usb_176x_diskio.o
    0x0000e504   0x0000e504   0x00000058   Code   RO         1639    i.disk_timerproc    mmc_176x_ssp.o
    0x0000e55c   0x0000e55c   0x00000036   Code   RO         2876    i.disk_write        diskio.o
    0x0000e592   0x0000e592   0x00000002   PAD
    0x0000e594   0x0000e594   0x000000b8   Code   RO         1640    i.disk_write_MMC_SD  mmc_176x_ssp.o
    0x0000e64c   0x0000e64c   0x0000002c   Code   RO         3325    i.disk_write_USB    usb_176x_diskio.o
    0x0000e678   0x0000e678   0x0000005a   Code   RO         2415    i.f_chdir           ff.o
    0x0000e6d2   0x0000e6d2   0x00000022   Code   RO         2418    i.f_close           ff.o
    0x0000e6f4   0x0000e6f4   0x00000054   Code   RO         2424    i.f_gets            ff.o
    0x0000e748   0x0000e748   0x000001a0   Code   RO         2425    i.f_lseek           ff.o
    0x0000e8e8   0x0000e8e8   0x00000112   Code   RO         2426    i.f_mkdir           ff.o
    0x0000e9fa   0x0000e9fa   0x00000002   PAD
    0x0000e9fc   0x0000e9fc   0x00000054   Code   RO         2428    i.f_mount           ff.o
    0x0000ea50   0x0000ea50   0x00000202   Code   RO         2429    i.f_open            ff.o
    0x0000ec52   0x0000ec52   0x0000002c   Code   RO         2433    i.f_puts            ff.o
    0x0000ec7e   0x0000ec7e   0x000001ce   Code   RO         2434    i.f_read            ff.o
    0x0000ee4c   0x0000ee4c   0x0000011a   Code   RO         2436    i.f_rename          ff.o
    0x0000ef66   0x0000ef66   0x0000003e   Code   RO         2438    i.f_stat            ff.o
    0x0000efa4   0x0000efa4   0x000000a0   Code   RO         2439    i.f_sync            ff.o
    0x0000f044   0x0000f044   0x000000c2   Code   RO         2441    i.f_unlink          ff.o
    0x0000f106   0x0000f106   0x00000214   Code   RO         2443    i.f_write           ff.o
    0x0000f31a   0x0000f31a   0x00000002   PAD
    0x0000f31c   0x0000f31c   0x00000068   Code   RO         2843    i.ff_oem2uni        unicode.o
    0x0000f384   0x0000f384   0x00000074   Code   RO         2844    i.ff_uni2oem        unicode.o
    0x0000f3f8   0x0000f3f8   0x000000b0   Code   RO         2845    i.ff_wtoupper       unicode.o
    0x0000f4a8   0x0000f4a8   0x00000078   Code   RO         2444    i.find_volume       ff.o
    0x0000f520   0x0000f520   0x000000d4   Code   RO         2445    i.follow_path       ff.o
    0x0000f5f4   0x0000f5f4   0x000000a0   Code   RO          101    i.ftoa              convert.o
    0x0000f694   0x0000f694   0x00000184   Code   RO          102    i.ftoa_signed       convert.o
    0x0000f818   0x0000f818   0x000000cc   Code   RO         2446    i.gen_numname       ff.o
    0x0000f8e4   0x0000f8e4   0x000000c0   Code   RO         1415    i.getFRValues       uart.o
    0x0000f9a4   0x0000f9a4   0x0000019c   Code   RO         1416    i.getFractionValues  uart.o
    0x0000fb40   0x0000fb40   0x00000132   Code   RO         2447    i.get_fat           ff.o
    0x0000fc72   0x0000fc72   0x00000002   PAD
    0x0000fc74   0x0000fc74   0x00000040   Code   RO         2116    i.get_fattime       log.o
    0x0000fcb4   0x0000fcb4   0x00000178   Code   RO         2448    i.get_fileinfo      ff.o
    0x0000fe2c   0x0000fe2c   0x00000054   Code   RO         2449    i.get_ldnumber      ff.o
    0x0000fe80   0x0000fe80   0x0000005c   Code   RO          363    i.gsm_gnss_get_param  gprs.o
    0x0000fedc   0x0000fedc   0x00000048   Code   RO          103    i.intToStr          convert.o
    0x0000ff24   0x0000ff24   0x0000002e   Code   RO         1417    i.isIntValue        uart.o
    0x0000ff52   0x0000ff52   0x00000026   Code   RO          837    i.lcd16x2_create_custom_char  lcd.o
    0x0000ff78   0x0000ff78   0x00000018   Code   RO          838    i.lcd16x2_put_custom_char  lcd.o
    0x0000ff90   0x0000ff90   0x00000098   Code   RO          839    i.lcd_BusyCheck     lcd.o
    0x00010028   0x00010028   0x00000038   Code   RO          840    i.lcd_DataWrite     lcd.o
    0x00010060   0x00010060   0x00000044   Code   RO          841    i.lcd_Reset         lcd.o
    0x000100a4   0x000100a4   0x00000038   Code   RO          842    i.lcd_SendCmdSignals  lcd.o
    0x000100dc   0x000100dc   0x00000038   Code   RO          843    i.lcd_SendDataSignals  lcd.o
    0x00010114   0x00010114   0x0000003c   Code   RO          844    i.lcd_SendHigherNibble  lcd.o
    0x00010150   0x00010150   0x0000003c   Code   RO          845    i.lcd_SendLowerNibble  lcd.o
    0x0001018c   0x0001018c   0x0000002c   Code   RO          847    i.lcd_enable        lcd.o
    0x000101b8   0x000101b8   0x00000026   Code   RO         2450    i.ld_clust          ff.o
    0x000101de   0x000101de   0x00000018   Code   RO         2451    i.ld_dword          ff.o
    0x000101f6   0x000101f6   0x0000000c   Code   RO         2452    i.ld_word           ff.o
    0x00010202   0x00010202   0x00000002   PAD
    0x00010204   0x00010204   0x00000164   Code   RO         1645    i.log_SMS           mmc_176x_ssp.o
    0x00010368   0x00010368   0x00000ed4   Code   RO         2308    i.main              main.o
    0x0001123c   0x0001123c   0x00000024   Code   RO         2453    i.mem_cmp           ff.o
    0x00011260   0x00011260   0x0000001a   Code   RO         2454    i.mem_cpy           ff.o
    0x0001127a   0x0001127a   0x00000012   Code   RO         2455    i.mem_set           ff.o
    0x0001128c   0x0001128c   0x0000022c   Code   RO          364    i.modemCheck_initialization  gprs.o
    0x000114b8   0x000114b8   0x0000012c   Code   RO          365    i.modem_initialization  gprs.o
    0x000115e4   0x000115e4   0x00000304   Code   RO         2456    i.mount_volume      ff.o
    0x000118e8   0x000118e8   0x00000034   Code   RO         2457    i.move_window       ff.o
    0x0001191c   0x0001191c   0x0000002c   Code   RO          726    i.myExtIntrIsr_1    lcd_scroll.o
    0x00011948   0x00011948   0x00000054   Code   RO         1565    i.myExtIntrIsr_3    rain.o
    0x0001199c   0x0001199c   0x0000008c   Code   RO         2458    i.pick_lfn          ff.o
    0x00011a28   0x00011a28   0x000009d8   Code   RO         3566    i.pow               m_ws.l(pow.o)
    0x00012400   0x00012400   0x0000000c   Code   RO         1646    i.power_off         mmc_176x_ssp.o
    0x0001240c   0x0001240c   0x00000094   Code   RO         1647    i.power_on          mmc_176x_ssp.o
    0x000124a0   0x000124a0   0x00000190   Code   RO         2459    i.put_fat           ff.o
    0x00012630   0x00012630   0x00000080   Code   RO         2460    i.put_lfn           ff.o
    0x000126b0   0x000126b0   0x00000044   Code   RO         1648    i.put_rc            mmc_176x_ssp.o
    0x000126f4   0x000126f4   0x00000042   Code   RO         2461    i.put_utf           ff.o
    0x00012736   0x00012736   0x0000004e   Code   RO         2462    i.putc_bfd          ff.o
    0x00012784   0x00012784   0x0000002c   Code   RO         2463    i.putc_flush        ff.o
    0x000127b0   0x000127b0   0x00000014   Code   RO         2464    i.putc_init         ff.o
    0x000127c4   0x000127c4   0x00000048   Code   RO         1649    i.rcvr_datablock    mmc_176x_ssp.o
    0x0001280c   0x0001280c   0x00000090   Code   RO         1650    i.rcvr_spi_multi    mmc_176x_ssp.o
    0x0001289c   0x0001289c   0x00000fa8   Code   RO          366    i.readSMS           gprs.o
    0x00013844   0x00013844   0x000000e4   Code   RO         1651    i.readconfigfile    mmc_176x_ssp.o
    0x00013928   0x00013928   0x0000009a   Code   RO         2465    i.remove_chain      ff.o
    0x000139c2   0x000139c2   0x00000002   PAD
    0x000139c4   0x000139c4   0x0000036c   Code   RO         1652    i.retrylog          mmc_176x_ssp.o
    0x00013d30   0x00013d30   0x0000001c   Code   RO          104    i.reverse           convert.o
    0x00013d4c   0x00013d4c   0x0000021c   Code   RO          727    i.sampleTestlog     lcd_scroll.o
    0x00013f68   0x00013f68   0x000000a8   Code   RO         1654    i.sd_append_file    mmc_176x_ssp.o
    0x00014010   0x00014010   0x00000028   Code   RO         1661    i.select            mmc_176x_ssp.o
    0x00014038   0x00014038   0x00000096   Code   RO         1662    i.send_cmd          mmc_176x_ssp.o
    0x000140ce   0x000140ce   0x00000002   PAD
    0x000140d0   0x000140d0   0x00000030   Code   RO          257    i.set_OpenDrainMode  gpio.o
    0x00014100   0x00014100   0x00000040   Code   RO          258    i.set_ResistorMode  gpio.o
    0x00014140   0x00014140   0x00000134   Code   RO         1665    i.smsUpdateConfig   mmc_176x_ssp.o
    0x00014274   0x00014274   0x00000020   Code   RO         2241    i.softI2c_Ack       softi2c.o
    0x00014294   0x00014294   0x00000028   Code   RO         2242    i.softI2c_Clock     softi2c.o
    0x000142bc   0x000142bc   0x00000024   Code   RO         2243    i.softI2c_NoAck     softi2c.o
    0x000142e0   0x000142e0   0x0000004c   Code   RO         3643    i.sqrt              m_ws.l(sqrt.o)
    0x0001432c   0x0001432c   0x00000024   Code   RO         2466    i.st_clust          ff.o
    0x00014350   0x00014350   0x00000018   Code   RO         2467    i.st_dword          ff.o
    0x00014368   0x00014368   0x0000000c   Code   RO         2468    i.st_word           ff.o
    0x00014374   0x00014374   0x00000034   Code   RO          367    i.startModule_vREG  gprs.o
    0x000143a8   0x000143a8   0x00000224   Code   RO          368    i.store_gps         gprs.o
    0x000145cc   0x000145cc   0x00000020   Code   RO         2469    i.sum_sfn           ff.o
    0x000145ec   0x000145ec   0x00000090   Code   RO         2470    i.sync_fs           ff.o
    0x0001467c   0x0001467c   0x0000004a   Code   RO         2471    i.sync_window       ff.o
    0x000146c6   0x000146c6   0x0000004c   Code   RO         2472    i.tchar2uni         ff.o
    0x00014712   0x00014712   0x0000003c   Code   RO         2473    i.validate          ff.o
    0x0001474e   0x0001474e   0x00000002   PAD
    0x00014750   0x00014750   0x00000020   Code   RO         1666    i.vd_init           mmc_176x_ssp.o
    0x00014770   0x00014770   0x000000c0   Code   RO         1667    i.vd_ioctl          mmc_176x_ssp.o
    0x00014830   0x00014830   0x00000058   Code   RO         1668    i.vd_read           mmc_176x_ssp.o
    0x00014888   0x00014888   0x0000000c   Code   RO         1669    i.vd_stat           mmc_176x_ssp.o
    0x00014894   0x00014894   0x00000030   Code   RO         1670    i.wait_ready        mmc_176x_ssp.o
    0x000148c4   0x000148c4   0x00000020   Code   RO         1673    i.xchg_spi          mmc_176x_ssp.o
    0x000148e4   0x000148e4   0x00000050   Code   RO         1674    i.xmit_datablock    mmc_176x_ssp.o
    0x00014934   0x00014934   0x00000084   Code   RO         1675    i.xmit_spi_multi    mmc_176x_ssp.o
    0x000149b8   0x000149b8   0x0000002c   Code   RO         3714    locale$$code        c_w.l(lc_numeric_c.o)
    0x000149e4   0x000149e4   0x00000062   Code   RO         3495    x$fpl$d2f           fz_ws.l(d2f.o)
    0x00014a46   0x00014a46   0x00000002   PAD
    0x00014a48   0x00014a48   0x00000150   Code   RO         3497    x$fpl$dadd          fz_ws.l(daddsub_clz.o)
    0x00014b98   0x00014b98   0x00000010   Code   RO         3724    x$fpl$dcheck1       fz_ws.l(dcheck1.o)
    0x00014ba8   0x00014ba8   0x00000018   Code   RO         3608    x$fpl$dcmpinf       fz_ws.l(dcmpi.o)
    0x00014bc0   0x00014bc0   0x000002b0   Code   RO         3504    x$fpl$ddiv          fz_ws.l(ddiv.o)
    0x00014e70   0x00014e70   0x00000078   Code   RO         3507    x$fpl$deqf          fz_ws.l(deqf.o)
    0x00014ee8   0x00014ee8   0x0000005e   Code   RO         3509    x$fpl$dfix          fz_ws.l(dfix.o)
    0x00014f46   0x00014f46   0x00000002   PAD
    0x00014f48   0x00014f48   0x0000005a   Code   RO         3513    x$fpl$dfixu         fz_ws.l(dfixu.o)
    0x00014fa2   0x00014fa2   0x0000002e   Code   RO         3518    x$fpl$dflt          fz_ws.l(dflt_clz.o)
    0x00014fd0   0x00014fd0   0x00000026   Code   RO         3517    x$fpl$dfltu         fz_ws.l(dflt_clz.o)
    0x00014ff6   0x00014ff6   0x00000002   PAD
    0x00014ff8   0x00014ff8   0x00000078   Code   RO         3523    x$fpl$dleqf         fz_ws.l(dleqf.o)
    0x00015070   0x00015070   0x00000154   Code   RO         3525    x$fpl$dmul          fz_ws.l(dmul.o)
    0x000151c4   0x000151c4   0x0000009c   Code   RO         3610    x$fpl$dnaninf       fz_ws.l(dnaninf.o)
    0x00015260   0x00015260   0x0000000c   Code   RO         3612    x$fpl$dretinf       fz_ws.l(dretinf.o)
    0x0001526c   0x0001526c   0x0000006c   Code   RO         3527    x$fpl$drleqf        fz_ws.l(drleqf.o)
    0x000152d8   0x000152d8   0x00000016   Code   RO         3498    x$fpl$drsb          fz_ws.l(daddsub_clz.o)
    0x000152ee   0x000152ee   0x00000002   PAD
    0x000152f0   0x000152f0   0x000001cc   Code   RO         3726    x$fpl$dsqrt         fz_ws.l(dsqrt_noumaal.o)
    0x000154bc   0x000154bc   0x000001d4   Code   RO         3499    x$fpl$dsub          fz_ws.l(daddsub_clz.o)
    0x00015690   0x00015690   0x00000056   Code   RO         3529    x$fpl$f2d           fz_ws.l(f2d.o)
    0x000156e6   0x000156e6   0x00000002   PAD
    0x000156e8   0x000156e8   0x000000c4   Code   RO         3531    x$fpl$fadd          fz_ws.l(faddsub_clz.o)
    0x000157ac   0x000157ac   0x00000018   Code   RO         3614    x$fpl$fcmpinf       fz_ws.l(fcmpi.o)
    0x000157c4   0x000157c4   0x00000184   Code   RO         3538    x$fpl$fdiv          fz_ws.l(fdiv.o)
    0x00015948   0x00015948   0x00000068   Code   RO         3541    x$fpl$feqf          fz_ws.l(feqf.o)
    0x000159b0   0x000159b0   0x00000036   Code   RO         3543    x$fpl$ffix          fz_ws.l(ffix.o)
    0x000159e6   0x000159e6   0x00000002   PAD
    0x000159e8   0x000159e8   0x0000003e   Code   RO         3547    x$fpl$ffixu         fz_ws.l(ffixu.o)
    0x00015a26   0x00015a26   0x00000002   PAD
    0x00015a28   0x00015a28   0x00000030   Code   RO         3552    x$fpl$fflt          fz_ws.l(fflt_clz.o)
    0x00015a58   0x00015a58   0x00000026   Code   RO         3551    x$fpl$ffltu         fz_ws.l(fflt_clz.o)
    0x00015a7e   0x00015a7e   0x00000002   PAD
    0x00015a80   0x00015a80   0x00000068   Code   RO         3557    x$fpl$fleqf         fz_ws.l(fleqf.o)
    0x00015ae8   0x00015ae8   0x00000102   Code   RO         3559    x$fpl$fmul          fz_ws.l(fmul.o)
    0x00015bea   0x00015bea   0x0000008c   Code   RO         3616    x$fpl$fnaninf       fz_ws.l(fnaninf.o)
    0x00015c76   0x00015c76   0x0000000a   Code   RO         3618    x$fpl$fretinf       fz_ws.l(fretinf.o)
    0x00015c80   0x00015c80   0x00000062   Code   RO         3561    x$fpl$frleqf        fz_ws.l(frleqf.o)
    0x00015ce2   0x00015ce2   0x00000014   Code   RO         3532    x$fpl$frsb          fz_ws.l(faddsub_clz.o)
    0x00015cf6   0x00015cf6   0x00000002   PAD
    0x00015cf8   0x00015cf8   0x000000ea   Code   RO         3533    x$fpl$fsub          fz_ws.l(faddsub_clz.o)
    0x00015de2   0x00015de2   0x00000004   Code   RO         3563    x$fpl$printf1       fz_ws.l(printf1.o)
    0x00015de6   0x00015de6   0x00000064   Code   RO         3794    x$fpl$retnan        fz_ws.l(retnan.o)
    0x00015e4a   0x00015e4a   0x0000005c   Code   RO         3620    x$fpl$scalbn        fz_ws.l(scalbn.o)
    0x00015ea6   0x00015ea6   0x00000030   Code   RO         3806    x$fpl$trapveneer    fz_ws.l(trapv.o)
    0x00015ed6   0x00015ed6   0x00000000   Code   RO         3622    x$fpl$usenofp       fz_ws.l(usenofp.o)
    0x00015ed6   0x00015ed6   0x00000010   Data   RO            8    .constdata          adc.o
    0x00015ee6   0x00015ee6   0x00000002   PAD
    0x00015ee8   0x00015ee8   0x00000020   Data   RO         1419    .constdata          uart.o
    0x00015f08   0x00015f08   0x000000f7   Data   RO         1677    .constdata          mmc_176x_ssp.o
    0x00015fff   0x00015fff   0x00000001   PAD
    0x00016000   0x00016000   0x00000014   Data   RO         2177    .constdata          ioextint.o
    0x00016014   0x00016014   0x00000058   Data   RO         2475    .constdata          ff.o
    0x0001606c   0x0001606c   0x0000e99e   Data   RO         2846    .constdata          unicode.o
    0x00024a0a   0x00024a0a   0x00000011   Data   RO         3442    .constdata          c_w.l(__printf_flags_wp.o)
    0x00024a1b   0x00024a1b   0x00000005   PAD
    0x00024a20   0x00024a20   0x00000088   Data   RO         3567    .constdata          m_ws.l(pow.o)
    0x00024aa8   0x00024aa8   0x00000008   Data   RO         3641    .constdata          m_ws.l(qnan.o)
    0x00024ab0   0x00024ab0   0x00000094   Data   RO         3686    .constdata          c_w.l(bigflt0.o)
    0x00024b44   0x00024b44   0x000001b5   Data   RO          370    .conststring        gprs.o
    0x00024cf9   0x00024cf9   0x00000003   PAD
    0x00024cfc   0x00024cfc   0x00000043   Data   RO          729    .conststring        lcd_scroll.o
    0x00024d3f   0x00024d3f   0x00000001   PAD
    0x00024d40   0x00024d40   0x000000e4   Data   RO         1566    .conststring        rain.o
    0x00024e24   0x00024e24   0x00000149   Data   RO         1678    .conststring        mmc_176x_ssp.o
    0x00024f6d   0x00024f6d   0x00000003   PAD
    0x00024f70   0x00024f70   0x00000086   Data   RO         2118    .conststring        log.o
    0x00024ff6   0x00024ff6   0x00000002   PAD
    0x00024ff8   0x00024ff8   0x00000139   Data   RO         2310    .conststring        main.o
    0x00025131   0x00025131   0x00000003   PAD
    0x00025134   0x00025134   0x00000030   Data   RO         3864    Region$$Table       anon$$obj.o
    0x00025164   0x00025164   0x0000001c   Data   RO         3713    locale$$data        c_w.l(lc_numeric_c.o)


    Execution Region RW_IRAM1 (Exec base: 0x10000000, Load base: 0x00025180, Size: 0x000078d0, Max: 0x00008000, ABSOLUTE)

    Exec Addr    Load Addr    Size         Type   Attr      Idx    E Section Name        Object

    0x10000000        -       0x000078d0   Zero   RW         1676    .bss                mmc_176x_ssp.o


    Execution Region RW_IRAM2 (Exec base: 0x2007c000, Load base: 0x00025180, Size: 0x00001940, Max: 0x00008000, ABSOLUTE, COMPRESSED[0x000002d4])

    Exec Addr    Load Addr    Size         Type   Attr      Idx    E Section Name        Object

    0x2007c000   COMPRESSED   0x00000024   Data   RW            9    .data               adc.o
    0x2007c024   COMPRESSED   0x00000020   Data   RW          191    .data               extintr.o
    0x2007c044   COMPRESSED   0x00000067   Data   RW          371    .data               gprs.o
    0x2007c0ab   COMPRESSED   0x00000001   PAD
    0x2007c0ac   COMPRESSED   0x00000008   Data   RW          730    .data               lcd_scroll.o
    0x2007c0b4   COMPRESSED   0x000000d7   Data   RW          850    .data               lcd.o
    0x2007c18b   COMPRESSED   0x00000001   PAD
    0x2007c18c   COMPRESSED   0x00000004   Data   RW         1179    .data               rtc.o
    0x2007c190   COMPRESSED   0x0000037c   Data   RW         1420    .data               uart.o
    0x2007c50c   COMPRESSED   0x00000004   PAD
    0x2007c510   COMPRESSED   0x0000005c   Data   RW         1567    .data               rain.o
    0x2007c56c   COMPRESSED   0x0000005c   Data   RW         1679    .data               mmc_176x_ssp.o
    0x2007c5c8   COMPRESSED   0x00000004   Data   RW         1953    .data               eeprom.o
    0x2007c5cc   COMPRESSED   0x00000008   Data   RW         2056    .data               systick.o
    0x2007c5d4   COMPRESSED   0x00000030   Data   RW         2119    .data               log.o
    0x2007c604   COMPRESSED   0x00000002   Data   RW         2244    .data               softi2c.o
    0x2007c606   COMPRESSED   0x00000002   PAD
    0x2007c608   COMPRESSED   0x00000010   Data   RW         2311    .data               main.o
    0x2007c618   COMPRESSED   0x0000000b   Data   RW         2476    .data               ff.o
    0x2007c623   COMPRESSED   0x00000001   PAD
    0x2007c624   COMPRESSED   0x0000003c   Data   RW         3097    .data               usbhost_lpc17xx.o
    0x2007c660   COMPRESSED   0x00000008   Data   RW         3242    .data               usbhost_ms.o
    0x2007c668   COMPRESSED   0x00000009   Data   RW         3327    .data               usb_176x_diskio.o
    0x2007c671   COMPRESSED   0x00000003   PAD
    0x2007c674   COMPRESSED   0x00000004   Data   RW         3385    .data               system_lpc17xx.o
    0x2007c678   COMPRESSED   0x00000004   Data   RW         3461    .data               c_w.l(strtok.o)
    0x2007c67c        -       0x000005fc   Zero   RW          369    .bss                gprs.o
    0x2007cc78        -       0x00000200   Zero   RW          728    .bss                lcd_scroll.o
    0x2007ce78        -       0x0000000e   Zero   RW          849    .bss                lcd.o
    0x2007ce86        -       0x000001e0   Zero   RW         1418    .bss                uart.o
    0x2007d066        -       0x00000050   Zero   RW         2117    .bss                log.o
    0x2007d0b6        -       0x00000400   Zero   RW         2309    .bss                main.o
    0x2007d4b6        -       0x00000200   Zero   RW         2474    .bss                ff.o
    0x2007d6b6        -       0x00000024   Zero   RW         3326    .bss                usb_176x_diskio.o
    0x2007d6da   COMPRESSED   0x00000002   PAD
    0x2007d6dc        -       0x00000060   Zero   RW         3655    .bss                c_w.l(libspace.o)
    0x2007d73c   COMPRESSED   0x00000004   PAD
    0x2007d740        -       0x00000000   Zero   RW         3371    HEAP                startup_lpc17xx.o
    0x2007d740        -       0x00000200   Zero   RW         3370    STACK               startup_lpc17xx.o



  Load Region LR$$.ARM.__at_0x02FC (Base: 0x000002fc, Size: 0x00000004, Max: 0x00000004, ABSOLUTE)

    Execution Region ER$$.ARM.__at_0x02FC (Exec base: 0x000002fc, Load base: 0x000002fc, Size: 0x00000004, Max: 0x00000004, ABSOLUTE, UNINIT)

    Exec Addr    Load Addr    Size         Type   Attr      Idx    E Section Name        Object

    0x000002fc   0x000002fc   0x00000004   Code   RO         3373    .ARM.__at_0x02FC    startup_lpc17xx.o


==============================================================================

Image component sizes


      Code (inc. data)   RO Data    RW Data    ZI Data      Debug   Object Name

       708        178         16         36          0      34476   adc.o
        62          6          0          0          0        940   bod.o
       698         14          0          0          0       3518   convert.o
        74          0          0          0          0       1530   delay.o
       214          0          0          0          0       3446   diskio.o
       310         16          0          4          0       4051   eeprom.o
       464         72          0         32          0      47619   extintr.o
      9950        108         88         11        512      67074   ff.o
       336         32          0          0          0       4269   gpio.o
     17050       6442        437        103       1532      41440   gprs.o
       520         34         20          0          0      30178   ioextint.o
      2124        156          0        215         14      21466   lcd.o
      2268        806         67          8        512      12262   lcd_scroll.o
      2652       1250        134         48         80       4901   log.o
       160         20          0          0          0       1140   lpc17xx_clkpwr.o
       408         14          0          0          0       3729   lpc17xx_wdt.o
      4140       1694        313         16       1024       6058   main.o
      7040       2018        576         92      30928      26170   mmc_176x_ssp.o
      1092        366        228         92          0       3707   rain.o
       348         60          0          4          0       5855   rtc.o
       464         58          0          2          0       4111   softi2c.o
        64         26        204          0        512       1004   startup_lpc17xx.o
         0          0          0          0          0       2520   syscall.o
       296         16          0          4          0        807   system_lpc17xx.o
        76         16          0          8          0       1984   systick.o
      2478        158         32        892        480      11737   uart.o
       396         28      59806          0          0       2988   unicode.o
       320         34          0          9         36       4246   usb_176x_diskio.o
      2516        568          0         60          0      42314   usbhost_lpc17xx.o
      1482        206          0          8          0       9305   usbhost_ms.o

    ----------------------------------------------------------------------
     58760      14396      61984       1656      35632     404845   Object Totals
         0          0         48          0          0          0   (incl. Generated)
        50          0         15         12          2          0   (incl. Padding)

    ----------------------------------------------------------------------

      Code (inc. data)   RO Data    RW Data    ZI Data      Debug   Library Member Name

        44          6          0          0          0         84   __2sprintf.o
       100          0          0          0          0          0   __dclz77c.o
         8          0          0          0          0         68   __main.o
       312          4         17          0          0         92   __printf_flags_wp.o
        14          0          0          0          0         68   __printf_wp.o
         0          0          0          0          0          0   __rtentry.o
        12          0          0          0          0          0   __rtentry2.o
         6          0          0          0          0          0   __rtentry4.o
        52          8          0          0          0          0   __scatter.o
        28          0          0          0          0          0   __scatter_zi.o
         6          0          0          0          0          0   _printf_c.o
        44          0          0          0          0        108   _printf_char.o
        48          6          0          0          0         96   _printf_char_common.o
         6          0          0          0          0          0   _printf_d.o
       120         16          0          0          0         92   _printf_dec.o
         6          0          0          0          0          0   _printf_f.o
      1054          0          0          0          0        216   _printf_fp_dec.o
       128         16          0          0          0         84   _printf_fp_infnan.o
       178          0          0          0          0         88   _printf_intcommon.o
        78          0          0          0          0        108   _printf_pad.o
         0          0          0          0          0          0   _printf_percent.o
         4          0          0          0          0          0   _printf_percent_end.o
         6          0          0          0          0          0   _printf_s.o
        82          0          0          0          0         80   _printf_str.o
        22          0          0          0          0        100   _rserrno.o
        10          0          0          0          0         68   _sputc.o
       228          4        148          0          0         96   bigflt0.o
      1936        128          0          0          0        672   btod.o
        18          0          0          0          0         80   exit.o
         6          0          0          0          0        152   heapauxi.o
         0          0          0          0          0          0   indicate_semi.o
        44         10         28          0          0         76   lc_numeric_c.o
         2          0          0          0          0          0   libinit.o
        18          0          0          0          0          0   libinit2.o
         2          0          0          0          0          0   libshutdown.o
         2          0          0          0          0          0   libshutdown2.o
         8          4          0          0         96         68   libspace.o
       138          0          0          0          0         80   lludiv10.o
         8          4          0          0          0         68   rt_errno_addr_intlibspace.o
         8          4          0          0          0         68   rt_locale_intlibspace.o
        68          0          0          0          0         68   rt_memclr.o
        78          0          0          0          0         80   rt_memclr_w.o
       138          0          0          0          0         68   rt_memcpy_v6.o
       100          0          0          0          0         80   rt_memcpy_w.o
       132          0          0          0          0         68   rt_memmove_v6.o
       122          0          0          0          0         80   rt_memmove_w.o
         2          0          0          0          0          0   rtexit.o
        10          0          0          0          0          0   rtexit2.o
        20          0          0          0          0         68   strchr.o
       128          0          0          0          0         68   strcmpv7m.o
        72          0          0          0          0         80   strcpy.o
        32          0          0          0          0         80   strcspn.o
        62          0          0          0          0         76   strlen.o
       150          0          0          0          0         80   strncmp.o
        86          0          0          0          0         76   strncpy.o
        28          0          0          0          0         80   strspn.o
        36          0          0          0          0         80   strstr.o
        12          6          0          4          0         68   strtok.o
        68          4          0          0          0         84   strtok_int.o
        12          4          0          0          0         68   sys_exit.o
        74          0          0          0          0         80   sys_stackheap_outer.o
         2          0          0          0          0         68   use_no_semi.o
        98          4          0          0          0         92   d2f.o
       826         16          0          0          0        348   daddsub_clz.o
        16          4          0          0          0         68   dcheck1.o
        24          0          0          0          0         68   dcmpi.o
       688        140          0          0          0        208   ddiv.o
       120          4          0          0          0         92   deqf.o
        94          4          0          0          0         92   dfix.o
        90          4          0          0          0         92   dfixu.o
        84          0          0          0          0        136   dflt_clz.o
       120          4          0          0          0         92   dleqf.o
       340         12          0          0          0        104   dmul.o
       156          4          0          0          0         92   dnaninf.o
        12          0          0          0          0         68   dretinf.o
       108          0          0          0          0         80   drleqf.o
       460         56          0          0          0        120   dsqrt_noumaal.o
        86          4          0          0          0         84   f2d.o
       450          8          0          0          0        236   faddsub_clz.o
        24          0          0          0          0         68   fcmpi.o
       388         76          0          0          0         96   fdiv.o
       104          4          0          0          0         84   feqf.o
        54          4          0          0          0         84   ffix.o
        62          4          0          0          0         84   ffixu.o
        86          0          0          0          0        136   fflt_clz.o
       104          4          0          0          0         84   fleqf.o
       258          4          0          0          0         84   fmul.o
       140          4          0          0          0         84   fnaninf.o
        10          0          0          0          0         68   fretinf.o
        98          0          0          0          0         68   frleqf.o
         4          0          0          0          0         68   printf1.o
       100          0          0          0          0         68   retnan.o
        92          0          0          0          0         68   scalbn.o
        48          0          0          0          0         68   trapv.o
         0          0          0          0          0          0   usenofp.o
        62         10          0          0          0        340   dunder.o
        40          0          0          0          0         68   fpclassify.o
       170          0          0          0          0         96   poly.o
      2520        190        136          0          0        324   pow.o
         0          0          8          0          0          0   qnan.o
        76          0          0          0          0         84   sqrt.o

    ----------------------------------------------------------------------
     14470        788        342          4        100       8408   Library Totals
        40          0          5          0          4          0   (incl. Padding)

    ----------------------------------------------------------------------

      Code (inc. data)   RO Data    RW Data    ZI Data      Debug   Library Name

      6218        224        193          4         96       4212   c_w.l
      5344        364          0          0          0       3284   fz_ws.l
      2868        200        144          0          0        912   m_ws.l

    ----------------------------------------------------------------------
     14470        788        342          4        100       8408   Library Totals

    ----------------------------------------------------------------------

==============================================================================


      Code (inc. data)   RO Data    RW Data    ZI Data      Debug   

     73230      15184      62326       1660      35732     392501   Grand Totals
     73230      15184      62326        724      35732     392501   ELF Image Totals (compressed)
     73230      15184      62326        724          0          0   ROM Totals

==============================================================================

    Total RO  Size (Code + RO Data)               135556 ( 132.38kB)
    Total RW  Size (RW Data + ZI Data)             37392 (  36.52kB)
    Total ROM Size (Code + RO Data + RW Data)     136280 ( 133.09kB)

==============================================================================

